[2022-04-09T13:01:46.135-0700][gc] Using G1
[2022-04-09T13:01:46.143-0700][gc,init] Version: 17.0.2+8 (release)
[2022-04-09T13:01:46.143-0700][gc,init] CPUs: 8 total, 8 available
[2022-04-09T13:01:46.143-0700][gc,init] Memory: 16384M
[2022-04-09T13:01:46.143-0700][gc,init] Large Page Support: Disabled
[2022-04-09T13:01:46.143-0700][gc,init] NUMA Support: Disabled
[2022-04-09T13:01:46.143-0700][gc,init] Compressed Oops: Enabled (Zero based)
[2022-04-09T13:01:46.143-0700][gc,init] Heap Region Size: 1M
[2022-04-09T13:01:46.143-0700][gc,init] Heap Min Capacity: 1G
[2022-04-09T13:01:46.143-0700][gc,init] Heap Initial Capacity: 1G
[2022-04-09T13:01:46.143-0700][gc,init] Heap Max Capacity: 1G
[2022-04-09T13:01:46.143-0700][gc,init] Pre-touch: Disabled
[2022-04-09T13:01:46.143-0700][gc,init] Parallel Workers: 8
[2022-04-09T13:01:46.143-0700][gc,init] Concurrent Workers: 2
[2022-04-09T13:01:46.143-0700][gc,init] Concurrent Refinement Workers: 8
[2022-04-09T13:01:46.143-0700][gc,init] Periodic GC: Disabled
[2022-04-09T13:01:46.143-0700][gc,metaspace] CDS archive(s) mapped at: [0x0000000800000000-0x0000000800bd2000-0x0000000800bd2000), size 12394496, SharedBaseAddress: 0x0000000800000000, ArchiveRelocationMode: 0.
[2022-04-09T13:01:46.143-0700][gc,metaspace] Compressed class space mapped at: 0x0000000800c00000-0x0000000840c00000, reserved size: 1073741824
[2022-04-09T13:01:46.143-0700][gc,metaspace] Narrow klass base: 0x0000000800000000, Narrow klass shift: 0, Narrow klass range: 0x100000000
[2022-04-09T13:01:53.103-0700][gc,start    ] GC(0) Pause Young (Normal) (G1 Evacuation Pause)
[2022-04-09T13:01:53.103-0700][gc,task     ] GC(0) Using 8 workers of 8 for evacuation
[2022-04-09T13:01:53.109-0700][gc,phases   ] GC(0)   Pre Evacuate Collection Set: 0.1ms
[2022-04-09T13:01:53.109-0700][gc,phases   ] GC(0)   Merge Heap Roots: 0.0ms
[2022-04-09T13:01:53.109-0700][gc,phases   ] GC(0)   Evacuate Collection Set: 5.0ms
[2022-04-09T13:01:53.109-0700][gc,phases   ] GC(0)   Post Evacuate Collection Set: 0.6ms
[2022-04-09T13:01:53.109-0700][gc,phases   ] GC(0)   Other: 0.5ms
[2022-04-09T13:01:53.109-0700][gc,heap     ] GC(0) Eden regions: 51->0(44)
[2022-04-09T13:01:53.109-0700][gc,heap     ] GC(0) Survivor regions: 0->7(7)
[2022-04-09T13:01:53.109-0700][gc,heap     ] GC(0) Old regions: 0->1
[2022-04-09T13:01:53.109-0700][gc,heap     ] GC(0) Archive regions: 2->2
[2022-04-09T13:01:53.109-0700][gc,heap     ] GC(0) Humongous regions: 0->0
[2022-04-09T13:01:53.109-0700][gc,metaspace] GC(0) Metaspace: 19104K(19264K)->19104K(19264K) NonClass: 16793K(16896K)->16793K(16896K) Class: 2311K(2368K)->2311K(2368K)
[2022-04-09T13:01:53.109-0700][gc          ] GC(0) Pause Young (Normal) (G1 Evacuation Pause) 51M->8M(1024M) 6.350ms
[2022-04-09T13:01:53.109-0700][gc,cpu      ] GC(0) User=0.02s Sys=0.01s Real=0.00s
[2022-04-09T13:01:53.320-0700][gc,start    ] GC(1) Pause Young (Concurrent Start) (Metadata GC Threshold)
[2022-04-09T13:01:53.320-0700][gc,task     ] GC(1) Using 8 workers of 8 for evacuation
[2022-04-09T13:01:53.327-0700][gc,phases   ] GC(1)   Pre Evacuate Collection Set: 0.1ms
[2022-04-09T13:01:53.327-0700][gc,phases   ] GC(1)   Merge Heap Roots: 0.1ms
[2022-04-09T13:01:53.327-0700][gc,phases   ] GC(1)   Evacuate Collection Set: 6.5ms
[2022-04-09T13:01:53.327-0700][gc,phases   ] GC(1)   Post Evacuate Collection Set: 0.3ms
[2022-04-09T13:01:53.327-0700][gc,phases   ] GC(1)   Other: 0.3ms
[2022-04-09T13:01:53.327-0700][gc,heap     ] GC(1) Eden regions: 9->0(50)
[2022-04-09T13:01:53.327-0700][gc,heap     ] GC(1) Survivor regions: 7->1(7)
[2022-04-09T13:01:53.327-0700][gc,heap     ] GC(1) Old regions: 1->8
[2022-04-09T13:01:53.327-0700][gc,heap     ] GC(1) Archive regions: 2->2
[2022-04-09T13:01:53.327-0700][gc,heap     ] GC(1) Humongous regions: 0->0
[2022-04-09T13:01:53.327-0700][gc,metaspace] GC(1) Metaspace: 21332K(21504K)->21332K(21504K) NonClass: 18739K(18816K)->18739K(18816K) Class: 2593K(2688K)->2593K(2688K)
[2022-04-09T13:01:53.327-0700][gc          ] GC(1) Pause Young (Concurrent Start) (Metadata GC Threshold) 17M->9M(1024M) 7.437ms
[2022-04-09T13:01:53.327-0700][gc,cpu      ] GC(1) User=0.02s Sys=0.01s Real=0.00s
[2022-04-09T13:01:53.327-0700][gc          ] GC(2) Concurrent Mark Cycle
[2022-04-09T13:01:53.327-0700][gc,marking  ] GC(2) Concurrent Clear Claimed Marks
[2022-04-09T13:01:53.327-0700][gc,marking  ] GC(2) Concurrent Clear Claimed Marks 0.018ms
[2022-04-09T13:01:53.327-0700][gc,marking  ] GC(2) Concurrent Scan Root Regions
[2022-04-09T13:01:53.331-0700][gc,marking  ] GC(2) Concurrent Scan Root Regions 3.209ms
[2022-04-09T13:01:53.331-0700][gc,marking  ] GC(2) Concurrent Mark
[2022-04-09T13:01:53.331-0700][gc,marking  ] GC(2) Concurrent Mark From Roots
[2022-04-09T13:01:53.331-0700][gc,task     ] GC(2) Using 2 workers of 2 for marking
[2022-04-09T13:01:53.332-0700][gc,marking  ] GC(2) Concurrent Mark From Roots 1.758ms
[2022-04-09T13:01:53.332-0700][gc,marking  ] GC(2) Concurrent Preclean
[2022-04-09T13:01:53.333-0700][gc,marking  ] GC(2) Concurrent Preclean 0.040ms
[2022-04-09T13:01:53.333-0700][gc,start    ] GC(2) Pause Remark
[2022-04-09T13:01:53.334-0700][gc          ] GC(2) Pause Remark 9M->9M(1024M) 1.460ms
[2022-04-09T13:01:53.334-0700][gc,cpu      ] GC(2) User=0.00s Sys=0.00s Real=0.00s
[2022-04-09T13:01:53.334-0700][gc,marking  ] GC(2) Concurrent Mark 3.557ms
[2022-04-09T13:01:53.334-0700][gc,marking  ] GC(2) Concurrent Rebuild Remembered Sets
[2022-04-09T13:01:53.337-0700][gc,marking  ] GC(2) Concurrent Rebuild Remembered Sets 2.368ms
[2022-04-09T13:01:53.337-0700][gc,start    ] GC(2) Pause Cleanup
[2022-04-09T13:01:53.337-0700][gc          ] GC(2) Pause Cleanup 9M->9M(1024M) 0.178ms
[2022-04-09T13:01:53.337-0700][gc,cpu      ] GC(2) User=0.00s Sys=0.00s Real=0.00s
[2022-04-09T13:01:53.337-0700][gc,marking  ] GC(2) Concurrent Cleanup for Next Mark
[2022-04-09T13:01:53.344-0700][gc,marking  ] GC(2) Concurrent Cleanup for Next Mark 6.582ms
[2022-04-09T13:01:53.344-0700][gc          ] GC(2) Concurrent Mark Cycle 16.728ms
[2022-04-09T13:01:54.366-0700][gc,start    ] GC(3) Pause Young (Normal) (G1 Evacuation Pause)
[2022-04-09T13:01:54.366-0700][gc,task     ] GC(3) Using 8 workers of 8 for evacuation
[2022-04-09T13:01:54.370-0700][gc,phases   ] GC(3)   Pre Evacuate Collection Set: 0.1ms
[2022-04-09T13:01:54.370-0700][gc,phases   ] GC(3)   Merge Heap Roots: 0.1ms
[2022-04-09T13:01:54.370-0700][gc,phases   ] GC(3)   Evacuate Collection Set: 3.2ms
[2022-04-09T13:01:54.370-0700][gc,phases   ] GC(3)   Post Evacuate Collection Set: 0.4ms
[2022-04-09T13:01:54.370-0700][gc,phases   ] GC(3)   Other: 0.1ms
[2022-04-09T13:01:54.370-0700][gc,heap     ] GC(3) Eden regions: 50->0(45)
[2022-04-09T13:01:54.370-0700][gc,heap     ] GC(3) Survivor regions: 1->6(7)
[2022-04-09T13:01:54.370-0700][gc,heap     ] GC(3) Old regions: 8->8
[2022-04-09T13:01:54.370-0700][gc,heap     ] GC(3) Archive regions: 2->2
[2022-04-09T13:01:54.370-0700][gc,heap     ] GC(3) Humongous regions: 129->129
[2022-04-09T13:01:54.370-0700][gc,metaspace] GC(3) Metaspace: 32948K(33280K)->32948K(33280K) NonClass: 29177K(29376K)->29177K(29376K) Class: 3771K(3904K)->3771K(3904K)
[2022-04-09T13:01:54.370-0700][gc          ] GC(3) Pause Young (Normal) (G1 Evacuation Pause) 188M->142M(1024M) 4.102ms
[2022-04-09T13:01:54.370-0700][gc,cpu      ] GC(3) User=0.02s Sys=0.00s Real=0.01s
[2022-04-09T13:01:54.515-0700][gc,start    ] GC(4) Pause Young (Concurrent Start) (Metadata GC Threshold)
[2022-04-09T13:01:54.515-0700][gc,task     ] GC(4) Using 8 workers of 8 for evacuation
[2022-04-09T13:01:54.522-0700][gc,phases   ] GC(4)   Pre Evacuate Collection Set: 0.1ms
[2022-04-09T13:01:54.522-0700][gc,phases   ] GC(4)   Merge Heap Roots: 0.1ms
[2022-04-09T13:01:54.522-0700][gc,phases   ] GC(4)   Evacuate Collection Set: 6.1ms
[2022-04-09T13:01:54.522-0700][gc,phases   ] GC(4)   Post Evacuate Collection Set: 0.8ms
[2022-04-09T13:01:54.522-0700][gc,phases   ] GC(4)   Other: 0.2ms
[2022-04-09T13:01:54.522-0700][gc,heap     ] GC(4) Eden regions: 13->0(49)
[2022-04-09T13:01:54.522-0700][gc,heap     ] GC(4) Survivor regions: 6->2(7)
[2022-04-09T13:01:54.522-0700][gc,heap     ] GC(4) Old regions: 8->13
[2022-04-09T13:01:54.522-0700][gc,heap     ] GC(4) Archive regions: 2->2
[2022-04-09T13:01:54.522-0700][gc,heap     ] GC(4) Humongous regions: 129->129
[2022-04-09T13:01:54.522-0700][gc,metaspace] GC(4) Metaspace: 35815K(36160K)->35815K(36160K) NonClass: 31618K(31808K)->31618K(31808K) Class: 4196K(4352K)->4196K(4352K)
[2022-04-09T13:01:54.522-0700][gc          ] GC(4) Pause Young (Concurrent Start) (Metadata GC Threshold) 155M->143M(1024M) 7.445ms
[2022-04-09T13:01:54.522-0700][gc,cpu      ] GC(4) User=0.03s Sys=0.00s Real=0.01s
[2022-04-09T13:01:54.522-0700][gc          ] GC(5) Concurrent Mark Cycle
[2022-04-09T13:01:54.522-0700][gc,marking  ] GC(5) Concurrent Clear Claimed Marks
[2022-04-09T13:01:54.522-0700][gc,marking  ] GC(5) Concurrent Clear Claimed Marks 0.032ms
[2022-04-09T13:01:54.522-0700][gc,marking  ] GC(5) Concurrent Scan Root Regions
[2022-04-09T13:01:54.526-0700][gc,marking  ] GC(5) Concurrent Scan Root Regions 3.562ms
[2022-04-09T13:01:54.526-0700][gc,marking  ] GC(5) Concurrent Mark
[2022-04-09T13:01:54.526-0700][gc,marking  ] GC(5) Concurrent Mark From Roots
[2022-04-09T13:01:54.526-0700][gc,task     ] GC(5) Using 2 workers of 2 for marking
[2022-04-09T13:01:54.534-0700][gc,marking  ] GC(5) Concurrent Mark From Roots 7.944ms
[2022-04-09T13:01:54.534-0700][gc,marking  ] GC(5) Concurrent Preclean
[2022-04-09T13:01:54.534-0700][gc,marking  ] GC(5) Concurrent Preclean 0.114ms
[2022-04-09T13:01:54.534-0700][gc,start    ] GC(5) Pause Remark
[2022-04-09T13:01:54.536-0700][gc          ] GC(5) Pause Remark 144M->144M(1024M) 1.276ms
[2022-04-09T13:01:54.536-0700][gc,cpu      ] GC(5) User=0.01s Sys=0.00s Real=0.00s
[2022-04-09T13:01:54.536-0700][gc,marking  ] GC(5) Concurrent Mark 9.795ms
[2022-04-09T13:01:54.536-0700][gc,marking  ] GC(5) Concurrent Rebuild Remembered Sets
[2022-04-09T13:01:54.542-0700][gc,marking  ] GC(5) Concurrent Rebuild Remembered Sets 6.054ms
[2022-04-09T13:01:54.542-0700][gc,start    ] GC(5) Pause Cleanup
[2022-04-09T13:01:54.542-0700][gc          ] GC(5) Pause Cleanup 144M->144M(1024M) 0.185ms
[2022-04-09T13:01:54.542-0700][gc,cpu      ] GC(5) User=0.00s Sys=0.00s Real=0.00s
[2022-04-09T13:01:54.542-0700][gc,marking  ] GC(5) Concurrent Cleanup for Next Mark
[2022-04-09T13:01:54.552-0700][gc,marking  ] GC(5) Concurrent Cleanup for Next Mark 10.034ms
[2022-04-09T13:01:54.552-0700][gc          ] GC(5) Concurrent Mark Cycle 30.090ms
[2022-04-09T13:05:15.318-0700][gc,start    ] GC(6) Pause Young (Prepare Mixed) (G1 Evacuation Pause)
[2022-04-09T13:05:15.323-0700][gc,task     ] GC(6) Using 8 workers of 8 for evacuation
[2022-04-09T13:05:15.328-0700][gc,phases   ] GC(6)   Pre Evacuate Collection Set: 0.2ms
[2022-04-09T13:05:15.328-0700][gc,phases   ] GC(6)   Merge Heap Roots: 0.1ms
[2022-04-09T13:05:15.328-0700][gc,phases   ] GC(6)   Evacuate Collection Set: 4.0ms
[2022-04-09T13:05:15.328-0700][gc,phases   ] GC(6)   Post Evacuate Collection Set: 0.6ms
[2022-04-09T13:05:15.328-0700][gc,phases   ] GC(6)   Other: 5.5ms
[2022-04-09T13:05:15.328-0700][gc,heap     ] GC(6) Eden regions: 49->0(46)
[2022-04-09T13:05:15.328-0700][gc,heap     ] GC(6) Survivor regions: 2->5(7)
[2022-04-09T13:05:15.328-0700][gc,heap     ] GC(6) Old regions: 13->13
[2022-04-09T13:05:15.328-0700][gc,heap     ] GC(6) Archive regions: 2->2
[2022-04-09T13:05:15.328-0700][gc,heap     ] GC(6) Humongous regions: 129->129
[2022-04-09T13:05:15.328-0700][gc,metaspace] GC(6) Metaspace: 39532K(40128K)->39532K(40128K) NonClass: 34751K(35072K)->34751K(35072K) Class: 4780K(5056K)->4780K(5056K)
[2022-04-09T13:05:15.328-0700][gc          ] GC(6) Pause Young (Prepare Mixed) (G1 Evacuation Pause) 192M->146M(1024M) 10.514ms
[2022-04-09T13:05:15.328-0700][gc,cpu      ] GC(6) User=0.03s Sys=0.01s Real=0.01s
[2022-04-09T13:08:57.647-0700][gc,start    ] GC(7) Pause Young (Mixed) (G1 Evacuation Pause)
[2022-04-09T13:08:57.647-0700][gc,task     ] GC(7) Using 8 workers of 8 for evacuation
[2022-04-09T13:08:57.653-0700][gc,phases   ] GC(7)   Pre Evacuate Collection Set: 0.2ms
[2022-04-09T13:08:57.653-0700][gc,phases   ] GC(7)   Merge Heap Roots: 0.1ms
[2022-04-09T13:08:57.653-0700][gc,phases   ] GC(7)   Evacuate Collection Set: 5.0ms
[2022-04-09T13:08:57.653-0700][gc,phases   ] GC(7)   Post Evacuate Collection Set: 0.6ms
[2022-04-09T13:08:57.653-0700][gc,phases   ] GC(7)   Other: 0.6ms
[2022-04-09T13:08:57.653-0700][gc,heap     ] GC(7) Eden regions: 46->0(47)
[2022-04-09T13:08:57.653-0700][gc,heap     ] GC(7) Survivor regions: 5->4(7)
[2022-04-09T13:08:57.653-0700][gc,heap     ] GC(7) Old regions: 13->13
[2022-04-09T13:08:57.653-0700][gc,heap     ] GC(7) Archive regions: 2->2
[2022-04-09T13:08:57.653-0700][gc,heap     ] GC(7) Humongous regions: 129->129
[2022-04-09T13:08:57.653-0700][gc,metaspace] GC(7) Metaspace: 39597K(40192K)->39597K(40192K) NonClass: 34816K(35136K)->34816K(35136K) Class: 4780K(5056K)->4780K(5056K)
[2022-04-09T13:08:57.653-0700][gc          ] GC(7) Pause Young (Mixed) (G1 Evacuation Pause) 192M->146M(1024M) 6.746ms
[2022-04-09T13:08:57.653-0700][gc,cpu      ] GC(7) User=0.03s Sys=0.00s Real=0.01s
[2022-04-09T13:10:53.890-0700][gc,start    ] GC(8) Pause Young (Normal) (G1 Evacuation Pause)
[2022-04-09T13:10:53.890-0700][gc,task     ] GC(8) Using 8 workers of 8 for evacuation
[2022-04-09T13:10:53.894-0700][gc,phases   ] GC(8)   Pre Evacuate Collection Set: 0.3ms
[2022-04-09T13:10:53.894-0700][gc,phases   ] GC(8)   Merge Heap Roots: 0.1ms
[2022-04-09T13:10:53.895-0700][gc,phases   ] GC(8)   Evacuate Collection Set: 3.4ms
[2022-04-09T13:10:53.895-0700][gc,phases   ] GC(8)   Post Evacuate Collection Set: 0.5ms
[2022-04-09T13:10:53.895-0700][gc,phases   ] GC(8)   Other: 0.2ms
[2022-04-09T13:10:53.895-0700][gc,heap     ] GC(8) Eden regions: 47->0(47)
[2022-04-09T13:10:53.895-0700][gc,heap     ] GC(8) Survivor regions: 4->4(7)
[2022-04-09T13:10:53.895-0700][gc,heap     ] GC(8) Old regions: 13->13
[2022-04-09T13:10:53.895-0700][gc,heap     ] GC(8) Archive regions: 2->2
[2022-04-09T13:10:53.895-0700][gc,heap     ] GC(8) Humongous regions: 129->129
[2022-04-09T13:10:53.895-0700][gc,metaspace] GC(8) Metaspace: 39642K(40192K)->39642K(40192K) NonClass: 34861K(35136K)->34861K(35136K) Class: 4780K(5056K)->4780K(5056K)
[2022-04-09T13:10:53.895-0700][gc          ] GC(8) Pause Young (Normal) (G1 Evacuation Pause) 193M->146M(1024M) 4.731ms
[2022-04-09T13:10:53.895-0700][gc,cpu      ] GC(8) User=0.03s Sys=0.00s Real=0.00s
[2022-04-09T13:13:14.287-0700][gc,start    ] GC(9) Pause Young (Normal) (G1 Evacuation Pause)
[2022-04-09T13:13:14.292-0700][gc,task     ] GC(9) Using 8 workers of 8 for evacuation
[2022-04-09T13:13:14.297-0700][gc,phases   ] GC(9)   Pre Evacuate Collection Set: 0.2ms
[2022-04-09T13:13:14.297-0700][gc,phases   ] GC(9)   Merge Heap Roots: 0.1ms
[2022-04-09T13:13:14.297-0700][gc,phases   ] GC(9)   Evacuate Collection Set: 3.3ms
[2022-04-09T13:13:14.297-0700][gc,phases   ] GC(9)   Post Evacuate Collection Set: 0.4ms
[2022-04-09T13:13:14.297-0700][gc,phases   ] GC(9)   Other: 5.7ms
[2022-04-09T13:13:14.297-0700][gc,heap     ] GC(9) Eden regions: 47->0(75)
[2022-04-09T13:13:14.297-0700][gc,heap     ] GC(9) Survivor regions: 4->3(7)
[2022-04-09T13:13:14.297-0700][gc,heap     ] GC(9) Old regions: 13->14
[2022-04-09T13:13:14.297-0700][gc,heap     ] GC(9) Archive regions: 2->2
[2022-04-09T13:13:14.297-0700][gc,heap     ] GC(9) Humongous regions: 129->129
[2022-04-09T13:13:14.297-0700][gc,metaspace] GC(9) Metaspace: 39729K(40320K)->39729K(40320K) NonClass: 34947K(35264K)->34947K(35264K) Class: 4781K(5056K)->4781K(5056K)
[2022-04-09T13:13:14.297-0700][gc          ] GC(9) Pause Young (Normal) (G1 Evacuation Pause) 193M->146M(1024M) 9.879ms
[2022-04-09T13:13:14.297-0700][gc,cpu      ] GC(9) User=0.02s Sys=0.01s Real=0.01s
[2022-04-09T13:16:36.233-0700][gc,start    ] GC(10) Pause Young (Normal) (G1 Evacuation Pause)
[2022-04-09T13:16:36.234-0700][gc,task     ] GC(10) Using 8 workers of 8 for evacuation
[2022-04-09T13:16:36.239-0700][gc,phases   ] GC(10)   Pre Evacuate Collection Set: 0.2ms
[2022-04-09T13:16:36.239-0700][gc,phases   ] GC(10)   Merge Heap Roots: 0.1ms
[2022-04-09T13:16:36.239-0700][gc,phases   ] GC(10)   Evacuate Collection Set: 4.9ms
[2022-04-09T13:16:36.239-0700][gc,phases   ] GC(10)   Post Evacuate Collection Set: 0.4ms
[2022-04-09T13:16:36.239-0700][gc,phases   ] GC(10)   Other: 0.5ms
[2022-04-09T13:16:36.239-0700][gc,heap     ] GC(10) Eden regions: 75->0(109)
[2022-04-09T13:16:36.239-0700][gc,heap     ] GC(10) Survivor regions: 3->4(10)
[2022-04-09T13:16:36.240-0700][gc,heap     ] GC(10) Old regions: 14->14
[2022-04-09T13:16:36.240-0700][gc,heap     ] GC(10) Archive regions: 2->2
[2022-04-09T13:16:36.240-0700][gc,heap     ] GC(10) Humongous regions: 129->129
[2022-04-09T13:16:36.240-0700][gc,metaspace] GC(10) Metaspace: 39814K(40384K)->39814K(40384K) NonClass: 35033K(35328K)->35033K(35328K) Class: 4781K(5056K)->4781K(5056K)
[2022-04-09T13:16:36.240-0700][gc          ] GC(10) Pause Young (Normal) (G1 Evacuation Pause) 221M->147M(1024M) 6.382ms
[2022-04-09T13:16:36.240-0700][gc,cpu      ] GC(10) User=0.02s Sys=0.01s Real=0.01s
[2022-04-09T13:21:18.710-0700][gc,start    ] GC(11) Pause Young (Normal) (G1 Evacuation Pause)
[2022-04-09T13:21:18.711-0700][gc,task     ] GC(11) Using 8 workers of 8 for evacuation
[2022-04-09T13:21:18.721-0700][gc,phases   ] GC(11)   Pre Evacuate Collection Set: 0.1ms
[2022-04-09T13:21:18.721-0700][gc,phases   ] GC(11)   Merge Heap Roots: 0.1ms
[2022-04-09T13:21:18.721-0700][gc,phases   ] GC(11)   Evacuate Collection Set: 6.1ms
[2022-04-09T13:21:18.721-0700][gc,phases   ] GC(11)   Post Evacuate Collection Set: 0.3ms
[2022-04-09T13:21:18.721-0700][gc,phases   ] GC(11)   Other: 4.0ms
[2022-04-09T13:21:18.721-0700][gc,heap     ] GC(11) Eden regions: 109->0(112)
[2022-04-09T13:21:18.721-0700][gc,heap     ] GC(11) Survivor regions: 4->6(15)
[2022-04-09T13:21:18.721-0700][gc,heap     ] GC(11) Old regions: 14->14
[2022-04-09T13:21:18.721-0700][gc,heap     ] GC(11) Archive regions: 2->2
[2022-04-09T13:21:18.721-0700][gc,heap     ] GC(11) Humongous regions: 129->129
[2022-04-09T13:21:18.721-0700][gc,metaspace] GC(11) Metaspace: 39934K(40512K)->39934K(40512K) NonClass: 35152K(35456K)->35152K(35456K) Class: 4781K(5056K)->4781K(5056K)
[2022-04-09T13:21:18.721-0700][gc          ] GC(11) Pause Young (Normal) (G1 Evacuation Pause) 256M->149M(1024M) 10.779ms
[2022-04-09T13:21:18.721-0700][gc,cpu      ] GC(11) User=0.03s Sys=0.01s Real=0.01s
[2022-04-09T13:27:06.224-0700][gc,start    ] GC(12) Pause Young (Normal) (G1 Evacuation Pause)
[2022-04-09T13:27:06.229-0700][gc,task     ] GC(12) Using 8 workers of 8 for evacuation
[2022-04-09T13:27:06.238-0700][gc,phases   ] GC(12)   Pre Evacuate Collection Set: 0.2ms
[2022-04-09T13:27:06.238-0700][gc,phases   ] GC(12)   Merge Heap Roots: 0.1ms
[2022-04-09T13:27:06.238-0700][gc,phases   ] GC(12)   Evacuate Collection Set: 7.5ms
[2022-04-09T13:27:06.238-0700][gc,phases   ] GC(12)   Post Evacuate Collection Set: 0.3ms
[2022-04-09T13:27:06.238-0700][gc,phases   ] GC(12)   Other: 5.8ms
[2022-04-09T13:27:06.238-0700][gc,heap     ] GC(12) Eden regions: 112->0(121)
[2022-04-09T13:27:06.238-0700][gc,heap     ] GC(12) Survivor regions: 6->9(15)
[2022-04-09T13:27:06.238-0700][gc,heap     ] GC(12) Old regions: 14->14
[2022-04-09T13:27:06.238-0700][gc,heap     ] GC(12) Archive regions: 2->2
[2022-04-09T13:27:06.238-0700][gc,heap     ] GC(12) Humongous regions: 129->129
[2022-04-09T13:27:06.238-0700][gc,metaspace] GC(12) Metaspace: 39958K(40512K)->39958K(40512K) NonClass: 35176K(35456K)->35176K(35456K) Class: 4781K(5056K)->4781K(5056K)
[2022-04-09T13:27:06.238-0700][gc          ] GC(12) Pause Young (Normal) (G1 Evacuation Pause) 261M->152M(1024M) 14.210ms
[2022-04-09T13:27:06.238-0700][gc,cpu      ] GC(12) User=0.05s Sys=0.01s Real=0.01s
[2022-04-09T13:34:15.544-0700][gc,start    ] GC(13) Pause Young (Normal) (G1 Evacuation Pause)
[2022-04-09T13:34:15.550-0700][gc,task     ] GC(13) Using 8 workers of 8 for evacuation
[2022-04-09T13:34:15.565-0700][gc,phases   ] GC(13)   Pre Evacuate Collection Set: 0.2ms
[2022-04-09T13:34:15.565-0700][gc,phases   ] GC(13)   Merge Heap Roots: 0.1ms
[2022-04-09T13:34:15.565-0700][gc,phases   ] GC(13)   Evacuate Collection Set: 13.8ms
[2022-04-09T13:34:15.565-0700][gc,phases   ] GC(13)   Post Evacuate Collection Set: 0.4ms
[2022-04-09T13:34:15.565-0700][gc,phases   ] GC(13)   Other: 5.9ms
[2022-04-09T13:34:15.565-0700][gc,heap     ] GC(13) Eden regions: 121->0(95)
[2022-04-09T13:34:15.565-0700][gc,heap     ] GC(13) Survivor regions: 9->15(17)
[2022-04-09T13:34:15.565-0700][gc,heap     ] GC(13) Old regions: 14->15
[2022-04-09T13:34:15.565-0700][gc,heap     ] GC(13) Archive regions: 2->2
[2022-04-09T13:34:15.565-0700][gc,heap     ] GC(13) Humongous regions: 129->129
[2022-04-09T13:34:15.565-0700][gc,metaspace] GC(13) Metaspace: 40031K(40640K)->40031K(40640K) NonClass: 35249K(35584K)->35249K(35584K) Class: 4781K(5056K)->4781K(5056K)
[2022-04-09T13:34:15.565-0700][gc          ] GC(13) Pause Young (Normal) (G1 Evacuation Pause) 273M->158M(1024M) 20.523ms
[2022-04-09T13:34:15.565-0700][gc,cpu      ] GC(13) User=0.08s Sys=0.01s Real=0.02s
[2022-04-09T13:39:07.447-0700][gc,start    ] GC(14) Pause Young (Normal) (G1 Evacuation Pause)
[2022-04-09T13:39:07.453-0700][gc,task     ] GC(14) Using 8 workers of 8 for evacuation
[2022-04-09T13:39:07.470-0700][gc,phases   ] GC(14)   Pre Evacuate Collection Set: 0.2ms
[2022-04-09T13:39:07.470-0700][gc,phases   ] GC(14)   Merge Heap Roots: 0.1ms
[2022-04-09T13:39:07.470-0700][gc,phases   ] GC(14)   Evacuate Collection Set: 16.5ms
[2022-04-09T13:39:07.470-0700][gc,phases   ] GC(14)   Post Evacuate Collection Set: 0.5ms
[2022-04-09T13:39:07.470-0700][gc,phases   ] GC(14)   Other: 5.5ms
[2022-04-09T13:39:07.470-0700][gc,heap     ] GC(14) Eden regions: 95->0(99)
[2022-04-09T13:39:07.470-0700][gc,heap     ] GC(14) Survivor regions: 15->10(14)
[2022-04-09T13:39:07.470-0700][gc,heap     ] GC(14) Old regions: 15->22
[2022-04-09T13:39:07.470-0700][gc,heap     ] GC(14) Archive regions: 2->2
[2022-04-09T13:39:07.470-0700][gc,heap     ] GC(14) Humongous regions: 129->129
[2022-04-09T13:39:07.470-0700][gc,metaspace] GC(14) Metaspace: 40060K(40640K)->40060K(40640K) NonClass: 35278K(35584K)->35278K(35584K) Class: 4781K(5056K)->4781K(5056K)
[2022-04-09T13:39:07.470-0700][gc          ] GC(14) Pause Young (Normal) (G1 Evacuation Pause) 253M->160M(1024M) 22.984ms
[2022-04-09T13:39:07.470-0700][gc,cpu      ] GC(14) User=0.08s Sys=0.01s Real=0.03s
[2022-04-09T13:50:14.433-0700][gc,start    ] GC(15) Pause Young (Normal) (G1 Evacuation Pause)
[2022-04-09T13:50:14.438-0700][gc,task     ] GC(15) Using 8 workers of 8 for evacuation
[2022-04-09T13:50:14.449-0700][gc,phases   ] GC(15)   Pre Evacuate Collection Set: 0.1ms
[2022-04-09T13:50:14.449-0700][gc,phases   ] GC(15)   Merge Heap Roots: 0.1ms
[2022-04-09T13:50:14.449-0700][gc,phases   ] GC(15)   Evacuate Collection Set: 9.8ms
[2022-04-09T13:50:14.449-0700][gc,phases   ] GC(15)   Post Evacuate Collection Set: 0.3ms
[2022-04-09T13:50:14.449-0700][gc,phases   ] GC(15)   Other: 5.4ms
[2022-04-09T13:50:14.449-0700][gc,heap     ] GC(15) Eden regions: 99->0(137)
[2022-04-09T13:50:14.449-0700][gc,heap     ] GC(15) Survivor regions: 10->9(14)
[2022-04-09T13:50:14.449-0700][gc,heap     ] GC(15) Old regions: 22->26
[2022-04-09T13:50:14.449-0700][gc,heap     ] GC(15) Archive regions: 2->2
[2022-04-09T13:50:14.449-0700][gc,heap     ] GC(15) Humongous regions: 129->129
[2022-04-09T13:50:14.449-0700][gc,metaspace] GC(15) Metaspace: 40137K(40704K)->40137K(40704K) NonClass: 35355K(35648K)->35355K(35648K) Class: 4781K(5056K)->4781K(5056K)
[2022-04-09T13:50:14.449-0700][gc          ] GC(15) Pause Young (Normal) (G1 Evacuation Pause) 259M->164M(1024M) 15.855ms
[2022-04-09T13:50:14.449-0700][gc,cpu      ] GC(15) User=0.05s Sys=0.00s Real=0.01s
[2022-04-09T14:05:44.249-0700][gc,start    ] GC(16) Pause Young (Normal) (G1 Evacuation Pause)
[2022-04-09T14:05:44.255-0700][gc,task     ] GC(16) Using 8 workers of 8 for evacuation
[2022-04-09T14:05:44.270-0700][gc,phases   ] GC(16)   Pre Evacuate Collection Set: 0.2ms
[2022-04-09T14:05:44.271-0700][gc,phases   ] GC(16)   Merge Heap Roots: 0.2ms
[2022-04-09T14:05:44.271-0700][gc,phases   ] GC(16)   Evacuate Collection Set: 14.5ms
[2022-04-09T14:05:44.271-0700][gc,phases   ] GC(16)   Post Evacuate Collection Set: 0.4ms
[2022-04-09T14:05:44.271-0700][gc,phases   ] GC(16)   Other: 5.8ms
[2022-04-09T14:05:44.271-0700][gc,heap     ] GC(16) Eden regions: 137->0(41)
[2022-04-09T14:05:44.271-0700][gc,heap     ] GC(16) Survivor regions: 9->15(19)
[2022-04-09T14:05:44.271-0700][gc,heap     ] GC(16) Old regions: 26->26
[2022-04-09T14:05:44.271-0700][gc,heap     ] GC(16) Archive regions: 2->2
[2022-04-09T14:05:44.271-0700][gc,heap     ] GC(16) Humongous regions: 129->129
[2022-04-09T14:05:44.271-0700][gc,metaspace] GC(16) Metaspace: 40243K(40768K)->40243K(40768K) NonClass: 35456K(35712K)->35456K(35712K) Class: 4786K(5056K)->4786K(5056K)
[2022-04-09T14:05:44.271-0700][gc          ] GC(16) Pause Young (Normal) (G1 Evacuation Pause) 301M->170M(1024M) 21.226ms
[2022-04-09T14:05:44.271-0700][gc,cpu      ] GC(16) User=0.08s Sys=0.01s Real=0.03s
[2022-04-09T14:10:29.093-0700][gc,start    ] GC(17) Pause Young (Normal) (G1 Evacuation Pause)
[2022-04-09T14:10:29.099-0700][gc,task     ] GC(17) Using 8 workers of 8 for evacuation
[2022-04-09T14:10:29.112-0700][gc,phases   ] GC(17)   Pre Evacuate Collection Set: 0.3ms
[2022-04-09T14:10:29.112-0700][gc,phases   ] GC(17)   Merge Heap Roots: 0.1ms
[2022-04-09T14:10:29.112-0700][gc,phases   ] GC(17)   Evacuate Collection Set: 11.9ms
[2022-04-09T14:10:29.112-0700][gc,phases   ] GC(17)   Post Evacuate Collection Set: 0.4ms
[2022-04-09T14:10:29.112-0700][gc,phases   ] GC(17)   Other: 5.8ms
[2022-04-09T14:10:29.112-0700][gc,heap     ] GC(17) Eden regions: 41->0(242)
[2022-04-09T14:10:29.112-0700][gc,heap     ] GC(17) Survivor regions: 15->4(7)
[2022-04-09T14:10:29.112-0700][gc,heap     ] GC(17) Old regions: 26->38
[2022-04-09T14:10:29.112-0700][gc,heap     ] GC(17) Archive regions: 2->2
[2022-04-09T14:10:29.112-0700][gc,heap     ] GC(17) Humongous regions: 129->129
[2022-04-09T14:10:29.112-0700][gc,metaspace] GC(17) Metaspace: 40249K(40768K)->40249K(40768K) NonClass: 35462K(35712K)->35462K(35712K) Class: 4786K(5056K)->4786K(5056K)
[2022-04-09T14:10:29.112-0700][gc          ] GC(17) Pause Young (Normal) (G1 Evacuation Pause) 211M->171M(1024M) 18.684ms
[2022-04-09T14:10:29.112-0700][gc,cpu      ] GC(17) User=0.07s Sys=0.01s Real=0.02s
[2022-04-09T14:32:46.443-0700][gc,start    ] GC(18) Pause Young (Normal) (G1 Evacuation Pause)
[2022-04-09T14:32:46.445-0700][gc,task     ] GC(18) Using 8 workers of 8 for evacuation
[2022-04-09T14:32:46.473-0700][gc,mmu      ] GC(18) MMU target violated: 21.0ms (20.0ms/21.0ms)
[2022-04-09T14:32:46.473-0700][gc,phases   ] GC(18)   Pre Evacuate Collection Set: 0.2ms
[2022-04-09T14:32:46.474-0700][gc,phases   ] GC(18)   Merge Heap Roots: 0.1ms
[2022-04-09T14:32:46.474-0700][gc,phases   ] GC(18)   Evacuate Collection Set: 27.1ms
[2022-04-09T14:32:46.474-0700][gc,phases   ] GC(18)   Post Evacuate Collection Set: 0.5ms
[2022-04-09T14:32:46.474-0700][gc,phases   ] GC(18)   Other: 2.5ms
[2022-04-09T14:32:46.474-0700][gc,heap     ] GC(18) Eden regions: 242->0(85)
[2022-04-09T14:32:46.474-0700][gc,heap     ] GC(18) Survivor regions: 4->24(31)
[2022-04-09T14:32:46.474-0700][gc,heap     ] GC(18) Old regions: 38->38
[2022-04-09T14:32:46.474-0700][gc,heap     ] GC(18) Archive regions: 2->2
[2022-04-09T14:32:46.474-0700][gc,heap     ] GC(18) Humongous regions: 129->129
[2022-04-09T14:32:46.474-0700][gc,metaspace] GC(18) Metaspace: 40271K(40896K)->40271K(40896K) NonClass: 35484K(35840K)->35484K(35840K) Class: 4786K(5056K)->4786K(5056K)
[2022-04-09T14:32:46.474-0700][gc          ] GC(18) Pause Young (Normal) (G1 Evacuation Pause) 413M->191M(1024M) 30.513ms
[2022-04-09T14:32:46.474-0700][gc,cpu      ] GC(18) User=0.13s Sys=0.03s Real=0.03s
[2022-04-09T14:36:38.505-0700][gc,start    ] GC(19) Pause Young (Normal) (G1 Evacuation Pause)
[2022-04-09T14:36:38.510-0700][gc,task     ] GC(19) Using 8 workers of 8 for evacuation
[2022-04-09T14:36:38.541-0700][gc,mmu      ] GC(19) MMU target violated: 21.0ms (20.0ms/21.0ms)
[2022-04-09T14:36:38.541-0700][gc,phases   ] GC(19)   Pre Evacuate Collection Set: 0.2ms
[2022-04-09T14:36:38.541-0700][gc,phases   ] GC(19)   Merge Heap Roots: 0.1ms
[2022-04-09T14:36:38.541-0700][gc,phases   ] GC(19)   Evacuate Collection Set: 30.0ms
[2022-04-09T14:36:38.541-0700][gc,phases   ] GC(19)   Post Evacuate Collection Set: 0.4ms
[2022-04-09T14:36:38.541-0700][gc,phases   ] GC(19)   Other: 5.7ms
[2022-04-09T14:36:38.541-0700][gc,heap     ] GC(19) Eden regions: 85->0(125)
[2022-04-09T14:36:38.541-0700][gc,heap     ] GC(19) Survivor regions: 24->9(14)
[2022-04-09T14:36:38.541-0700][gc,heap     ] GC(19) Old regions: 38->61
[2022-04-09T14:36:38.541-0700][gc,heap     ] GC(19) Archive regions: 2->2
[2022-04-09T14:36:38.541-0700][gc,heap     ] GC(19) Humongous regions: 129->129
[2022-04-09T14:36:38.541-0700][gc,metaspace] GC(19) Metaspace: 40308K(40896K)->40308K(40896K) NonClass: 35522K(35840K)->35522K(35840K) Class: 4786K(5056K)->4786K(5056K)
[2022-04-09T14:36:38.541-0700][gc          ] GC(19) Pause Young (Normal) (G1 Evacuation Pause) 276M->198M(1024M) 36.463ms
[2022-04-09T14:36:38.541-0700][gc,cpu      ] GC(19) User=0.11s Sys=0.02s Real=0.04s
[2022-04-09T14:42:22.775-0700][gc,start    ] GC(20) Pause Young (Normal) (G1 Evacuation Pause)
[2022-04-09T14:42:22.778-0700][gc,task     ] GC(20) Using 8 workers of 8 for evacuation
[2022-04-09T14:42:22.789-0700][gc,phases   ] GC(20)   Pre Evacuate Collection Set: 0.2ms
[2022-04-09T14:42:22.789-0700][gc,phases   ] GC(20)   Merge Heap Roots: 0.1ms
[2022-04-09T14:42:22.789-0700][gc,phases   ] GC(20)   Evacuate Collection Set: 10.0ms
[2022-04-09T14:42:22.789-0700][gc,phases   ] GC(20)   Post Evacuate Collection Set: 0.4ms
[2022-04-09T14:42:22.789-0700][gc,phases   ] GC(20)   Other: 3.1ms
[2022-04-09T14:42:22.789-0700][gc,heap     ] GC(20) Eden regions: 125->0(96)
[2022-04-09T14:42:22.789-0700][gc,heap     ] GC(20) Survivor regions: 9->14(17)
[2022-04-09T14:42:22.789-0700][gc,heap     ] GC(20) Old regions: 61->61
[2022-04-09T14:42:22.789-0700][gc,heap     ] GC(20) Archive regions: 2->2
[2022-04-09T14:42:22.789-0700][gc,heap     ] GC(20) Humongous regions: 129->129
[2022-04-09T14:42:22.789-0700][gc,metaspace] GC(20) Metaspace: 40347K(40896K)->40347K(40896K) NonClass: 35560K(35840K)->35560K(35840K) Class: 4786K(5056K)->4786K(5056K)
[2022-04-09T14:42:22.789-0700][gc          ] GC(20) Pause Young (Normal) (G1 Evacuation Pause) 323M->204M(1024M) 13.842ms
[2022-04-09T14:42:22.789-0700][gc,cpu      ] GC(20) User=0.08s Sys=0.00s Real=0.01s
[2022-04-09T14:46:26.301-0700][gc,start    ] GC(21) Pause Young (Normal) (G1 Evacuation Pause)
[2022-04-09T14:46:26.301-0700][gc,task     ] GC(21) Using 8 workers of 8 for evacuation
[2022-04-09T14:46:26.318-0700][gc,phases   ] GC(21)   Pre Evacuate Collection Set: 0.3ms
[2022-04-09T14:46:26.318-0700][gc,phases   ] GC(21)   Merge Heap Roots: 0.1ms
[2022-04-09T14:46:26.318-0700][gc,phases   ] GC(21)   Evacuate Collection Set: 15.7ms
[2022-04-09T14:46:26.318-0700][gc,phases   ] GC(21)   Post Evacuate Collection Set: 0.4ms
[2022-04-09T14:46:26.318-0700][gc,phases   ] GC(21)   Other: 0.8ms
[2022-04-09T14:46:26.318-0700][gc,heap     ] GC(21) Eden regions: 95->0(155)
[2022-04-09T14:46:26.318-0700][gc,heap     ] GC(21) Survivor regions: 14->7(14)
[2022-04-09T14:46:26.318-0700][gc,heap     ] GC(21) Old regions: 61->74
[2022-04-09T14:46:26.318-0700][gc,heap     ] GC(21) Archive regions: 2->2
[2022-04-09T14:46:26.318-0700][gc,heap     ] GC(21) Humongous regions: 129->129
[2022-04-09T14:46:26.318-0700][gc,metaspace] GC(21) Metaspace: 40349K(40896K)->40349K(40896K) NonClass: 35562K(35840K)->35562K(35840K) Class: 4786K(5056K)->4786K(5056K)
[2022-04-09T14:46:26.318-0700][gc          ] GC(21) Pause Young (Normal) (G1 Evacuation Pause) 299M->210M(1024M) 17.495ms
[2022-04-09T14:46:26.318-0700][gc,cpu      ] GC(21) User=0.09s Sys=0.02s Real=0.01s
[2022-04-09T14:53:10.864-0700][gc,start    ] GC(22) Pause Young (Normal) (G1 Evacuation Pause)
[2022-04-09T14:53:10.870-0700][gc,task     ] GC(22) Using 8 workers of 8 for evacuation
[2022-04-09T14:53:10.887-0700][gc,phases   ] GC(22)   Pre Evacuate Collection Set: 0.3ms
[2022-04-09T14:53:10.887-0700][gc,phases   ] GC(22)   Merge Heap Roots: 0.2ms
[2022-04-09T14:53:10.887-0700][gc,phases   ] GC(22)   Evacuate Collection Set: 15.9ms
[2022-04-09T14:53:10.887-0700][gc,phases   ] GC(22)   Post Evacuate Collection Set: 0.4ms
[2022-04-09T14:53:10.887-0700][gc,phases   ] GC(22)   Other: 5.8ms
[2022-04-09T14:53:10.887-0700][gc,heap     ] GC(22) Eden regions: 155->0(45)
[2022-04-09T14:53:10.887-0700][gc,heap     ] GC(22) Survivor regions: 7->17(21)
[2022-04-09T14:53:10.887-0700][gc,heap     ] GC(22) Old regions: 74->74
[2022-04-09T14:53:10.887-0700][gc,heap     ] GC(22) Archive regions: 2->2
[2022-04-09T14:53:10.887-0700][gc,heap     ] GC(22) Humongous regions: 129->129
[2022-04-09T14:53:10.887-0700][gc,metaspace] GC(22) Metaspace: 40358K(40896K)->40358K(40896K) NonClass: 35571K(35840K)->35571K(35840K) Class: 4786K(5056K)->4786K(5056K)
[2022-04-09T14:53:10.887-0700][gc          ] GC(22) Pause Young (Normal) (G1 Evacuation Pause) 365M->220M(1024M) 22.686ms
[2022-04-09T14:53:10.887-0700][gc,cpu      ] GC(22) User=0.09s Sys=0.02s Real=0.02s
[2022-04-09T14:55:07.170-0700][gc,start    ] GC(23) Pause Young (Normal) (G1 Evacuation Pause)
[2022-04-09T14:55:07.175-0700][gc,task     ] GC(23) Using 8 workers of 8 for evacuation
[2022-04-09T14:55:07.191-0700][gc,phases   ] GC(23)   Pre Evacuate Collection Set: 0.2ms
[2022-04-09T14:55:07.191-0700][gc,phases   ] GC(23)   Merge Heap Roots: 0.1ms
[2022-04-09T14:55:07.191-0700][gc,phases   ] GC(23)   Evacuate Collection Set: 14.5ms
[2022-04-09T14:55:07.191-0700][gc,phases   ] GC(23)   Post Evacuate Collection Set: 0.4ms
[2022-04-09T14:55:07.191-0700][gc,phases   ] GC(23)   Other: 5.8ms
[2022-04-09T14:55:07.191-0700][gc,heap     ] GC(23) Eden regions: 45->0(185)
[2022-04-09T14:55:07.191-0700][gc,heap     ] GC(23) Survivor regions: 17->5(8)
[2022-04-09T14:55:07.191-0700][gc,heap     ] GC(23) Old regions: 74->89
[2022-04-09T14:55:07.191-0700][gc,heap     ] GC(23) Archive regions: 2->2
[2022-04-09T14:55:07.191-0700][gc,heap     ] GC(23) Humongous regions: 129->129
[2022-04-09T14:55:07.191-0700][gc,metaspace] GC(23) Metaspace: 40358K(40896K)->40358K(40896K) NonClass: 35571K(35840K)->35571K(35840K) Class: 4786K(5056K)->4786K(5056K)
[2022-04-09T14:55:07.191-0700][gc          ] GC(23) Pause Young (Normal) (G1 Evacuation Pause) 265M->223M(1024M) 21.136ms
[2022-04-09T14:55:07.191-0700][gc,cpu      ] GC(23) User=0.09s Sys=0.01s Real=0.02s
[2022-04-09T15:03:00.489-0700][gc,start    ] GC(24) Pause Young (Normal) (G1 Evacuation Pause)
[2022-04-09T15:03:00.494-0700][gc,task     ] GC(24) Using 8 workers of 8 for evacuation
[2022-04-09T15:03:00.507-0700][gc,phases   ] GC(24)   Pre Evacuate Collection Set: 0.2ms
[2022-04-09T15:03:00.507-0700][gc,phases   ] GC(24)   Merge Heap Roots: 0.2ms
[2022-04-09T15:03:00.507-0700][gc,phases   ] GC(24)   Evacuate Collection Set: 12.1ms
[2022-04-09T15:03:00.507-0700][gc,phases   ] GC(24)   Post Evacuate Collection Set: 0.4ms
[2022-04-09T15:03:00.507-0700][gc,phases   ] GC(24)   Other: 5.7ms
[2022-04-09T15:03:00.507-0700][gc,heap     ] GC(24) Eden regions: 185->0(108)
[2022-04-09T15:03:00.507-0700][gc,heap     ] GC(24) Survivor regions: 5->15(24)
[2022-04-09T15:03:00.507-0700][gc,heap     ] GC(24) Old regions: 89->89
[2022-04-09T15:03:00.507-0700][gc,heap     ] GC(24) Archive regions: 2->2
[2022-04-09T15:03:00.507-0700][gc,heap     ] GC(24) Humongous regions: 129->129
[2022-04-09T15:03:00.507-0700][gc,metaspace] GC(24) Metaspace: 40360K(40960K)->40360K(40960K) NonClass: 35573K(35904K)->35573K(35904K) Class: 4786K(5056K)->4786K(5056K)
[2022-04-09T15:03:00.507-0700][gc          ] GC(24) Pause Young (Normal) (G1 Evacuation Pause) 408M->233M(1024M) 18.810ms
[2022-04-09T15:03:00.507-0700][gc,cpu      ] GC(24) User=0.08s Sys=0.00s Real=0.02s
[2022-04-09T15:07:40.783-0700][gc,start    ] GC(25) Pause Young (Normal) (G1 Evacuation Pause)
[2022-04-09T15:07:40.789-0700][gc,task     ] GC(25) Using 8 workers of 8 for evacuation
[2022-04-09T15:07:40.802-0700][gc,phases   ] GC(25)   Pre Evacuate Collection Set: 0.2ms
[2022-04-09T15:07:40.802-0700][gc,phases   ] GC(25)   Merge Heap Roots: 0.2ms
[2022-04-09T15:07:40.802-0700][gc,phases   ] GC(25)   Evacuate Collection Set: 12.6ms
[2022-04-09T15:07:40.802-0700][gc,phases   ] GC(25)   Post Evacuate Collection Set: 0.4ms
[2022-04-09T15:07:40.803-0700][gc,phases   ] GC(25)   Other: 5.8ms
[2022-04-09T15:07:40.803-0700][gc,heap     ] GC(25) Eden regions: 108->0(248)
[2022-04-09T15:07:40.803-0700][gc,heap     ] GC(25) Survivor regions: 15->4(16)
[2022-04-09T15:07:40.803-0700][gc,heap     ] GC(25) Old regions: 89->102
[2022-04-09T15:07:40.803-0700][gc,heap     ] GC(25) Archive regions: 2->2
[2022-04-09T15:07:40.803-0700][gc,heap     ] GC(25) Humongous regions: 129->129
[2022-04-09T15:07:40.803-0700][gc,metaspace] GC(25) Metaspace: 40363K(40960K)->40363K(40960K) NonClass: 35577K(35904K)->35577K(35904K) Class: 4786K(5056K)->4786K(5056K)
[2022-04-09T15:07:40.803-0700][gc          ] GC(25) Pause Young (Normal) (G1 Evacuation Pause) 341M->234M(1024M) 19.325ms
[2022-04-09T15:07:40.803-0700][gc,cpu      ] GC(25) User=0.08s Sys=0.01s Real=0.02s
[2022-04-09T15:18:28.822-0700][gc,start    ] GC(26) Pause Young (Normal) (G1 Evacuation Pause)
[2022-04-09T15:18:28.827-0700][gc,task     ] GC(26) Using 8 workers of 8 for evacuation
[2022-04-09T15:18:28.841-0700][gc,phases   ] GC(26)   Pre Evacuate Collection Set: 0.3ms
[2022-04-09T15:18:28.841-0700][gc,phases   ] GC(26)   Merge Heap Roots: 0.1ms
[2022-04-09T15:18:28.841-0700][gc,phases   ] GC(26)   Evacuate Collection Set: 12.8ms
[2022-04-09T15:18:28.841-0700][gc,phases   ] GC(26)   Post Evacuate Collection Set: 0.4ms
[2022-04-09T15:18:28.841-0700][gc,phases   ] GC(26)   Other: 6.2ms
[2022-04-09T15:18:28.841-0700][gc,heap     ] GC(26) Eden regions: 248->0(137)
[2022-04-09T15:18:28.841-0700][gc,heap     ] GC(26) Survivor regions: 4->17(32)
[2022-04-09T15:18:28.841-0700][gc,heap     ] GC(26) Old regions: 102->102
[2022-04-09T15:18:28.841-0700][gc,heap     ] GC(26) Archive regions: 2->2
[2022-04-09T15:18:28.841-0700][gc,heap     ] GC(26) Humongous regions: 129->129
[2022-04-09T15:18:28.841-0700][gc,metaspace] GC(26) Metaspace: 40400K(40960K)->40400K(40960K) NonClass: 35611K(35904K)->35611K(35904K) Class: 4789K(5056K)->4789K(5056K)
[2022-04-09T15:18:28.842-0700][gc          ] GC(26) Pause Young (Normal) (G1 Evacuation Pause) 482M->247M(1024M) 20.021ms
[2022-04-09T15:18:28.842-0700][gc,cpu      ] GC(26) User=0.09s Sys=0.00s Real=0.02s
[2022-04-09T15:24:23.394-0700][gc,start    ] GC(27) Pause Young (Normal) (G1 Evacuation Pause)
[2022-04-09T15:24:23.400-0700][gc,task     ] GC(27) Using 8 workers of 8 for evacuation
[2022-04-09T15:24:23.426-0700][gc,mmu      ] GC(27) MMU target violated: 21.0ms (20.0ms/21.0ms)
[2022-04-09T15:24:23.426-0700][gc,phases   ] GC(27)   Pre Evacuate Collection Set: 0.1ms
[2022-04-09T15:24:23.426-0700][gc,phases   ] GC(27)   Merge Heap Roots: 0.1ms
[2022-04-09T15:24:23.426-0700][gc,phases   ] GC(27)   Evacuate Collection Set: 25.4ms
[2022-04-09T15:24:23.426-0700][gc,phases   ] GC(27)   Post Evacuate Collection Set: 0.4ms
[2022-04-09T15:24:23.426-0700][gc,phases   ] GC(27)   Other: 5.5ms
[2022-04-09T15:24:23.426-0700][gc,heap     ] GC(27) Eden regions: 137->0(167)
[2022-04-09T15:24:23.426-0700][gc,heap     ] GC(27) Survivor regions: 17->10(20)
[2022-04-09T15:24:23.426-0700][gc,heap     ] GC(27) Old regions: 102->118
[2022-04-09T15:24:23.426-0700][gc,heap     ] GC(27) Archive regions: 2->2
[2022-04-09T15:24:23.426-0700][gc,heap     ] GC(27) Humongous regions: 129->129
[2022-04-09T15:24:23.426-0700][gc,metaspace] GC(27) Metaspace: 40415K(40960K)->40415K(40960K) NonClass: 35626K(35904K)->35626K(35904K) Class: 4789K(5056K)->4789K(5056K)
[2022-04-09T15:24:23.426-0700][gc          ] GC(27) Pause Young (Normal) (G1 Evacuation Pause) 384M->256M(1024M) 31.656ms
[2022-04-09T15:24:23.426-0700][gc,cpu      ] GC(27) User=0.10s Sys=0.01s Real=0.03s
[2022-04-09T15:31:37.951-0700][gc,start    ] GC(28) Pause Young (Normal) (G1 Evacuation Pause)
[2022-04-09T15:31:37.954-0700][gc,task     ] GC(28) Using 8 workers of 8 for evacuation
[2022-04-09T15:31:37.966-0700][gc,phases   ] GC(28)   Pre Evacuate Collection Set: 0.1ms
[2022-04-09T15:31:37.966-0700][gc,phases   ] GC(28)   Merge Heap Roots: 0.1ms
[2022-04-09T15:31:37.966-0700][gc,phases   ] GC(28)   Evacuate Collection Set: 12.0ms
[2022-04-09T15:31:37.966-0700][gc,phases   ] GC(28)   Post Evacuate Collection Set: 0.4ms
[2022-04-09T15:31:37.966-0700][gc,phases   ] GC(28)   Other: 2.3ms
[2022-04-09T15:31:37.966-0700][gc,heap     ] GC(28) Eden regions: 167->0(58)
[2022-04-09T15:31:37.966-0700][gc,heap     ] GC(28) Survivor regions: 10->20(23)
[2022-04-09T15:31:37.966-0700][gc,heap     ] GC(28) Old regions: 118->118
[2022-04-09T15:31:37.966-0700][gc,heap     ] GC(28) Archive regions: 2->2
[2022-04-09T15:31:37.966-0700][gc,heap     ] GC(28) Humongous regions: 129->129
[2022-04-09T15:31:37.966-0700][gc,metaspace] GC(28) Metaspace: 40421K(40960K)->40421K(40960K) NonClass: 35631K(35904K)->35631K(35904K) Class: 4789K(5056K)->4789K(5056K)
[2022-04-09T15:31:37.966-0700][gc          ] GC(28) Pause Young (Normal) (G1 Evacuation Pause) 423M->266M(1024M) 15.018ms
[2022-04-09T15:31:37.967-0700][gc,cpu      ] GC(28) User=0.09s Sys=0.01s Real=0.01s
[2022-04-09T16:04:23.642-0700][gc,start    ] GC(29) Pause Young (Normal) (G1 Evacuation Pause)
[2022-04-09T16:04:23.647-0700][gc,task     ] GC(29) Using 8 workers of 8 for evacuation
[2022-04-09T16:04:23.697-0700][gc,mmu      ] GC(29) MMU target violated: 21.0ms (20.0ms/21.0ms)
[2022-04-09T16:04:23.697-0700][gc,phases   ] GC(29)   Pre Evacuate Collection Set: 1.6ms
[2022-04-09T16:04:23.697-0700][gc,phases   ] GC(29)   Merge Heap Roots: 0.2ms
[2022-04-09T16:04:23.697-0700][gc,phases   ] GC(29)   Evacuate Collection Set: 46.6ms
[2022-04-09T16:04:23.697-0700][gc,phases   ] GC(29)   Post Evacuate Collection Set: 1.1ms
[2022-04-09T16:04:23.697-0700][gc,phases   ] GC(29)   Other: 6.1ms
[2022-04-09T16:04:23.697-0700][gc,heap     ] GC(29) Eden regions: 58->0(92)
[2022-04-09T16:04:23.697-0700][gc,heap     ] GC(29) Survivor regions: 20->6(10)
[2022-04-09T16:04:23.697-0700][gc,heap     ] GC(29) Old regions: 118->136
[2022-04-09T16:04:23.697-0700][gc,heap     ] GC(29) Archive regions: 2->2
[2022-04-09T16:04:23.697-0700][gc,heap     ] GC(29) Humongous regions: 129->129
[2022-04-09T16:04:23.697-0700][gc,metaspace] GC(29) Metaspace: 40438K(40960K)->40438K(40960K) NonClass: 35648K(35904K)->35648K(35904K) Class: 4789K(5056K)->4789K(5056K)
[2022-04-09T16:04:23.697-0700][gc          ] GC(29) Pause Young (Normal) (G1 Evacuation Pause) 324M->271M(1024M) 55.747ms
[2022-04-09T16:04:23.697-0700][gc,cpu      ] GC(29) User=0.11s Sys=0.16s Real=0.05s
[2022-04-09T16:08:15.204-0700][gc,start    ] GC(30) Pause Young (Normal) (G1 Evacuation Pause)
[2022-04-09T16:08:15.204-0700][gc,task     ] GC(30) Using 8 workers of 8 for evacuation
[2022-04-09T16:08:15.210-0700][gc,phases   ] GC(30)   Pre Evacuate Collection Set: 0.2ms
[2022-04-09T16:08:15.211-0700][gc,phases   ] GC(30)   Merge Heap Roots: 0.1ms
[2022-04-09T16:08:15.211-0700][gc,phases   ] GC(30)   Evacuate Collection Set: 5.8ms
[2022-04-09T16:08:15.211-0700][gc,phases   ] GC(30)   Post Evacuate Collection Set: 0.5ms
[2022-04-09T16:08:15.211-0700][gc,phases   ] GC(30)   Other: 0.4ms
[2022-04-09T16:08:15.211-0700][gc,heap     ] GC(30) Eden regions: 92->0(150)
[2022-04-09T16:08:15.211-0700][gc,heap     ] GC(30) Survivor regions: 6->6(13)
[2022-04-09T16:08:15.211-0700][gc,heap     ] GC(30) Old regions: 136->136
[2022-04-09T16:08:15.211-0700][gc,heap     ] GC(30) Archive regions: 2->2
[2022-04-09T16:08:15.211-0700][gc,heap     ] GC(30) Humongous regions: 129->129
[2022-04-09T16:08:15.211-0700][gc,metaspace] GC(30) Metaspace: 40438K(40960K)->40438K(40960K) NonClass: 35648K(35904K)->35648K(35904K) Class: 4789K(5056K)->4789K(5056K)
[2022-04-09T16:08:15.211-0700][gc          ] GC(30) Pause Young (Normal) (G1 Evacuation Pause) 363M->271M(1024M) 7.181ms
[2022-04-09T16:08:15.211-0700][gc,cpu      ] GC(30) User=0.04s Sys=0.00s Real=0.01s
[2022-04-09T16:14:44.708-0700][gc,start    ] GC(31) Pause Young (Normal) (G1 Evacuation Pause)
[2022-04-09T16:14:44.713-0700][gc,task     ] GC(31) Using 8 workers of 8 for evacuation
[2022-04-09T16:14:44.729-0700][gc,phases   ] GC(31)   Pre Evacuate Collection Set: 0.4ms
[2022-04-09T16:14:44.729-0700][gc,phases   ] GC(31)   Merge Heap Roots: 0.2ms
[2022-04-09T16:14:44.729-0700][gc,phases   ] GC(31)   Evacuate Collection Set: 14.9ms
[2022-04-09T16:14:44.729-0700][gc,phases   ] GC(31)   Post Evacuate Collection Set: 0.4ms
[2022-04-09T16:14:44.729-0700][gc,phases   ] GC(31)   Other: 5.8ms
[2022-04-09T16:14:44.729-0700][gc,heap     ] GC(31) Eden regions: 150->0(82)
[2022-04-09T16:14:44.729-0700][gc,heap     ] GC(31) Survivor regions: 6->5(20)
[2022-04-09T16:14:44.729-0700][gc,heap     ] GC(31) Old regions: 136->136
[2022-04-09T16:14:44.729-0700][gc,heap     ] GC(31) Archive regions: 2->2
[2022-04-09T16:14:44.729-0700][gc,heap     ] GC(31) Humongous regions: 129->129
[2022-04-09T16:14:44.729-0700][gc,metaspace] GC(31) Metaspace: 40452K(41088K)->40452K(41088K) NonClass: 35662K(36032K)->35662K(36032K) Class: 4789K(5056K)->4789K(5056K)
[2022-04-09T16:14:44.729-0700][gc          ] GC(31) Pause Young (Normal) (G1 Evacuation Pause) 421M->269M(1024M) 21.888ms
[2022-04-09T16:14:44.729-0700][gc,cpu      ] GC(31) User=0.03s Sys=0.05s Real=0.02s
[2022-04-09T16:15:26.931-0700][gc,heap,exit] Heap
[2022-04-09T16:15:26.936-0700][gc,heap,exit]  garbage-first heap   total 1048576K, used 300952K [0x00000007c0000000, 0x0000000800000000)
[2022-04-09T16:15:26.939-0700][gc,heap,exit]   region size 1024K, 30 young (30720K), 5 survivors (5120K)
[2022-04-09T16:15:26.939-0700][gc,heap,exit]  Metaspace       used 41093K, committed 41600K, reserved 1089536K
[2022-04-09T16:15:26.939-0700][gc,heap,exit]   class space    used 4947K, committed 5184K, reserved 1048576K
