[2022-04-10T15:24:42.390-0700][gc] Using G1
[2022-04-10T15:24:42.397-0700][gc,init] Version: 17.0.2+8 (release)
[2022-04-10T15:24:42.397-0700][gc,init] CPUs: 8 total, 8 available
[2022-04-10T15:24:42.397-0700][gc,init] Memory: 16384M
[2022-04-10T15:24:42.397-0700][gc,init] Large Page Support: Disabled
[2022-04-10T15:24:42.397-0700][gc,init] NUMA Support: Disabled
[2022-04-10T15:24:42.397-0700][gc,init] Compressed Oops: Enabled (Zero based)
[2022-04-10T15:24:42.398-0700][gc,init] Heap Region Size: 1M
[2022-04-10T15:24:42.398-0700][gc,init] Heap Min Capacity: 1G
[2022-04-10T15:24:42.398-0700][gc,init] Heap Initial Capacity: 1G
[2022-04-10T15:24:42.398-0700][gc,init] Heap Max Capacity: 1G
[2022-04-10T15:24:42.398-0700][gc,init] Pre-touch: Disabled
[2022-04-10T15:24:42.398-0700][gc,init] Parallel Workers: 8
[2022-04-10T15:24:42.398-0700][gc,init] Concurrent Workers: 2
[2022-04-10T15:24:42.398-0700][gc,init] Concurrent Refinement Workers: 8
[2022-04-10T15:24:42.398-0700][gc,init] Periodic GC: Disabled
[2022-04-10T15:24:42.398-0700][gc,metaspace] CDS archive(s) mapped at: [0x0000000800000000-0x0000000800bd2000-0x0000000800bd2000), size 12394496, SharedBaseAddress: 0x0000000800000000, ArchiveRelocationMode: 0.
[2022-04-10T15:24:42.398-0700][gc,metaspace] Compressed class space mapped at: 0x0000000800c00000-0x0000000840c00000, reserved size: 1073741824
[2022-04-10T15:24:42.398-0700][gc,metaspace] Narrow klass base: 0x0000000800000000, Narrow klass shift: 0, Narrow klass range: 0x100000000
[2022-04-10T15:24:48.709-0700][gc,start    ] GC(0) Pause Young (Normal) (G1 Evacuation Pause)
[2022-04-10T15:24:48.710-0700][gc,task     ] GC(0) Using 8 workers of 8 for evacuation
[2022-04-10T15:24:48.716-0700][gc,phases   ] GC(0)   Pre Evacuate Collection Set: 0.1ms
[2022-04-10T15:24:48.716-0700][gc,phases   ] GC(0)   Merge Heap Roots: 0.1ms
[2022-04-10T15:24:48.716-0700][gc,phases   ] GC(0)   Evacuate Collection Set: 4.8ms
[2022-04-10T15:24:48.716-0700][gc,phases   ] GC(0)   Post Evacuate Collection Set: 0.5ms
[2022-04-10T15:24:48.716-0700][gc,phases   ] GC(0)   Other: 0.7ms
[2022-04-10T15:24:48.716-0700][gc,heap     ] GC(0) Eden regions: 51->0(44)
[2022-04-10T15:24:48.716-0700][gc,heap     ] GC(0) Survivor regions: 0->7(7)
[2022-04-10T15:24:48.716-0700][gc,heap     ] GC(0) Old regions: 0->0
[2022-04-10T15:24:48.716-0700][gc,heap     ] GC(0) Archive regions: 2->2
[2022-04-10T15:24:48.716-0700][gc,heap     ] GC(0) Humongous regions: 0->0
[2022-04-10T15:24:48.716-0700][gc,metaspace] GC(0) Metaspace: 18808K(19008K)->18808K(19008K) NonClass: 16533K(16640K)->16533K(16640K) Class: 2274K(2368K)->2274K(2368K)
[2022-04-10T15:24:48.716-0700][gc          ] GC(0) Pause Young (Normal) (G1 Evacuation Pause) 51M->7M(1024M) 6.466ms
[2022-04-10T15:24:48.716-0700][gc,cpu      ] GC(0) User=0.03s Sys=0.00s Real=0.01s
[2022-04-10T15:24:48.924-0700][gc,start    ] GC(1) Pause Young (Concurrent Start) (Metadata GC Threshold)
[2022-04-10T15:24:48.924-0700][gc,task     ] GC(1) Using 8 workers of 8 for evacuation
[2022-04-10T15:24:48.931-0700][gc,phases   ] GC(1)   Pre Evacuate Collection Set: 0.1ms
[2022-04-10T15:24:48.931-0700][gc,phases   ] GC(1)   Merge Heap Roots: 0.0ms
[2022-04-10T15:24:48.931-0700][gc,phases   ] GC(1)   Evacuate Collection Set: 5.7ms
[2022-04-10T15:24:48.931-0700][gc,phases   ] GC(1)   Post Evacuate Collection Set: 0.4ms
[2022-04-10T15:24:48.931-0700][gc,phases   ] GC(1)   Other: 0.3ms
[2022-04-10T15:24:48.931-0700][gc,heap     ] GC(1) Eden regions: 10->0(49)
[2022-04-10T15:24:48.931-0700][gc,heap     ] GC(1) Survivor regions: 7->2(7)
[2022-04-10T15:24:48.931-0700][gc,heap     ] GC(1) Old regions: 0->7
[2022-04-10T15:24:48.931-0700][gc,heap     ] GC(1) Archive regions: 2->2
[2022-04-10T15:24:48.931-0700][gc,heap     ] GC(1) Humongous regions: 0->0
[2022-04-10T15:24:48.931-0700][gc,metaspace] GC(1) Metaspace: 21290K(21504K)->21290K(21504K) NonClass: 18702K(18816K)->18702K(18816K) Class: 2588K(2688K)->2588K(2688K)
[2022-04-10T15:24:48.931-0700][gc          ] GC(1) Pause Young (Concurrent Start) (Metadata GC Threshold) 17M->8M(1024M) 6.920ms
[2022-04-10T15:24:48.931-0700][gc,cpu      ] GC(1) User=0.03s Sys=0.01s Real=0.01s
[2022-04-10T15:24:48.931-0700][gc          ] GC(2) Concurrent Mark Cycle
[2022-04-10T15:24:48.931-0700][gc,marking  ] GC(2) Concurrent Clear Claimed Marks
[2022-04-10T15:24:48.931-0700][gc,marking  ] GC(2) Concurrent Clear Claimed Marks 0.028ms
[2022-04-10T15:24:48.931-0700][gc,marking  ] GC(2) Concurrent Scan Root Regions
[2022-04-10T15:24:48.935-0700][gc,marking  ] GC(2) Concurrent Scan Root Regions 3.378ms
[2022-04-10T15:24:48.935-0700][gc,marking  ] GC(2) Concurrent Mark
[2022-04-10T15:24:48.935-0700][gc,marking  ] GC(2) Concurrent Mark From Roots
[2022-04-10T15:24:48.935-0700][gc,task     ] GC(2) Using 2 workers of 2 for marking
[2022-04-10T15:24:48.937-0700][gc,marking  ] GC(2) Concurrent Mark From Roots 1.880ms
[2022-04-10T15:24:48.937-0700][gc,marking  ] GC(2) Concurrent Preclean
[2022-04-10T15:24:48.937-0700][gc,marking  ] GC(2) Concurrent Preclean 0.053ms
[2022-04-10T15:24:48.937-0700][gc,start    ] GC(2) Pause Remark
[2022-04-10T15:24:48.939-0700][gc          ] GC(2) Pause Remark 9M->9M(1024M) 1.554ms
[2022-04-10T15:24:48.939-0700][gc,cpu      ] GC(2) User=0.01s Sys=0.00s Real=0.00s
[2022-04-10T15:24:48.939-0700][gc,marking  ] GC(2) Concurrent Mark 3.861ms
[2022-04-10T15:24:48.939-0700][gc,marking  ] GC(2) Concurrent Rebuild Remembered Sets
[2022-04-10T15:24:48.939-0700][gc,marking  ] GC(2) Concurrent Rebuild Remembered Sets 0.017ms
[2022-04-10T15:24:48.939-0700][gc,start    ] GC(2) Pause Cleanup
[2022-04-10T15:24:48.939-0700][gc          ] GC(2) Pause Cleanup 9M->9M(1024M) 0.033ms
[2022-04-10T15:24:48.939-0700][gc,cpu      ] GC(2) User=0.00s Sys=0.00s Real=0.00s
[2022-04-10T15:24:48.939-0700][gc,marking  ] GC(2) Concurrent Cleanup for Next Mark
[2022-04-10T15:24:48.944-0700][gc,marking  ] GC(2) Concurrent Cleanup for Next Mark 5.434ms
[2022-04-10T15:24:48.944-0700][gc          ] GC(2) Concurrent Mark Cycle 13.209ms
[2022-04-10T15:24:49.873-0700][gc,start    ] GC(3) Pause Young (Normal) (G1 Evacuation Pause)
[2022-04-10T15:24:49.873-0700][gc,task     ] GC(3) Using 8 workers of 8 for evacuation
[2022-04-10T15:24:49.878-0700][gc,phases   ] GC(3)   Pre Evacuate Collection Set: 0.1ms
[2022-04-10T15:24:49.878-0700][gc,phases   ] GC(3)   Merge Heap Roots: 0.1ms
[2022-04-10T15:24:49.878-0700][gc,phases   ] GC(3)   Evacuate Collection Set: 4.9ms
[2022-04-10T15:24:49.878-0700][gc,phases   ] GC(3)   Post Evacuate Collection Set: 0.5ms
[2022-04-10T15:24:49.878-0700][gc,phases   ] GC(3)   Other: 0.1ms
[2022-04-10T15:24:49.878-0700][gc,heap     ] GC(3) Eden regions: 49->0(45)
[2022-04-10T15:24:49.878-0700][gc,heap     ] GC(3) Survivor regions: 2->6(7)
[2022-04-10T15:24:49.878-0700][gc,heap     ] GC(3) Old regions: 7->7
[2022-04-10T15:24:49.878-0700][gc,heap     ] GC(3) Archive regions: 2->2
[2022-04-10T15:24:49.878-0700][gc,heap     ] GC(3) Humongous regions: 129->129
[2022-04-10T15:24:49.878-0700][gc,metaspace] GC(3) Metaspace: 32837K(33152K)->32837K(33152K) NonClass: 29082K(29248K)->29082K(29248K) Class: 3754K(3904K)->3754K(3904K)
[2022-04-10T15:24:49.878-0700][gc          ] GC(3) Pause Young (Normal) (G1 Evacuation Pause) 186M->142M(1024M) 5.903ms
[2022-04-10T15:24:49.879-0700][gc,cpu      ] GC(3) User=0.03s Sys=0.00s Real=0.00s
[2022-04-10T15:24:50.058-0700][gc,start    ] GC(4) Pause Young (Concurrent Start) (Metadata GC Threshold)
[2022-04-10T15:24:50.058-0700][gc,task     ] GC(4) Using 8 workers of 8 for evacuation
[2022-04-10T15:24:50.064-0700][gc,phases   ] GC(4)   Pre Evacuate Collection Set: 0.1ms
[2022-04-10T15:24:50.064-0700][gc,phases   ] GC(4)   Merge Heap Roots: 0.1ms
[2022-04-10T15:24:50.064-0700][gc,phases   ] GC(4)   Evacuate Collection Set: 5.3ms
[2022-04-10T15:24:50.064-0700][gc,phases   ] GC(4)   Post Evacuate Collection Set: 0.5ms
[2022-04-10T15:24:50.064-0700][gc,phases   ] GC(4)   Other: 0.2ms
[2022-04-10T15:24:50.064-0700][gc,heap     ] GC(4) Eden regions: 14->0(49)
[2022-04-10T15:24:50.064-0700][gc,heap     ] GC(4) Survivor regions: 6->2(7)
[2022-04-10T15:24:50.064-0700][gc,heap     ] GC(4) Old regions: 7->13
[2022-04-10T15:24:50.064-0700][gc,heap     ] GC(4) Archive regions: 2->2
[2022-04-10T15:24:50.064-0700][gc,heap     ] GC(4) Humongous regions: 129->129
[2022-04-10T15:24:50.065-0700][gc,metaspace] GC(4) Metaspace: 35752K(36096K)->35752K(36096K) NonClass: 31574K(31808K)->31574K(31808K) Class: 4178K(4288K)->4178K(4288K)
[2022-04-10T15:24:50.065-0700][gc          ] GC(4) Pause Young (Concurrent Start) (Metadata GC Threshold) 155M->143M(1024M) 6.396ms
[2022-04-10T15:24:50.065-0700][gc,cpu      ] GC(4) User=0.04s Sys=0.01s Real=0.01s
[2022-04-10T15:24:50.065-0700][gc          ] GC(5) Concurrent Mark Cycle
[2022-04-10T15:24:50.065-0700][gc,marking  ] GC(5) Concurrent Clear Claimed Marks
[2022-04-10T15:24:50.065-0700][gc,marking  ] GC(5) Concurrent Clear Claimed Marks 0.026ms
[2022-04-10T15:24:50.065-0700][gc,marking  ] GC(5) Concurrent Scan Root Regions
[2022-04-10T15:24:50.068-0700][gc,marking  ] GC(5) Concurrent Scan Root Regions 3.554ms
[2022-04-10T15:24:50.068-0700][gc,marking  ] GC(5) Concurrent Mark
[2022-04-10T15:24:50.068-0700][gc,marking  ] GC(5) Concurrent Mark From Roots
[2022-04-10T15:24:50.068-0700][gc,task     ] GC(5) Using 2 workers of 2 for marking
[2022-04-10T15:24:50.077-0700][gc,marking  ] GC(5) Concurrent Mark From Roots 9.147ms
[2022-04-10T15:24:50.078-0700][gc,marking  ] GC(5) Concurrent Preclean
[2022-04-10T15:24:50.078-0700][gc,marking  ] GC(5) Concurrent Preclean 0.090ms
[2022-04-10T15:24:50.078-0700][gc,start    ] GC(5) Pause Remark
[2022-04-10T15:24:50.079-0700][gc          ] GC(5) Pause Remark 143M->143M(1024M) 1.696ms
[2022-04-10T15:24:50.080-0700][gc,cpu      ] GC(5) User=0.01s Sys=0.00s Real=0.01s
[2022-04-10T15:24:50.080-0700][gc,marking  ] GC(5) Concurrent Mark 11.319ms
[2022-04-10T15:24:50.080-0700][gc,marking  ] GC(5) Concurrent Rebuild Remembered Sets
[2022-04-10T15:24:50.087-0700][gc,marking  ] GC(5) Concurrent Rebuild Remembered Sets 7.811ms
[2022-04-10T15:24:50.088-0700][gc,start    ] GC(5) Pause Cleanup
[2022-04-10T15:24:50.088-0700][gc          ] GC(5) Pause Cleanup 144M->144M(1024M) 0.142ms
[2022-04-10T15:24:50.088-0700][gc,cpu      ] GC(5) User=0.00s Sys=0.00s Real=0.00s
[2022-04-10T15:24:50.088-0700][gc,marking  ] GC(5) Concurrent Cleanup for Next Mark
[2022-04-10T15:24:50.096-0700][gc,marking  ] GC(5) Concurrent Cleanup for Next Mark 8.027ms
[2022-04-10T15:24:50.096-0700][gc          ] GC(5) Concurrent Mark Cycle 31.388ms
[2022-04-10T15:25:16.897-0700][gc,heap,exit] Heap
[2022-04-10T15:25:16.897-0700][gc,heap,exit]  garbage-first heap   total 1048576K, used 161875K [0x00000007c0000000, 0x0000000800000000)
[2022-04-10T15:25:16.897-0700][gc,heap,exit]   region size 1024K, 17 young (17408K), 2 survivors (2048K)
[2022-04-10T15:25:16.897-0700][gc,heap,exit]  Metaspace       used 36962K, committed 37440K, reserved 1089536K
[2022-04-10T15:25:16.897-0700][gc,heap,exit]   class space    used 4460K, committed 4672K, reserved 1048576K
