[2022-04-09T16:16:05.523-0700][gc] Using G1
[2022-04-09T16:16:05.532-0700][gc,init] Version: 17.0.2+8 (release)
[2022-04-09T16:16:05.532-0700][gc,init] CPUs: 8 total, 8 available
[2022-04-09T16:16:05.532-0700][gc,init] Memory: 16384M
[2022-04-09T16:16:05.532-0700][gc,init] Large Page Support: Disabled
[2022-04-09T16:16:05.532-0700][gc,init] NUMA Support: Disabled
[2022-04-09T16:16:05.532-0700][gc,init] Compressed Oops: Enabled (Zero based)
[2022-04-09T16:16:05.532-0700][gc,init] Heap Region Size: 1M
[2022-04-09T16:16:05.532-0700][gc,init] Heap Min Capacity: 1G
[2022-04-09T16:16:05.532-0700][gc,init] Heap Initial Capacity: 1G
[2022-04-09T16:16:05.532-0700][gc,init] Heap Max Capacity: 1G
[2022-04-09T16:16:05.532-0700][gc,init] Pre-touch: Disabled
[2022-04-09T16:16:05.532-0700][gc,init] Parallel Workers: 8
[2022-04-09T16:16:05.532-0700][gc,init] Concurrent Workers: 2
[2022-04-09T16:16:05.532-0700][gc,init] Concurrent Refinement Workers: 8
[2022-04-09T16:16:05.532-0700][gc,init] Periodic GC: Disabled
[2022-04-09T16:16:05.533-0700][gc,metaspace] CDS archive(s) mapped at: [0x0000000800000000-0x0000000800bd2000-0x0000000800bd2000), size 12394496, SharedBaseAddress: 0x0000000800000000, ArchiveRelocationMode: 0.
[2022-04-09T16:16:05.533-0700][gc,metaspace] Compressed class space mapped at: 0x0000000800c00000-0x0000000840c00000, reserved size: 1073741824
[2022-04-09T16:16:05.533-0700][gc,metaspace] Narrow klass base: 0x0000000800000000, Narrow klass shift: 0, Narrow klass range: 0x100000000
[2022-04-09T16:16:12.155-0700][gc,start    ] GC(0) Pause Young (Normal) (G1 Evacuation Pause)
[2022-04-09T16:16:12.155-0700][gc,task     ] GC(0) Using 8 workers of 8 for evacuation
[2022-04-09T16:16:12.162-0700][gc,phases   ] GC(0)   Pre Evacuate Collection Set: 0.1ms
[2022-04-09T16:16:12.162-0700][gc,phases   ] GC(0)   Merge Heap Roots: 0.1ms
[2022-04-09T16:16:12.163-0700][gc,phases   ] GC(0)   Evacuate Collection Set: 6.0ms
[2022-04-09T16:16:12.163-0700][gc,phases   ] GC(0)   Post Evacuate Collection Set: 0.6ms
[2022-04-09T16:16:12.163-0700][gc,phases   ] GC(0)   Other: 0.7ms
[2022-04-09T16:16:12.163-0700][gc,heap     ] GC(0) Eden regions: 51->0(44)
[2022-04-09T16:16:12.163-0700][gc,heap     ] GC(0) Survivor regions: 0->7(7)
[2022-04-09T16:16:12.163-0700][gc,heap     ] GC(0) Old regions: 0->1
[2022-04-09T16:16:12.163-0700][gc,heap     ] GC(0) Archive regions: 2->2
[2022-04-09T16:16:12.163-0700][gc,heap     ] GC(0) Humongous regions: 0->0
[2022-04-09T16:16:12.163-0700][gc,metaspace] GC(0) Metaspace: 18822K(19008K)->18822K(19008K) NonClass: 16547K(16640K)->16547K(16640K) Class: 2275K(2368K)->2275K(2368K)
[2022-04-09T16:16:12.163-0700][gc          ] GC(0) Pause Young (Normal) (G1 Evacuation Pause) 51M->8M(1024M) 7.741ms
[2022-04-09T16:16:12.163-0700][gc,cpu      ] GC(0) User=0.03s Sys=0.01s Real=0.01s
[2022-04-09T16:16:12.366-0700][gc,start    ] GC(1) Pause Young (Concurrent Start) (Metadata GC Threshold)
[2022-04-09T16:16:12.366-0700][gc,task     ] GC(1) Using 8 workers of 8 for evacuation
[2022-04-09T16:16:12.372-0700][gc,phases   ] GC(1)   Pre Evacuate Collection Set: 0.1ms
[2022-04-09T16:16:12.372-0700][gc,phases   ] GC(1)   Merge Heap Roots: 0.0ms
[2022-04-09T16:16:12.372-0700][gc,phases   ] GC(1)   Evacuate Collection Set: 5.4ms
[2022-04-09T16:16:12.372-0700][gc,phases   ] GC(1)   Post Evacuate Collection Set: 0.3ms
[2022-04-09T16:16:12.372-0700][gc,phases   ] GC(1)   Other: 0.2ms
[2022-04-09T16:16:12.372-0700][gc,heap     ] GC(1) Eden regions: 10->0(49)
[2022-04-09T16:16:12.372-0700][gc,heap     ] GC(1) Survivor regions: 7->2(7)
[2022-04-09T16:16:12.372-0700][gc,heap     ] GC(1) Old regions: 1->7
[2022-04-09T16:16:12.372-0700][gc,heap     ] GC(1) Archive regions: 2->2
[2022-04-09T16:16:12.372-0700][gc,heap     ] GC(1) Humongous regions: 0->0
[2022-04-09T16:16:12.372-0700][gc,metaspace] GC(1) Metaspace: 21317K(21504K)->21317K(21504K) NonClass: 18724K(18816K)->18724K(18816K) Class: 2593K(2688K)->2593K(2688K)
[2022-04-09T16:16:12.372-0700][gc          ] GC(1) Pause Young (Concurrent Start) (Metadata GC Threshold) 17M->9M(1024M) 6.261ms
[2022-04-09T16:16:12.372-0700][gc,cpu      ] GC(1) User=0.02s Sys=0.02s Real=0.01s
[2022-04-09T16:16:12.372-0700][gc          ] GC(2) Concurrent Mark Cycle
[2022-04-09T16:16:12.372-0700][gc,marking  ] GC(2) Concurrent Clear Claimed Marks
[2022-04-09T16:16:12.372-0700][gc,marking  ] GC(2) Concurrent Clear Claimed Marks 0.018ms
[2022-04-09T16:16:12.372-0700][gc,marking  ] GC(2) Concurrent Scan Root Regions
[2022-04-09T16:16:12.376-0700][gc,marking  ] GC(2) Concurrent Scan Root Regions 3.352ms
[2022-04-09T16:16:12.376-0700][gc,marking  ] GC(2) Concurrent Mark
[2022-04-09T16:16:12.376-0700][gc,marking  ] GC(2) Concurrent Mark From Roots
[2022-04-09T16:16:12.376-0700][gc,task     ] GC(2) Using 2 workers of 2 for marking
[2022-04-09T16:16:12.377-0700][gc,marking  ] GC(2) Concurrent Mark From Roots 1.694ms
[2022-04-09T16:16:12.378-0700][gc,marking  ] GC(2) Concurrent Preclean
[2022-04-09T16:16:12.378-0700][gc,marking  ] GC(2) Concurrent Preclean 0.058ms
[2022-04-09T16:16:12.378-0700][gc,start    ] GC(2) Pause Remark
[2022-04-09T16:16:12.379-0700][gc          ] GC(2) Pause Remark 9M->9M(1024M) 1.266ms
[2022-04-09T16:16:12.379-0700][gc,cpu      ] GC(2) User=0.00s Sys=0.00s Real=0.00s
[2022-04-09T16:16:12.379-0700][gc,marking  ] GC(2) Concurrent Mark 3.377ms
[2022-04-09T16:16:12.379-0700][gc,marking  ] GC(2) Concurrent Rebuild Remembered Sets
[2022-04-09T16:16:12.379-0700][gc,marking  ] GC(2) Concurrent Rebuild Remembered Sets 0.008ms
[2022-04-09T16:16:12.379-0700][gc,start    ] GC(2) Pause Cleanup
[2022-04-09T16:16:12.379-0700][gc          ] GC(2) Pause Cleanup 9M->9M(1024M) 0.028ms
[2022-04-09T16:16:12.379-0700][gc,cpu      ] GC(2) User=0.00s Sys=0.00s Real=0.00s
[2022-04-09T16:16:12.379-0700][gc,marking  ] GC(2) Concurrent Cleanup for Next Mark
[2022-04-09T16:16:12.386-0700][gc,marking  ] GC(2) Concurrent Cleanup for Next Mark 6.548ms
[2022-04-09T16:16:12.386-0700][gc          ] GC(2) Concurrent Mark Cycle 13.612ms
[2022-04-09T16:16:13.308-0700][gc,start    ] GC(3) Pause Young (Normal) (G1 Evacuation Pause)
[2022-04-09T16:16:13.308-0700][gc,task     ] GC(3) Using 8 workers of 8 for evacuation
[2022-04-09T16:16:13.312-0700][gc,phases   ] GC(3)   Pre Evacuate Collection Set: 0.1ms
[2022-04-09T16:16:13.312-0700][gc,phases   ] GC(3)   Merge Heap Roots: 0.1ms
[2022-04-09T16:16:13.312-0700][gc,phases   ] GC(3)   Evacuate Collection Set: 3.2ms
[2022-04-09T16:16:13.312-0700][gc,phases   ] GC(3)   Post Evacuate Collection Set: 0.4ms
[2022-04-09T16:16:13.312-0700][gc,phases   ] GC(3)   Other: 0.1ms
[2022-04-09T16:16:13.312-0700][gc,heap     ] GC(3) Eden regions: 49->0(45)
[2022-04-09T16:16:13.312-0700][gc,heap     ] GC(3) Survivor regions: 2->6(7)
[2022-04-09T16:16:13.312-0700][gc,heap     ] GC(3) Old regions: 7->7
[2022-04-09T16:16:13.312-0700][gc,heap     ] GC(3) Archive regions: 2->2
[2022-04-09T16:16:13.312-0700][gc,heap     ] GC(3) Humongous regions: 129->129
[2022-04-09T16:16:13.312-0700][gc,metaspace] GC(3) Metaspace: 32758K(33024K)->32758K(33024K) NonClass: 29011K(29184K)->29011K(29184K) Class: 3746K(3840K)->3746K(3840K)
[2022-04-09T16:16:13.312-0700][gc          ] GC(3) Pause Young (Normal) (G1 Evacuation Pause) 187M->142M(1024M) 3.974ms
[2022-04-09T16:16:13.312-0700][gc,cpu      ] GC(3) User=0.03s Sys=0.00s Real=0.01s
[2022-04-09T16:16:13.449-0700][gc,start    ] GC(4) Pause Young (Concurrent Start) (Metadata GC Threshold)
[2022-04-09T16:16:13.449-0700][gc,task     ] GC(4) Using 8 workers of 8 for evacuation
[2022-04-09T16:16:13.453-0700][gc,phases   ] GC(4)   Pre Evacuate Collection Set: 0.1ms
[2022-04-09T16:16:13.453-0700][gc,phases   ] GC(4)   Merge Heap Roots: 0.1ms
[2022-04-09T16:16:13.453-0700][gc,phases   ] GC(4)   Evacuate Collection Set: 3.9ms
[2022-04-09T16:16:13.453-0700][gc,phases   ] GC(4)   Post Evacuate Collection Set: 0.4ms
[2022-04-09T16:16:13.453-0700][gc,phases   ] GC(4)   Other: 0.2ms
[2022-04-09T16:16:13.453-0700][gc,heap     ] GC(4) Eden regions: 14->0(49)
[2022-04-09T16:16:13.453-0700][gc,heap     ] GC(4) Survivor regions: 6->2(7)
[2022-04-09T16:16:13.453-0700][gc,heap     ] GC(4) Old regions: 7->13
[2022-04-09T16:16:13.453-0700][gc,heap     ] GC(4) Archive regions: 2->2
[2022-04-09T16:16:13.453-0700][gc,heap     ] GC(4) Humongous regions: 129->129
[2022-04-09T16:16:13.453-0700][gc,metaspace] GC(4) Metaspace: 35747K(36096K)->35747K(36096K) NonClass: 31564K(31744K)->31564K(31744K) Class: 4183K(4352K)->4183K(4352K)
[2022-04-09T16:16:13.453-0700][gc          ] GC(4) Pause Young (Concurrent Start) (Metadata GC Threshold) 155M->143M(1024M) 4.804ms
[2022-04-09T16:16:13.453-0700][gc,cpu      ] GC(4) User=0.03s Sys=0.00s Real=0.01s
[2022-04-09T16:16:13.453-0700][gc          ] GC(5) Concurrent Mark Cycle
[2022-04-09T16:16:13.453-0700][gc,marking  ] GC(5) Concurrent Clear Claimed Marks
[2022-04-09T16:16:13.454-0700][gc,marking  ] GC(5) Concurrent Clear Claimed Marks 0.026ms
[2022-04-09T16:16:13.454-0700][gc,marking  ] GC(5) Concurrent Scan Root Regions
[2022-04-09T16:16:13.457-0700][gc,marking  ] GC(5) Concurrent Scan Root Regions 3.195ms
[2022-04-09T16:16:13.457-0700][gc,marking  ] GC(5) Concurrent Mark
[2022-04-09T16:16:13.457-0700][gc,marking  ] GC(5) Concurrent Mark From Roots
[2022-04-09T16:16:13.457-0700][gc,task     ] GC(5) Using 2 workers of 2 for marking
[2022-04-09T16:16:13.464-0700][gc,marking  ] GC(5) Concurrent Mark From Roots 7.160ms
[2022-04-09T16:16:13.464-0700][gc,marking  ] GC(5) Concurrent Preclean
[2022-04-09T16:16:13.464-0700][gc,marking  ] GC(5) Concurrent Preclean 0.079ms
[2022-04-09T16:16:13.464-0700][gc,start    ] GC(5) Pause Remark
[2022-04-09T16:16:13.466-0700][gc          ] GC(5) Pause Remark 144M->144M(1024M) 1.307ms
[2022-04-09T16:16:13.466-0700][gc,cpu      ] GC(5) User=0.00s Sys=0.00s Real=0.00s
[2022-04-09T16:16:13.466-0700][gc,marking  ] GC(5) Concurrent Mark 8.940ms
[2022-04-09T16:16:13.466-0700][gc,marking  ] GC(5) Concurrent Rebuild Remembered Sets
[2022-04-09T16:16:13.470-0700][gc,marking  ] GC(5) Concurrent Rebuild Remembered Sets 4.515ms
[2022-04-09T16:16:13.470-0700][gc,start    ] GC(5) Pause Cleanup
[2022-04-09T16:16:13.471-0700][gc          ] GC(5) Pause Cleanup 144M->144M(1024M) 0.145ms
[2022-04-09T16:16:13.471-0700][gc,cpu      ] GC(5) User=0.00s Sys=0.00s Real=0.00s
[2022-04-09T16:16:13.471-0700][gc,marking  ] GC(5) Concurrent Cleanup for Next Mark
[2022-04-09T16:16:13.477-0700][gc,marking  ] GC(5) Concurrent Cleanup for Next Mark 6.795ms
[2022-04-09T16:16:13.478-0700][gc          ] GC(5) Concurrent Mark Cycle 24.099ms
[2022-04-09T16:18:09.097-0700][gc,start    ] GC(6) Pause Young (Normal) (G1 Evacuation Pause)
[2022-04-09T16:18:09.097-0700][gc,task     ] GC(6) Using 8 workers of 8 for evacuation
[2022-04-09T16:18:09.102-0700][gc,phases   ] GC(6)   Pre Evacuate Collection Set: 0.2ms
[2022-04-09T16:18:09.102-0700][gc,phases   ] GC(6)   Merge Heap Roots: 0.1ms
[2022-04-09T16:18:09.102-0700][gc,phases   ] GC(6)   Evacuate Collection Set: 4.0ms
[2022-04-09T16:18:09.102-0700][gc,phases   ] GC(6)   Post Evacuate Collection Set: 0.6ms
[2022-04-09T16:18:09.102-0700][gc,phases   ] GC(6)   Other: 0.6ms
[2022-04-09T16:18:09.102-0700][gc,heap     ] GC(6) Eden regions: 49->0(48)
[2022-04-09T16:18:09.103-0700][gc,heap     ] GC(6) Survivor regions: 2->3(7)
[2022-04-09T16:18:09.103-0700][gc,heap     ] GC(6) Old regions: 13->13
[2022-04-09T16:18:09.103-0700][gc,heap     ] GC(6) Archive regions: 2->2
[2022-04-09T16:18:09.103-0700][gc,heap     ] GC(6) Humongous regions: 129->129
[2022-04-09T16:18:09.103-0700][gc,metaspace] GC(6) Metaspace: 39098K(39616K)->39098K(39616K) NonClass: 34433K(34688K)->34433K(34688K) Class: 4664K(4928K)->4664K(4928K)
[2022-04-09T16:18:09.103-0700][gc          ] GC(6) Pause Young (Normal) (G1 Evacuation Pause) 192M->145M(1024M) 5.640ms
[2022-04-09T16:18:09.103-0700][gc,cpu      ] GC(6) User=0.02s Sys=0.00s Real=0.01s
[2022-04-09T16:19:55.806-0700][gc,start    ] GC(7) Pause Young (Normal) (G1 Evacuation Pause)
[2022-04-09T16:19:55.811-0700][gc,task     ] GC(7) Using 8 workers of 8 for evacuation
[2022-04-09T16:19:55.815-0700][gc,phases   ] GC(7)   Pre Evacuate Collection Set: 0.2ms
[2022-04-09T16:19:55.816-0700][gc,phases   ] GC(7)   Merge Heap Roots: 0.1ms
[2022-04-09T16:19:55.816-0700][gc,phases   ] GC(7)   Evacuate Collection Set: 3.5ms
[2022-04-09T16:19:55.816-0700][gc,phases   ] GC(7)   Post Evacuate Collection Set: 0.5ms
[2022-04-09T16:19:55.816-0700][gc,phases   ] GC(7)   Other: 5.5ms
[2022-04-09T16:19:55.816-0700][gc,heap     ] GC(7) Eden regions: 48->0(47)
[2022-04-09T16:19:55.816-0700][gc,heap     ] GC(7) Survivor regions: 3->4(7)
[2022-04-09T16:19:55.816-0700][gc,heap     ] GC(7) Old regions: 13->13
[2022-04-09T16:19:55.816-0700][gc,heap     ] GC(7) Archive regions: 2->2
[2022-04-09T16:19:55.816-0700][gc,heap     ] GC(7) Humongous regions: 129->129
[2022-04-09T16:19:55.816-0700][gc,metaspace] GC(7) Metaspace: 39157K(39744K)->39157K(39744K) NonClass: 34492K(34816K)->34492K(34816K) Class: 4664K(4928K)->4664K(4928K)
[2022-04-09T16:19:55.816-0700][gc          ] GC(7) Pause Young (Normal) (G1 Evacuation Pause) 193M->145M(1024M) 9.887ms
[2022-04-09T16:19:55.816-0700][gc,cpu      ] GC(7) User=0.02s Sys=0.00s Real=0.01s
[2022-04-09T16:22:03.452-0700][gc,start    ] GC(8) Pause Young (Normal) (G1 Evacuation Pause)
[2022-04-09T16:22:03.454-0700][gc,task     ] GC(8) Using 8 workers of 8 for evacuation
[2022-04-09T16:22:03.458-0700][gc,phases   ] GC(8)   Pre Evacuate Collection Set: 0.1ms
[2022-04-09T16:22:03.458-0700][gc,phases   ] GC(8)   Merge Heap Roots: 0.1ms
[2022-04-09T16:22:03.458-0700][gc,phases   ] GC(8)   Evacuate Collection Set: 3.4ms
[2022-04-09T16:22:03.458-0700][gc,phases   ] GC(8)   Post Evacuate Collection Set: 0.5ms
[2022-04-09T16:22:03.458-0700][gc,phases   ] GC(8)   Other: 2.2ms
[2022-04-09T16:22:03.458-0700][gc,heap     ] GC(8) Eden regions: 47->0(48)
[2022-04-09T16:22:03.458-0700][gc,heap     ] GC(8) Survivor regions: 4->4(7)
[2022-04-09T16:22:03.458-0700][gc,heap     ] GC(8) Old regions: 13->13
[2022-04-09T16:22:03.458-0700][gc,heap     ] GC(8) Archive regions: 2->2
[2022-04-09T16:22:03.458-0700][gc,heap     ] GC(8) Humongous regions: 129->129
[2022-04-09T16:22:03.458-0700][gc,metaspace] GC(8) Metaspace: 39194K(39744K)->39194K(39744K) NonClass: 34529K(34816K)->34529K(34816K) Class: 4665K(4928K)->4665K(4928K)
[2022-04-09T16:22:03.458-0700][gc          ] GC(8) Pause Young (Normal) (G1 Evacuation Pause) 192M->146M(1024M) 6.448ms
[2022-04-09T16:22:03.458-0700][gc,cpu      ] GC(8) User=0.02s Sys=0.00s Real=0.00s
[2022-04-09T16:24:40.064-0700][gc,start    ] GC(9) Pause Young (Normal) (G1 Evacuation Pause)
[2022-04-09T16:24:40.064-0700][gc,task     ] GC(9) Using 8 workers of 8 for evacuation
[2022-04-09T16:24:40.070-0700][gc,phases   ] GC(9)   Pre Evacuate Collection Set: 0.2ms
[2022-04-09T16:24:40.070-0700][gc,phases   ] GC(9)   Merge Heap Roots: 0.1ms
[2022-04-09T16:24:40.070-0700][gc,phases   ] GC(9)   Evacuate Collection Set: 4.7ms
[2022-04-09T16:24:40.070-0700][gc,phases   ] GC(9)   Post Evacuate Collection Set: 0.7ms
[2022-04-09T16:24:40.070-0700][gc,phases   ] GC(9)   Other: 0.5ms
[2022-04-09T16:24:40.070-0700][gc,heap     ] GC(9) Eden regions: 48->0(69)
[2022-04-09T16:24:40.070-0700][gc,heap     ] GC(9) Survivor regions: 4->4(7)
[2022-04-09T16:24:40.070-0700][gc,heap     ] GC(9) Old regions: 13->14
[2022-04-09T16:24:40.070-0700][gc,heap     ] GC(9) Archive regions: 2->2
[2022-04-09T16:24:40.070-0700][gc,heap     ] GC(9) Humongous regions: 129->129
[2022-04-09T16:24:40.070-0700][gc,metaspace] GC(9) Metaspace: 39320K(39936K)->39320K(39936K) NonClass: 34651K(35008K)->34651K(35008K) Class: 4668K(4928K)->4668K(4928K)
[2022-04-09T16:24:40.070-0700][gc          ] GC(9) Pause Young (Normal) (G1 Evacuation Pause) 194M->146M(1024M) 6.394ms
[2022-04-09T16:24:40.070-0700][gc,cpu      ] GC(9) User=0.03s Sys=0.01s Real=0.01s
[2022-04-09T16:27:42.327-0700][gc,start    ] GC(10) Pause Young (Normal) (G1 Evacuation Pause)
[2022-04-09T16:27:42.332-0700][gc,task     ] GC(10) Using 8 workers of 8 for evacuation
[2022-04-09T16:27:42.336-0700][gc,phases   ] GC(10)   Pre Evacuate Collection Set: 0.1ms
[2022-04-09T16:27:42.336-0700][gc,phases   ] GC(10)   Merge Heap Roots: 0.0ms
[2022-04-09T16:27:42.336-0700][gc,phases   ] GC(10)   Evacuate Collection Set: 2.5ms
[2022-04-09T16:27:42.336-0700][gc,phases   ] GC(10)   Post Evacuate Collection Set: 0.4ms
[2022-04-09T16:27:42.336-0700][gc,phases   ] GC(10)   Other: 5.5ms
[2022-04-09T16:27:42.336-0700][gc,heap     ] GC(10) Eden regions: 69->0(169)
[2022-04-09T16:27:42.336-0700][gc,heap     ] GC(10) Survivor regions: 4->3(10)
[2022-04-09T16:27:42.336-0700][gc,heap     ] GC(10) Old regions: 14->14
[2022-04-09T16:27:42.336-0700][gc,heap     ] GC(10) Archive regions: 2->2
[2022-04-09T16:27:42.336-0700][gc,heap     ] GC(10) Humongous regions: 129->129
[2022-04-09T16:27:42.336-0700][gc,metaspace] GC(10) Metaspace: 39392K(39936K)->39392K(39936K) NonClass: 34723K(35008K)->34723K(35008K) Class: 4669K(4928K)->4669K(4928K)
[2022-04-09T16:27:42.336-0700][gc          ] GC(10) Pause Young (Normal) (G1 Evacuation Pause) 215M->145M(1024M) 8.714ms
[2022-04-09T16:27:42.336-0700][gc,cpu      ] GC(10) User=0.02s Sys=0.00s Real=0.01s
[2022-04-09T16:35:17.856-0700][gc,start    ] GC(11) Pause Young (Normal) (G1 Evacuation Pause)
[2022-04-09T16:35:17.858-0700][gc,task     ] GC(11) Using 8 workers of 8 for evacuation
[2022-04-09T16:35:17.866-0700][gc,phases   ] GC(11)   Pre Evacuate Collection Set: 0.4ms
[2022-04-09T16:35:17.866-0700][gc,phases   ] GC(11)   Merge Heap Roots: 0.2ms
[2022-04-09T16:35:17.866-0700][gc,phases   ] GC(11)   Evacuate Collection Set: 6.2ms
[2022-04-09T16:35:17.866-0700][gc,phases   ] GC(11)   Post Evacuate Collection Set: 0.7ms
[2022-04-09T16:35:17.866-0700][gc,phases   ] GC(11)   Other: 2.4ms
[2022-04-09T16:35:17.867-0700][gc,heap     ] GC(11) Eden regions: 169->0(610)
[2022-04-09T16:35:17.867-0700][gc,heap     ] GC(11) Survivor regions: 3->4(22)
[2022-04-09T16:35:17.867-0700][gc,heap     ] GC(11) Old regions: 14->14
[2022-04-09T16:35:17.867-0700][gc,heap     ] GC(11) Archive regions: 2->2
[2022-04-09T16:35:17.867-0700][gc,heap     ] GC(11) Humongous regions: 129->129
[2022-04-09T16:35:17.867-0700][gc,metaspace] GC(11) Metaspace: 39531K(40064K)->39531K(40064K) NonClass: 34862K(35136K)->34862K(35136K) Class: 4669K(4928K)->4669K(4928K)
[2022-04-09T16:35:17.867-0700][gc          ] GC(11) Pause Young (Normal) (G1 Evacuation Pause) 314M->146M(1024M) 10.185ms
[2022-04-09T16:35:17.867-0700][gc,cpu      ] GC(11) User=0.03s Sys=0.01s Real=0.01s
[2022-04-09T18:51:53.453-0700][gc,start    ] GC(12) Pause Young (Normal) (G1 Evacuation Pause)
[2022-04-09T18:51:53.459-0700][gc,task     ] GC(12) Using 8 workers of 8 for evacuation
[2022-04-09T18:51:53.466-0700][gc,phases   ] GC(12)   Pre Evacuate Collection Set: 0.3ms
[2022-04-09T18:51:53.466-0700][gc,phases   ] GC(12)   Merge Heap Roots: 0.2ms
[2022-04-09T18:51:53.466-0700][gc,phases   ] GC(12)   Evacuate Collection Set: 5.3ms
[2022-04-09T18:51:53.466-0700][gc,phases   ] GC(12)   Post Evacuate Collection Set: 1.0ms
[2022-04-09T18:51:53.466-0700][gc,phases   ] GC(12)   Other: 6.5ms
[2022-04-09T18:51:53.466-0700][gc,heap     ] GC(12) Eden regions: 610->0(610)
[2022-04-09T18:51:53.466-0700][gc,heap     ] GC(12) Survivor regions: 4->4(77)
[2022-04-09T18:51:53.466-0700][gc,heap     ] GC(12) Old regions: 14->14
[2022-04-09T18:51:53.466-0700][gc,heap     ] GC(12) Archive regions: 2->2
[2022-04-09T18:51:53.466-0700][gc,heap     ] GC(12) Humongous regions: 129->129
[2022-04-09T18:51:53.466-0700][gc,metaspace] GC(12) Metaspace: 39899K(40448K)->39899K(40448K) NonClass: 35226K(35520K)->35226K(35520K) Class: 4672K(4928K)->4672K(4928K)
[2022-04-09T18:51:53.466-0700][gc          ] GC(12) Pause Young (Normal) (G1 Evacuation Pause) 756M->147M(1024M) 13.503ms
[2022-04-09T18:51:53.466-0700][gc,cpu      ] GC(12) User=0.04s Sys=0.01s Real=0.01s
[2022-04-10T15:21:51.537-0700][gc,heap,exit] Heap
[2022-04-10T15:21:51.538-0700][gc,heap,exit]  garbage-first heap   total 1048576K, used 710222K [0x00000007c0000000, 0x0000000800000000)
[2022-04-10T15:21:51.538-0700][gc,heap,exit]   region size 1024K, 551 young (564224K), 4 survivors (4096K)
[2022-04-10T15:21:51.538-0700][gc,heap,exit]  Metaspace       used 40739K, committed 41280K, reserved 1089536K
[2022-04-10T15:21:51.538-0700][gc,heap,exit]   class space    used 4840K, committed 5120K, reserved 1048576K
