[2022-04-08T23:34:53.297-0700][gc] Using G1
[2022-04-08T23:34:53.305-0700][gc,init] Version: 17.0.2+8 (release)
[2022-04-08T23:34:53.305-0700][gc,init] CPUs: 8 total, 8 available
[2022-04-08T23:34:53.305-0700][gc,init] Memory: 16384M
[2022-04-08T23:34:53.305-0700][gc,init] Large Page Support: Disabled
[2022-04-08T23:34:53.305-0700][gc,init] NUMA Support: Disabled
[2022-04-08T23:34:53.305-0700][gc,init] Compressed Oops: Enabled (Zero based)
[2022-04-08T23:34:53.305-0700][gc,init] Heap Region Size: 1M
[2022-04-08T23:34:53.305-0700][gc,init] Heap Min Capacity: 1G
[2022-04-08T23:34:53.305-0700][gc,init] Heap Initial Capacity: 1G
[2022-04-08T23:34:53.305-0700][gc,init] Heap Max Capacity: 1G
[2022-04-08T23:34:53.305-0700][gc,init] Pre-touch: Disabled
[2022-04-08T23:34:53.305-0700][gc,init] Parallel Workers: 8
[2022-04-08T23:34:53.305-0700][gc,init] Concurrent Workers: 2
[2022-04-08T23:34:53.305-0700][gc,init] Concurrent Refinement Workers: 8
[2022-04-08T23:34:53.305-0700][gc,init] Periodic GC: Disabled
[2022-04-08T23:34:53.305-0700][gc,metaspace] CDS archive(s) mapped at: [0x0000000800000000-0x0000000800bd2000-0x0000000800bd2000), size 12394496, SharedBaseAddress: 0x0000000800000000, ArchiveRelocationMode: 0.
[2022-04-08T23:34:53.305-0700][gc,metaspace] Compressed class space mapped at: 0x0000000800c00000-0x0000000840c00000, reserved size: 1073741824
[2022-04-08T23:34:53.305-0700][gc,metaspace] Narrow klass base: 0x0000000800000000, Narrow klass shift: 0, Narrow klass range: 0x100000000
[2022-04-08T23:35:00.244-0700][gc,start    ] GC(0) Pause Young (Normal) (G1 Evacuation Pause)
[2022-04-08T23:35:00.244-0700][gc,task     ] GC(0) Using 8 workers of 8 for evacuation
[2022-04-08T23:35:00.249-0700][gc,phases   ] GC(0)   Pre Evacuate Collection Set: 0.1ms
[2022-04-08T23:35:00.249-0700][gc,phases   ] GC(0)   Merge Heap Roots: 0.1ms
[2022-04-08T23:35:00.249-0700][gc,phases   ] GC(0)   Evacuate Collection Set: 4.2ms
[2022-04-08T23:35:00.249-0700][gc,phases   ] GC(0)   Post Evacuate Collection Set: 0.5ms
[2022-04-08T23:35:00.249-0700][gc,phases   ] GC(0)   Other: 0.5ms
[2022-04-08T23:35:00.249-0700][gc,heap     ] GC(0) Eden regions: 51->0(44)
[2022-04-08T23:35:00.249-0700][gc,heap     ] GC(0) Survivor regions: 0->7(7)
[2022-04-08T23:35:00.249-0700][gc,heap     ] GC(0) Old regions: 0->1
[2022-04-08T23:35:00.249-0700][gc,heap     ] GC(0) Archive regions: 2->2
[2022-04-08T23:35:00.249-0700][gc,heap     ] GC(0) Humongous regions: 0->0
[2022-04-08T23:35:00.249-0700][gc,metaspace] GC(0) Metaspace: 19080K(19200K)->19080K(19200K) NonClass: 16770K(16832K)->16770K(16832K) Class: 2310K(2368K)->2310K(2368K)
[2022-04-08T23:35:00.249-0700][gc          ] GC(0) Pause Young (Normal) (G1 Evacuation Pause) 51M->8M(1024M) 5.506ms
[2022-04-08T23:35:00.249-0700][gc,cpu      ] GC(0) User=0.03s Sys=0.00s Real=0.00s
[2022-04-08T23:35:00.532-0700][gc,start    ] GC(1) Pause Young (Concurrent Start) (Metadata GC Threshold)
[2022-04-08T23:35:00.532-0700][gc,task     ] GC(1) Using 8 workers of 8 for evacuation
[2022-04-08T23:35:00.539-0700][gc,phases   ] GC(1)   Pre Evacuate Collection Set: 0.1ms
[2022-04-08T23:35:00.539-0700][gc,phases   ] GC(1)   Merge Heap Roots: 0.1ms
[2022-04-08T23:35:00.539-0700][gc,phases   ] GC(1)   Evacuate Collection Set: 4.6ms
[2022-04-08T23:35:00.539-0700][gc,phases   ] GC(1)   Post Evacuate Collection Set: 0.6ms
[2022-04-08T23:35:00.539-0700][gc,phases   ] GC(1)   Other: 1.1ms
[2022-04-08T23:35:00.539-0700][gc,heap     ] GC(1) Eden regions: 11->0(49)
[2022-04-08T23:35:00.539-0700][gc,heap     ] GC(1) Survivor regions: 7->2(7)
[2022-04-08T23:35:00.539-0700][gc,heap     ] GC(1) Old regions: 1->7
[2022-04-08T23:35:00.539-0700][gc,heap     ] GC(1) Archive regions: 2->2
[2022-04-08T23:35:00.539-0700][gc,heap     ] GC(1) Humongous regions: 129->129
[2022-04-08T23:35:00.539-0700][gc,metaspace] GC(1) Metaspace: 21280K(21504K)->21280K(21504K) NonClass: 18696K(18816K)->18696K(18816K) Class: 2584K(2688K)->2584K(2688K)
[2022-04-08T23:35:00.539-0700][gc          ] GC(1) Pause Young (Concurrent Start) (Metadata GC Threshold) 147M->138M(1024M) 6.742ms
[2022-04-08T23:35:00.539-0700][gc,cpu      ] GC(1) User=0.03s Sys=0.02s Real=0.00s
[2022-04-08T23:35:00.539-0700][gc          ] GC(2) Concurrent Mark Cycle
[2022-04-08T23:35:00.539-0700][gc,marking  ] GC(2) Concurrent Clear Claimed Marks
[2022-04-08T23:35:00.539-0700][gc,marking  ] GC(2) Concurrent Clear Claimed Marks 0.016ms
[2022-04-08T23:35:00.539-0700][gc,marking  ] GC(2) Concurrent Scan Root Regions
[2022-04-08T23:35:00.542-0700][gc,marking  ] GC(2) Concurrent Scan Root Regions 2.496ms
[2022-04-08T23:35:00.542-0700][gc,marking  ] GC(2) Concurrent Mark
[2022-04-08T23:35:00.542-0700][gc,marking  ] GC(2) Concurrent Mark From Roots
[2022-04-08T23:35:00.542-0700][gc,task     ] GC(2) Using 2 workers of 2 for marking
[2022-04-08T23:35:00.545-0700][gc,marking  ] GC(2) Concurrent Mark From Roots 3.379ms
[2022-04-08T23:35:00.545-0700][gc,marking  ] GC(2) Concurrent Preclean
[2022-04-08T23:35:00.545-0700][gc,marking  ] GC(2) Concurrent Preclean 0.047ms
[2022-04-08T23:35:00.546-0700][gc,start    ] GC(2) Pause Remark
[2022-04-08T23:35:00.547-0700][gc          ] GC(2) Pause Remark 138M->138M(1024M) 1.762ms
[2022-04-08T23:35:00.547-0700][gc,cpu      ] GC(2) User=0.00s Sys=0.00s Real=0.00s
[2022-04-08T23:35:00.547-0700][gc,marking  ] GC(2) Concurrent Mark 5.537ms
[2022-04-08T23:35:00.547-0700][gc,marking  ] GC(2) Concurrent Rebuild Remembered Sets
[2022-04-08T23:35:00.547-0700][gc,marking  ] GC(2) Concurrent Rebuild Remembered Sets 0.008ms
[2022-04-08T23:35:00.548-0700][gc,start    ] GC(2) Pause Cleanup
[2022-04-08T23:35:00.548-0700][gc          ] GC(2) Pause Cleanup 138M->138M(1024M) 0.014ms
[2022-04-08T23:35:00.548-0700][gc,cpu      ] GC(2) User=0.00s Sys=0.00s Real=0.00s
[2022-04-08T23:35:00.548-0700][gc,marking  ] GC(2) Concurrent Cleanup for Next Mark
[2022-04-08T23:35:00.556-0700][gc,marking  ] GC(2) Concurrent Cleanup for Next Mark 8.464ms
[2022-04-08T23:35:00.557-0700][gc          ] GC(2) Concurrent Mark Cycle 17.248ms
[2022-04-08T23:35:01.434-0700][gc,start    ] GC(3) Pause Young (Normal) (G1 Evacuation Pause)
[2022-04-08T23:35:01.434-0700][gc,task     ] GC(3) Using 8 workers of 8 for evacuation
[2022-04-08T23:35:01.437-0700][gc,phases   ] GC(3)   Pre Evacuate Collection Set: 0.1ms
[2022-04-08T23:35:01.437-0700][gc,phases   ] GC(3)   Merge Heap Roots: 0.1ms
[2022-04-08T23:35:01.437-0700][gc,phases   ] GC(3)   Evacuate Collection Set: 2.9ms
[2022-04-08T23:35:01.437-0700][gc,phases   ] GC(3)   Post Evacuate Collection Set: 0.4ms
[2022-04-08T23:35:01.437-0700][gc,phases   ] GC(3)   Other: 0.1ms
[2022-04-08T23:35:01.437-0700][gc,heap     ] GC(3) Eden regions: 49->0(45)
[2022-04-08T23:35:01.437-0700][gc,heap     ] GC(3) Survivor regions: 2->6(7)
[2022-04-08T23:35:01.437-0700][gc,heap     ] GC(3) Old regions: 7->7
[2022-04-08T23:35:01.437-0700][gc,heap     ] GC(3) Archive regions: 2->2
[2022-04-08T23:35:01.437-0700][gc,heap     ] GC(3) Humongous regions: 129->129
[2022-04-08T23:35:01.437-0700][gc,metaspace] GC(3) Metaspace: 32645K(32960K)->32645K(32960K) NonClass: 28930K(29120K)->28930K(29120K) Class: 3714K(3840K)->3714K(3840K)
[2022-04-08T23:35:01.437-0700][gc          ] GC(3) Pause Young (Normal) (G1 Evacuation Pause) 187M->142M(1024M) 3.692ms
[2022-04-08T23:35:01.437-0700][gc,cpu      ] GC(3) User=0.03s Sys=0.00s Real=0.00s
[2022-04-08T23:36:17.726-0700][gc,start    ] GC(4) Pause Young (Concurrent Start) (Metadata GC Threshold)
[2022-04-08T23:36:17.726-0700][gc,task     ] GC(4) Using 8 workers of 8 for evacuation
[2022-04-08T23:36:17.732-0700][gc,phases   ] GC(4)   Pre Evacuate Collection Set: 0.2ms
[2022-04-08T23:36:17.732-0700][gc,phases   ] GC(4)   Merge Heap Roots: 0.1ms
[2022-04-08T23:36:17.732-0700][gc,phases   ] GC(4)   Evacuate Collection Set: 4.6ms
[2022-04-08T23:36:17.732-0700][gc,phases   ] GC(4)   Post Evacuate Collection Set: 0.6ms
[2022-04-08T23:36:17.732-0700][gc,phases   ] GC(4)   Other: 0.5ms
[2022-04-08T23:36:17.732-0700][gc,heap     ] GC(4) Eden regions: 17->0(49)
[2022-04-08T23:36:17.732-0700][gc,heap     ] GC(4) Survivor regions: 6->2(7)
[2022-04-08T23:36:17.732-0700][gc,heap     ] GC(4) Old regions: 7->13
[2022-04-08T23:36:17.732-0700][gc,heap     ] GC(4) Archive regions: 2->2
[2022-04-08T23:36:17.732-0700][gc,heap     ] GC(4) Humongous regions: 129->129
[2022-04-08T23:36:17.732-0700][gc,metaspace] GC(4) Metaspace: 35860K(36160K)->35860K(36160K) NonClass: 31588K(31744K)->31588K(31744K) Class: 4272K(4416K)->4272K(4416K)
[2022-04-08T23:36:17.732-0700][gc          ] GC(4) Pause Young (Concurrent Start) (Metadata GC Threshold) 158M->143M(1024M) 6.030ms
[2022-04-08T23:36:17.732-0700][gc,cpu      ] GC(4) User=0.03s Sys=0.01s Real=0.01s
[2022-04-08T23:36:17.732-0700][gc          ] GC(5) Concurrent Mark Cycle
[2022-04-08T23:36:17.732-0700][gc,marking  ] GC(5) Concurrent Clear Claimed Marks
[2022-04-08T23:36:17.732-0700][gc,marking  ] GC(5) Concurrent Clear Claimed Marks 0.032ms
[2022-04-08T23:36:17.732-0700][gc,marking  ] GC(5) Concurrent Scan Root Regions
[2022-04-08T23:36:17.735-0700][gc,marking  ] GC(5) Concurrent Scan Root Regions 3.382ms
[2022-04-08T23:36:17.735-0700][gc,marking  ] GC(5) Concurrent Mark
[2022-04-08T23:36:17.735-0700][gc,marking  ] GC(5) Concurrent Mark From Roots
[2022-04-08T23:36:17.735-0700][gc,task     ] GC(5) Using 2 workers of 2 for marking
[2022-04-08T23:36:17.741-0700][gc,marking  ] GC(5) Concurrent Mark From Roots 5.967ms
[2022-04-08T23:36:17.741-0700][gc,marking  ] GC(5) Concurrent Preclean
[2022-04-08T23:36:17.741-0700][gc,marking  ] GC(5) Concurrent Preclean 0.082ms
[2022-04-08T23:36:17.742-0700][gc,start    ] GC(5) Pause Remark
[2022-04-08T23:36:17.744-0700][gc          ] GC(5) Pause Remark 143M->143M(1024M) 1.963ms
[2022-04-08T23:36:17.744-0700][gc,cpu      ] GC(5) User=0.01s Sys=0.00s Real=0.00s
[2022-04-08T23:36:17.744-0700][gc,marking  ] GC(5) Concurrent Mark 8.352ms
[2022-04-08T23:36:17.744-0700][gc,marking  ] GC(5) Concurrent Rebuild Remembered Sets
[2022-04-08T23:36:17.749-0700][gc,marking  ] GC(5) Concurrent Rebuild Remembered Sets 5.738ms
[2022-04-08T23:36:17.750-0700][gc,start    ] GC(5) Pause Cleanup
[2022-04-08T23:36:17.750-0700][gc          ] GC(5) Pause Cleanup 144M->144M(1024M) 0.150ms
[2022-04-08T23:36:17.750-0700][gc,cpu      ] GC(5) User=0.00s Sys=0.00s Real=0.00s
[2022-04-08T23:36:17.750-0700][gc,marking  ] GC(5) Concurrent Cleanup for Next Mark
[2022-04-08T23:36:17.757-0700][gc,marking  ] GC(5) Concurrent Cleanup for Next Mark 6.677ms
[2022-04-08T23:36:17.757-0700][gc          ] GC(5) Concurrent Mark Cycle 24.854ms
[2022-04-08T23:40:24.455-0700][gc,start    ] GC(6) Pause Young (Normal) (G1 Evacuation Pause)
[2022-04-08T23:40:24.461-0700][gc,task     ] GC(6) Using 8 workers of 8 for evacuation
[2022-04-08T23:40:24.467-0700][gc,phases   ] GC(6)   Pre Evacuate Collection Set: 0.3ms
[2022-04-08T23:40:24.467-0700][gc,phases   ] GC(6)   Merge Heap Roots: 0.1ms
[2022-04-08T23:40:24.467-0700][gc,phases   ] GC(6)   Evacuate Collection Set: 5.1ms
[2022-04-08T23:40:24.467-0700][gc,phases   ] GC(6)   Post Evacuate Collection Set: 0.5ms
[2022-04-08T23:40:24.467-0700][gc,phases   ] GC(6)   Other: 5.8ms
[2022-04-08T23:40:24.467-0700][gc,heap     ] GC(6) Eden regions: 49->0(47)
[2022-04-08T23:40:24.467-0700][gc,heap     ] GC(6) Survivor regions: 2->4(7)
[2022-04-08T23:40:24.467-0700][gc,heap     ] GC(6) Old regions: 13->13
[2022-04-08T23:40:24.467-0700][gc,heap     ] GC(6) Archive regions: 2->2
[2022-04-08T23:40:24.467-0700][gc,heap     ] GC(6) Humongous regions: 129->129
[2022-04-08T23:40:24.467-0700][gc,metaspace] GC(6) Metaspace: 39146K(39680K)->39146K(39680K) NonClass: 34470K(34752K)->34470K(34752K) Class: 4675K(4928K)->4675K(4928K)
[2022-04-08T23:40:24.467-0700][gc          ] GC(6) Pause Young (Normal) (G1 Evacuation Pause) 192M->145M(1024M) 11.976ms
[2022-04-08T23:40:24.467-0700][gc,cpu      ] GC(6) User=0.03s Sys=0.00s Real=0.01s
[2022-04-08T23:42:48.411-0700][gc,start    ] GC(7) Pause Young (Normal) (G1 Evacuation Pause)
[2022-04-08T23:42:48.411-0700][gc,task     ] GC(7) Using 8 workers of 8 for evacuation
[2022-04-08T23:42:48.417-0700][gc,phases   ] GC(7)   Pre Evacuate Collection Set: 0.3ms
[2022-04-08T23:42:48.417-0700][gc,phases   ] GC(7)   Merge Heap Roots: 0.1ms
[2022-04-08T23:42:48.417-0700][gc,phases   ] GC(7)   Evacuate Collection Set: 4.5ms
[2022-04-08T23:42:48.417-0700][gc,phases   ] GC(7)   Post Evacuate Collection Set: 0.5ms
[2022-04-08T23:42:48.417-0700][gc,phases   ] GC(7)   Other: 0.3ms
[2022-04-08T23:42:48.417-0700][gc,heap     ] GC(7) Eden regions: 47->0(47)
[2022-04-08T23:42:48.417-0700][gc,heap     ] GC(7) Survivor regions: 4->4(7)
[2022-04-08T23:42:48.417-0700][gc,heap     ] GC(7) Old regions: 13->14
[2022-04-08T23:42:48.417-0700][gc,heap     ] GC(7) Archive regions: 2->2
[2022-04-08T23:42:48.417-0700][gc,heap     ] GC(7) Humongous regions: 129->129
[2022-04-08T23:42:48.417-0700][gc,metaspace] GC(7) Metaspace: 39227K(39744K)->39227K(39744K) NonClass: 34539K(34816K)->34539K(34816K) Class: 4687K(4928K)->4687K(4928K)
[2022-04-08T23:42:48.417-0700][gc          ] GC(7) Pause Young (Normal) (G1 Evacuation Pause) 192M->146M(1024M) 5.865ms
[2022-04-08T23:42:48.417-0700][gc,cpu      ] GC(7) User=0.03s Sys=0.00s Real=0.00s
[2022-04-08T23:45:30.066-0700][gc,start    ] GC(8) Pause Young (Normal) (G1 Evacuation Pause)
[2022-04-08T23:45:30.071-0700][gc,task     ] GC(8) Using 8 workers of 8 for evacuation
[2022-04-08T23:45:30.075-0700][gc,phases   ] GC(8)   Pre Evacuate Collection Set: 0.1ms
[2022-04-08T23:45:30.075-0700][gc,phases   ] GC(8)   Merge Heap Roots: 0.1ms
[2022-04-08T23:45:30.075-0700][gc,phases   ] GC(8)   Evacuate Collection Set: 3.7ms
[2022-04-08T23:45:30.075-0700][gc,phases   ] GC(8)   Post Evacuate Collection Set: 0.3ms
[2022-04-08T23:45:30.075-0700][gc,phases   ] GC(8)   Other: 5.4ms
[2022-04-08T23:45:30.075-0700][gc,heap     ] GC(8) Eden regions: 47->0(47)
[2022-04-08T23:45:30.075-0700][gc,heap     ] GC(8) Survivor regions: 4->4(7)
[2022-04-08T23:45:30.075-0700][gc,heap     ] GC(8) Old regions: 14->14
[2022-04-08T23:45:30.075-0700][gc,heap     ] GC(8) Archive regions: 2->2
[2022-04-08T23:45:30.075-0700][gc,heap     ] GC(8) Humongous regions: 129->129
[2022-04-08T23:45:30.075-0700][gc,metaspace] GC(8) Metaspace: 39266K(39808K)->39266K(39808K) NonClass: 34578K(34880K)->34578K(34880K) Class: 4687K(4928K)->4687K(4928K)
[2022-04-08T23:45:30.076-0700][gc          ] GC(8) Pause Young (Normal) (G1 Evacuation Pause) 193M->146M(1024M) 9.715ms
[2022-04-08T23:45:30.076-0700][gc,cpu      ] GC(8) User=0.02s Sys=0.01s Real=0.01s
[2022-04-08T23:48:16.653-0700][gc,start    ] GC(9) Pause Young (Normal) (G1 Evacuation Pause)
[2022-04-08T23:48:16.653-0700][gc,task     ] GC(9) Using 8 workers of 8 for evacuation
[2022-04-08T23:48:16.657-0700][gc,phases   ] GC(9)   Pre Evacuate Collection Set: 0.1ms
[2022-04-08T23:48:16.657-0700][gc,phases   ] GC(9)   Merge Heap Roots: 0.1ms
[2022-04-08T23:48:16.657-0700][gc,phases   ] GC(9)   Evacuate Collection Set: 3.1ms
[2022-04-08T23:48:16.657-0700][gc,phases   ] GC(9)   Post Evacuate Collection Set: 0.4ms
[2022-04-08T23:48:16.657-0700][gc,phases   ] GC(9)   Other: 0.2ms
[2022-04-08T23:48:16.657-0700][gc,heap     ] GC(9) Eden regions: 47->0(84)
[2022-04-08T23:48:16.657-0700][gc,heap     ] GC(9) Survivor regions: 4->3(7)
[2022-04-08T23:48:16.657-0700][gc,heap     ] GC(9) Old regions: 14->14
[2022-04-08T23:48:16.657-0700][gc,heap     ] GC(9) Archive regions: 2->2
[2022-04-08T23:48:16.657-0700][gc,heap     ] GC(9) Humongous regions: 129->129
[2022-04-08T23:48:16.658-0700][gc,metaspace] GC(9) Metaspace: 39347K(39872K)->39347K(39872K) NonClass: 34659K(34944K)->34659K(34944K) Class: 4688K(4928K)->4688K(4928K)
[2022-04-08T23:48:16.658-0700][gc          ] GC(9) Pause Young (Normal) (G1 Evacuation Pause) 193M->145M(1024M) 4.178ms
[2022-04-08T23:48:16.658-0700][gc,cpu      ] GC(9) User=0.02s Sys=0.00s Real=0.00s
[2022-04-08T23:53:15.761-0700][gc,start    ] GC(10) Pause Young (Normal) (G1 Evacuation Pause)
[2022-04-08T23:53:15.761-0700][gc,task     ] GC(10) Using 8 workers of 8 for evacuation
[2022-04-08T23:53:15.765-0700][gc,phases   ] GC(10)   Pre Evacuate Collection Set: 0.1ms
[2022-04-08T23:53:15.765-0700][gc,phases   ] GC(10)   Merge Heap Roots: 0.1ms
[2022-04-08T23:53:15.765-0700][gc,phases   ] GC(10)   Evacuate Collection Set: 3.0ms
[2022-04-08T23:53:15.765-0700][gc,phases   ] GC(10)   Post Evacuate Collection Set: 0.5ms
[2022-04-08T23:53:15.765-0700][gc,phases   ] GC(10)   Other: 0.6ms
[2022-04-08T23:53:15.766-0700][gc,heap     ] GC(10) Eden regions: 84->0(463)
[2022-04-08T23:53:15.766-0700][gc,heap     ] GC(10) Survivor regions: 3->3(11)
[2022-04-08T23:53:15.766-0700][gc,heap     ] GC(10) Old regions: 14->14
[2022-04-08T23:53:15.766-0700][gc,heap     ] GC(10) Archive regions: 2->2
[2022-04-08T23:53:15.766-0700][gc,heap     ] GC(10) Humongous regions: 129->129
[2022-04-08T23:53:15.766-0700][gc,metaspace] GC(10) Metaspace: 39435K(39936K)->39435K(39936K) NonClass: 34746K(35008K)->34746K(35008K) Class: 4688K(4928K)->4688K(4928K)
[2022-04-08T23:53:15.766-0700][gc          ] GC(10) Pause Young (Normal) (G1 Evacuation Pause) 229M->145M(1024M) 4.535ms
[2022-04-08T23:53:15.766-0700][gc,cpu      ] GC(10) User=0.01s Sys=0.01s Real=0.00s
[2022-04-09T05:17:54.062-0700][gc,start    ] GC(11) Pause Young (Normal) (G1 Evacuation Pause)
[2022-04-09T05:17:54.062-0700][gc,task     ] GC(11) Using 8 workers of 8 for evacuation
[2022-04-09T05:17:54.109-0700][gc,mmu      ] GC(11) MMU target violated: 21.0ms (20.0ms/21.0ms)
[2022-04-09T05:17:54.109-0700][gc,phases   ] GC(11)   Pre Evacuate Collection Set: 0.8ms
[2022-04-09T05:17:54.109-0700][gc,phases   ] GC(11)   Merge Heap Roots: 0.4ms
[2022-04-09T05:17:54.109-0700][gc,phases   ] GC(11)   Evacuate Collection Set: 42.5ms
[2022-04-09T05:17:54.109-0700][gc,phases   ] GC(11)   Post Evacuate Collection Set: 1.8ms
[2022-04-09T05:17:54.109-0700][gc,phases   ] GC(11)   Other: 3.5ms
[2022-04-09T05:17:54.109-0700][gc,heap     ] GC(11) Eden regions: 463->0(47)
[2022-04-09T05:17:54.109-0700][gc,heap     ] GC(11) Survivor regions: 3->4(59)
[2022-04-09T05:17:54.109-0700][gc,heap     ] GC(11) Old regions: 14->14
[2022-04-09T05:17:54.109-0700][gc,heap     ] GC(11) Archive regions: 2->2
[2022-04-09T05:17:54.109-0700][gc,heap     ] GC(11) Humongous regions: 129->129
[2022-04-09T05:17:54.109-0700][gc,metaspace] GC(11) Metaspace: 39818K(40384K)->39818K(40384K) NonClass: 35088K(35392K)->35088K(35392K) Class: 4730K(4992K)->4730K(4992K)
[2022-04-09T05:17:54.109-0700][gc          ] GC(11) Pause Young (Normal) (G1 Evacuation Pause) 608M->146M(1024M) 47.626ms
[2022-04-09T05:17:54.109-0700][gc,cpu      ] GC(11) User=0.04s Sys=0.15s Real=0.04s
[2022-04-09T11:29:02.492-0700][gc,start    ] GC(12) Pause Young (Normal) (G1 Evacuation Pause)
[2022-04-09T11:29:02.492-0700][gc,task     ] GC(12) Using 8 workers of 8 for evacuation
[2022-04-09T11:29:02.510-0700][gc,phases   ] GC(12)   Pre Evacuate Collection Set: 1.9ms
[2022-04-09T11:29:02.510-0700][gc,phases   ] GC(12)   Merge Heap Roots: 0.5ms
[2022-04-09T11:29:02.510-0700][gc,phases   ] GC(12)   Evacuate Collection Set: 14.8ms
[2022-04-09T11:29:02.511-0700][gc,phases   ] GC(12)   Post Evacuate Collection Set: 0.8ms
[2022-04-09T11:29:02.511-0700][gc,phases   ] GC(12)   Other: 1.2ms
[2022-04-09T11:29:02.511-0700][gc,heap     ] GC(12) Eden regions: 47->0(47)
[2022-04-09T11:29:02.511-0700][gc,heap     ] GC(12) Survivor regions: 4->4(7)
[2022-04-09T11:29:02.511-0700][gc,heap     ] GC(12) Old regions: 14->14
[2022-04-09T11:29:02.511-0700][gc,heap     ] GC(12) Archive regions: 2->2
[2022-04-09T11:29:02.511-0700][gc,heap     ] GC(12) Humongous regions: 129->129
[2022-04-09T11:29:02.511-0700][gc,metaspace] GC(12) Metaspace: 39990K(40576K)->39990K(40576K) NonClass: 35256K(35584K)->35256K(35584K) Class: 4734K(4992K)->4734K(4992K)
[2022-04-09T11:29:02.511-0700][gc          ] GC(12) Pause Young (Normal) (G1 Evacuation Pause) 193M->146M(1024M) 19.162ms
[2022-04-09T11:29:02.511-0700][gc,cpu      ] GC(12) User=0.03s Sys=0.07s Real=0.02s
[2022-04-09T13:01:23.457-0700][gc,start    ] GC(13) Pause Young (Normal) (G1 Evacuation Pause)
[2022-04-09T13:01:23.458-0700][gc,task     ] GC(13) Using 8 workers of 8 for evacuation
[2022-04-09T13:01:23.469-0700][gc,phases   ] GC(13)   Pre Evacuate Collection Set: 0.2ms
[2022-04-09T13:01:23.469-0700][gc,phases   ] GC(13)   Merge Heap Roots: 0.1ms
[2022-04-09T13:01:23.469-0700][gc,phases   ] GC(13)   Evacuate Collection Set: 10.1ms
[2022-04-09T13:01:23.469-0700][gc,phases   ] GC(13)   Post Evacuate Collection Set: 0.6ms
[2022-04-09T13:01:23.469-0700][gc,phases   ] GC(13)   Other: 0.7ms
[2022-04-09T13:01:23.469-0700][gc,heap     ] GC(13) Eden regions: 47->0(47)
[2022-04-09T13:01:23.469-0700][gc,heap     ] GC(13) Survivor regions: 4->4(7)
[2022-04-09T13:01:23.469-0700][gc,heap     ] GC(13) Old regions: 14->14
[2022-04-09T13:01:23.469-0700][gc,heap     ] GC(13) Archive regions: 2->2
[2022-04-09T13:01:23.469-0700][gc,heap     ] GC(13) Humongous regions: 129->129
[2022-04-09T13:01:23.469-0700][gc,metaspace] GC(13) Metaspace: 40580K(41088K)->40580K(41088K) NonClass: 35713K(35968K)->35713K(35968K) Class: 4866K(5120K)->4866K(5120K)
[2022-04-09T13:01:23.469-0700][gc          ] GC(13) Pause Young (Normal) (G1 Evacuation Pause) 193M->147M(1024M) 11.975ms
[2022-04-09T13:01:23.469-0700][gc,cpu      ] GC(13) User=0.02s Sys=0.03s Real=0.01s
[2022-04-09T13:01:23.488-0700][gc,heap,exit] Heap
[2022-04-09T13:01:23.488-0700][gc,heap,exit]  garbage-first heap   total 1048576K, used 153134K [0x00000007c0000000, 0x0000000800000000)
[2022-04-09T13:01:23.489-0700][gc,heap,exit]   region size 1024K, 7 young (7168K), 4 survivors (4096K)
[2022-04-09T13:01:23.489-0700][gc,heap,exit]  Metaspace       used 40608K, committed 41088K, reserved 1089536K
[2022-04-09T13:01:23.489-0700][gc,heap,exit]   class space    used 4874K, committed 5120K, reserved 1048576K
