[2022-04-12T08:39:12.910-0700][gc] Using G1
[2022-04-12T08:39:12.918-0700][gc,init] Version: 17.0.2+8 (release)
[2022-04-12T08:39:12.918-0700][gc,init] CPUs: 8 total, 8 available
[2022-04-12T08:39:12.918-0700][gc,init] Memory: 16384M
[2022-04-12T08:39:12.918-0700][gc,init] Large Page Support: Disabled
[2022-04-12T08:39:12.918-0700][gc,init] NUMA Support: Disabled
[2022-04-12T08:39:12.918-0700][gc,init] Compressed Oops: Enabled (Zero based)
[2022-04-12T08:39:12.918-0700][gc,init] Heap Region Size: 1M
[2022-04-12T08:39:12.918-0700][gc,init] Heap Min Capacity: 1G
[2022-04-12T08:39:12.918-0700][gc,init] Heap Initial Capacity: 1G
[2022-04-12T08:39:12.918-0700][gc,init] Heap Max Capacity: 1G
[2022-04-12T08:39:12.918-0700][gc,init] Pre-touch: Disabled
[2022-04-12T08:39:12.918-0700][gc,init] Parallel Workers: 8
[2022-04-12T08:39:12.918-0700][gc,init] Concurrent Workers: 2
[2022-04-12T08:39:12.918-0700][gc,init] Concurrent Refinement Workers: 8
[2022-04-12T08:39:12.918-0700][gc,init] Periodic GC: Disabled
[2022-04-12T08:39:12.918-0700][gc,metaspace] CDS archive(s) mapped at: [0x0000000800000000-0x0000000800bd2000-0x0000000800bd2000), size 12394496, SharedBaseAddress: 0x0000000800000000, ArchiveRelocationMode: 0.
[2022-04-12T08:39:12.918-0700][gc,metaspace] Compressed class space mapped at: 0x0000000800c00000-0x0000000840c00000, reserved size: 1073741824
[2022-04-12T08:39:12.918-0700][gc,metaspace] Narrow klass base: 0x0000000800000000, Narrow klass shift: 0, Narrow klass range: 0x100000000
[2022-04-12T08:39:19.506-0700][gc,start    ] GC(0) Pause Young (Normal) (G1 Evacuation Pause)
[2022-04-12T08:39:19.506-0700][gc,task     ] GC(0) Using 8 workers of 8 for evacuation
[2022-04-12T08:39:19.513-0700][gc,phases   ] GC(0)   Pre Evacuate Collection Set: 0.1ms
[2022-04-12T08:39:19.513-0700][gc,phases   ] GC(0)   Merge Heap Roots: 0.1ms
[2022-04-12T08:39:19.513-0700][gc,phases   ] GC(0)   Evacuate Collection Set: 5.5ms
[2022-04-12T08:39:19.513-0700][gc,phases   ] GC(0)   Post Evacuate Collection Set: 0.5ms
[2022-04-12T08:39:19.513-0700][gc,phases   ] GC(0)   Other: 0.7ms
[2022-04-12T08:39:19.513-0700][gc,heap     ] GC(0) Eden regions: 51->0(44)
[2022-04-12T08:39:19.513-0700][gc,heap     ] GC(0) Survivor regions: 0->7(7)
[2022-04-12T08:39:19.513-0700][gc,heap     ] GC(0) Old regions: 0->1
[2022-04-12T08:39:19.513-0700][gc,heap     ] GC(0) Archive regions: 2->2
[2022-04-12T08:39:19.513-0700][gc,heap     ] GC(0) Humongous regions: 0->0
[2022-04-12T08:39:19.513-0700][gc,metaspace] GC(0) Metaspace: 19014K(19136K)->19014K(19136K) NonClass: 16715K(16768K)->16715K(16768K) Class: 2299K(2368K)->2299K(2368K)
[2022-04-12T08:39:19.513-0700][gc          ] GC(0) Pause Young (Normal) (G1 Evacuation Pause) 51M->8M(1024M) 7.074ms
[2022-04-12T08:39:19.513-0700][gc,cpu      ] GC(0) User=0.02s Sys=0.01s Real=0.01s
[2022-04-12T08:39:19.708-0700][gc,start    ] GC(1) Pause Young (Concurrent Start) (Metadata GC Threshold)
[2022-04-12T08:39:19.708-0700][gc,task     ] GC(1) Using 8 workers of 8 for evacuation
[2022-04-12T08:39:19.716-0700][gc,phases   ] GC(1)   Pre Evacuate Collection Set: 0.1ms
[2022-04-12T08:39:19.716-0700][gc,phases   ] GC(1)   Merge Heap Roots: 0.0ms
[2022-04-12T08:39:19.716-0700][gc,phases   ] GC(1)   Evacuate Collection Set: 7.2ms
[2022-04-12T08:39:19.716-0700][gc,phases   ] GC(1)   Post Evacuate Collection Set: 0.4ms
[2022-04-12T08:39:19.716-0700][gc,phases   ] GC(1)   Other: 0.2ms
[2022-04-12T08:39:19.716-0700][gc,heap     ] GC(1) Eden regions: 10->0(50)
[2022-04-12T08:39:19.716-0700][gc,heap     ] GC(1) Survivor regions: 7->1(7)
[2022-04-12T08:39:19.716-0700][gc,heap     ] GC(1) Old regions: 1->8
[2022-04-12T08:39:19.716-0700][gc,heap     ] GC(1) Archive regions: 2->2
[2022-04-12T08:39:19.716-0700][gc,heap     ] GC(1) Humongous regions: 0->0
[2022-04-12T08:39:19.716-0700][gc,metaspace] GC(1) Metaspace: 21308K(21504K)->21308K(21504K) NonClass: 18720K(18816K)->18720K(18816K) Class: 2588K(2688K)->2588K(2688K)
[2022-04-12T08:39:19.716-0700][gc          ] GC(1) Pause Young (Concurrent Start) (Metadata GC Threshold) 17M->9M(1024M) 8.270ms
[2022-04-12T08:39:19.716-0700][gc,cpu      ] GC(1) User=0.02s Sys=0.01s Real=0.01s
[2022-04-12T08:39:19.716-0700][gc          ] GC(2) Concurrent Mark Cycle
[2022-04-12T08:39:19.716-0700][gc,marking  ] GC(2) Concurrent Clear Claimed Marks
[2022-04-12T08:39:19.716-0700][gc,marking  ] GC(2) Concurrent Clear Claimed Marks 0.020ms
[2022-04-12T08:39:19.717-0700][gc,marking  ] GC(2) Concurrent Scan Root Regions
[2022-04-12T08:39:19.719-0700][gc,marking  ] GC(2) Concurrent Scan Root Regions 2.894ms
[2022-04-12T08:39:19.719-0700][gc,marking  ] GC(2) Concurrent Mark
[2022-04-12T08:39:19.719-0700][gc,marking  ] GC(2) Concurrent Mark From Roots
[2022-04-12T08:39:19.719-0700][gc,task     ] GC(2) Using 2 workers of 2 for marking
[2022-04-12T08:39:19.721-0700][gc,marking  ] GC(2) Concurrent Mark From Roots 1.731ms
[2022-04-12T08:39:19.721-0700][gc,marking  ] GC(2) Concurrent Preclean
[2022-04-12T08:39:19.721-0700][gc,marking  ] GC(2) Concurrent Preclean 0.049ms
[2022-04-12T08:39:19.721-0700][gc,start    ] GC(2) Pause Remark
[2022-04-12T08:39:19.723-0700][gc          ] GC(2) Pause Remark 9M->9M(1024M) 1.441ms
[2022-04-12T08:39:19.723-0700][gc,cpu      ] GC(2) User=0.00s Sys=0.00s Real=0.00s
[2022-04-12T08:39:19.723-0700][gc,marking  ] GC(2) Concurrent Mark 3.514ms
[2022-04-12T08:39:19.723-0700][gc,marking  ] GC(2) Concurrent Rebuild Remembered Sets
[2022-04-12T08:39:19.726-0700][gc,marking  ] GC(2) Concurrent Rebuild Remembered Sets 2.626ms
[2022-04-12T08:39:19.726-0700][gc,start    ] GC(2) Pause Cleanup
[2022-04-12T08:39:19.726-0700][gc          ] GC(2) Pause Cleanup 9M->9M(1024M) 0.150ms
[2022-04-12T08:39:19.726-0700][gc,cpu      ] GC(2) User=0.00s Sys=0.00s Real=0.00s
[2022-04-12T08:39:19.726-0700][gc,marking  ] GC(2) Concurrent Cleanup for Next Mark
[2022-04-12T08:39:19.733-0700][gc,marking  ] GC(2) Concurrent Cleanup for Next Mark 6.923ms
[2022-04-12T08:39:19.733-0700][gc          ] GC(2) Concurrent Mark Cycle 16.544ms
[2022-04-12T08:39:20.875-0700][gc,start    ] GC(3) Pause Young (Normal) (G1 Evacuation Pause)
[2022-04-12T08:39:20.875-0700][gc,task     ] GC(3) Using 8 workers of 8 for evacuation
[2022-04-12T08:39:20.879-0700][gc,phases   ] GC(3)   Pre Evacuate Collection Set: 0.1ms
[2022-04-12T08:39:20.879-0700][gc,phases   ] GC(3)   Merge Heap Roots: 0.1ms
[2022-04-12T08:39:20.879-0700][gc,phases   ] GC(3)   Evacuate Collection Set: 3.2ms
[2022-04-12T08:39:20.879-0700][gc,phases   ] GC(3)   Post Evacuate Collection Set: 0.5ms
[2022-04-12T08:39:20.879-0700][gc,phases   ] GC(3)   Other: 0.2ms
[2022-04-12T08:39:20.879-0700][gc,heap     ] GC(3) Eden regions: 50->0(45)
[2022-04-12T08:39:20.879-0700][gc,heap     ] GC(3) Survivor regions: 1->6(7)
[2022-04-12T08:39:20.879-0700][gc,heap     ] GC(3) Old regions: 8->8
[2022-04-12T08:39:20.879-0700][gc,heap     ] GC(3) Archive regions: 2->2
[2022-04-12T08:39:20.879-0700][gc,heap     ] GC(3) Humongous regions: 129->129
[2022-04-12T08:39:20.879-0700][gc,metaspace] GC(3) Metaspace: 32924K(33216K)->32924K(33216K) NonClass: 29166K(29312K)->29166K(29312K) Class: 3757K(3904K)->3757K(3904K)
[2022-04-12T08:39:20.879-0700][gc          ] GC(3) Pause Young (Normal) (G1 Evacuation Pause) 187M->142M(1024M) 4.206ms
[2022-04-12T08:39:20.879-0700][gc,cpu      ] GC(3) User=0.03s Sys=0.00s Real=0.00s
[2022-04-12T08:39:21.020-0700][gc,start    ] GC(4) Pause Young (Concurrent Start) (Metadata GC Threshold)
[2022-04-12T08:39:21.020-0700][gc,task     ] GC(4) Using 8 workers of 8 for evacuation
[2022-04-12T08:39:21.025-0700][gc,phases   ] GC(4)   Pre Evacuate Collection Set: 0.1ms
[2022-04-12T08:39:21.025-0700][gc,phases   ] GC(4)   Merge Heap Roots: 0.1ms
[2022-04-12T08:39:21.025-0700][gc,phases   ] GC(4)   Evacuate Collection Set: 4.8ms
[2022-04-12T08:39:21.025-0700][gc,phases   ] GC(4)   Post Evacuate Collection Set: 0.4ms
[2022-04-12T08:39:21.025-0700][gc,phases   ] GC(4)   Other: 0.2ms
[2022-04-12T08:39:21.025-0700][gc,heap     ] GC(4) Eden regions: 14->0(49)
[2022-04-12T08:39:21.025-0700][gc,heap     ] GC(4) Survivor regions: 6->2(7)
[2022-04-12T08:39:21.025-0700][gc,heap     ] GC(4) Old regions: 8->13
[2022-04-12T08:39:21.025-0700][gc,heap     ] GC(4) Archive regions: 2->2
[2022-04-12T08:39:21.025-0700][gc,heap     ] GC(4) Humongous regions: 129->129
[2022-04-12T08:39:21.025-0700][gc,metaspace] GC(4) Metaspace: 35810K(36096K)->35810K(36096K) NonClass: 31632K(31808K)->31632K(31808K) Class: 4177K(4288K)->4177K(4288K)
[2022-04-12T08:39:21.025-0700][gc          ] GC(4) Pause Young (Concurrent Start) (Metadata GC Threshold) 155M->143M(1024M) 5.665ms
[2022-04-12T08:39:21.025-0700][gc,cpu      ] GC(4) User=0.03s Sys=0.01s Real=0.00s
[2022-04-12T08:39:21.025-0700][gc          ] GC(5) Concurrent Mark Cycle
[2022-04-12T08:39:21.025-0700][gc,marking  ] GC(5) Concurrent Clear Claimed Marks
[2022-04-12T08:39:21.025-0700][gc,marking  ] GC(5) Concurrent Clear Claimed Marks 0.029ms
[2022-04-12T08:39:21.025-0700][gc,marking  ] GC(5) Concurrent Scan Root Regions
[2022-04-12T08:39:21.028-0700][gc,marking  ] GC(5) Concurrent Scan Root Regions 2.690ms
[2022-04-12T08:39:21.028-0700][gc,marking  ] GC(5) Concurrent Mark
[2022-04-12T08:39:21.028-0700][gc,marking  ] GC(5) Concurrent Mark From Roots
[2022-04-12T08:39:21.028-0700][gc,task     ] GC(5) Using 2 workers of 2 for marking
[2022-04-12T08:39:21.034-0700][gc,marking  ] GC(5) Concurrent Mark From Roots 5.670ms
[2022-04-12T08:39:21.034-0700][gc,marking  ] GC(5) Concurrent Preclean
[2022-04-12T08:39:21.034-0700][gc,marking  ] GC(5) Concurrent Preclean 0.081ms
[2022-04-12T08:39:21.034-0700][gc,start    ] GC(5) Pause Remark
[2022-04-12T08:39:21.035-0700][gc          ] GC(5) Pause Remark 144M->144M(1024M) 1.231ms
[2022-04-12T08:39:21.035-0700][gc,cpu      ] GC(5) User=0.01s Sys=0.00s Real=0.00s
[2022-04-12T08:39:21.036-0700][gc,marking  ] GC(5) Concurrent Mark 7.528ms
[2022-04-12T08:39:21.036-0700][gc,marking  ] GC(5) Concurrent Rebuild Remembered Sets
[2022-04-12T08:39:21.041-0700][gc,marking  ] GC(5) Concurrent Rebuild Remembered Sets 5.231ms
[2022-04-12T08:39:21.041-0700][gc,start    ] GC(5) Pause Cleanup
[2022-04-12T08:39:21.041-0700][gc          ] GC(5) Pause Cleanup 144M->144M(1024M) 0.140ms
[2022-04-12T08:39:21.041-0700][gc,cpu      ] GC(5) User=0.00s Sys=0.00s Real=0.00s
[2022-04-12T08:39:21.041-0700][gc,marking  ] GC(5) Concurrent Cleanup for Next Mark
[2022-04-12T08:39:21.049-0700][gc,marking  ] GC(5) Concurrent Cleanup for Next Mark 7.562ms
[2022-04-12T08:39:21.049-0700][gc          ] GC(5) Concurrent Mark Cycle 23.606ms
[2022-04-12T08:39:31.628-0700][gc,heap,exit] Heap
[2022-04-12T08:39:31.628-0700][gc,heap,exit]  garbage-first heap   total 1048576K, used 161324K [0x00000007c0000000, 0x0000000800000000)
[2022-04-12T08:39:31.628-0700][gc,heap,exit]   region size 1024K, 16 young (16384K), 2 survivors (2048K)
[2022-04-12T08:39:31.628-0700][gc,heap,exit]  Metaspace       used 36889K, committed 37376K, reserved 1089536K
[2022-04-12T08:39:31.628-0700][gc,heap,exit]   class space    used 4439K, committed 4672K, reserved 1048576K
