[2022-04-12T00:09:54.256-0700][gc] Using G1
[2022-04-12T00:09:54.264-0700][gc,init] Version: 17.0.2+8 (release)
[2022-04-12T00:09:54.264-0700][gc,init] CPUs: 8 total, 8 available
[2022-04-12T00:09:54.264-0700][gc,init] Memory: 16384M
[2022-04-12T00:09:54.264-0700][gc,init] Large Page Support: Disabled
[2022-04-12T00:09:54.264-0700][gc,init] NUMA Support: Disabled
[2022-04-12T00:09:54.264-0700][gc,init] Compressed Oops: Enabled (Zero based)
[2022-04-12T00:09:54.264-0700][gc,init] Heap Region Size: 1M
[2022-04-12T00:09:54.264-0700][gc,init] Heap Min Capacity: 1G
[2022-04-12T00:09:54.264-0700][gc,init] Heap Initial Capacity: 1G
[2022-04-12T00:09:54.264-0700][gc,init] Heap Max Capacity: 1G
[2022-04-12T00:09:54.264-0700][gc,init] Pre-touch: Disabled
[2022-04-12T00:09:54.264-0700][gc,init] Parallel Workers: 8
[2022-04-12T00:09:54.264-0700][gc,init] Concurrent Workers: 2
[2022-04-12T00:09:54.264-0700][gc,init] Concurrent Refinement Workers: 8
[2022-04-12T00:09:54.264-0700][gc,init] Periodic GC: Disabled
[2022-04-12T00:09:54.265-0700][gc,metaspace] CDS archive(s) mapped at: [0x0000000800000000-0x0000000800bd2000-0x0000000800bd2000), size 12394496, SharedBaseAddress: 0x0000000800000000, ArchiveRelocationMode: 0.
[2022-04-12T00:09:54.265-0700][gc,metaspace] Compressed class space mapped at: 0x0000000800c00000-0x0000000840c00000, reserved size: 1073741824
[2022-04-12T00:09:54.265-0700][gc,metaspace] Narrow klass base: 0x0000000800000000, Narrow klass shift: 0, Narrow klass range: 0x100000000
[2022-04-12T00:10:00.968-0700][gc,start    ] GC(0) Pause Young (Normal) (G1 Evacuation Pause)
[2022-04-12T00:10:00.969-0700][gc,task     ] GC(0) Using 8 workers of 8 for evacuation
[2022-04-12T00:10:00.974-0700][gc,phases   ] GC(0)   Pre Evacuate Collection Set: 0.1ms
[2022-04-12T00:10:00.974-0700][gc,phases   ] GC(0)   Merge Heap Roots: 0.1ms
[2022-04-12T00:10:00.974-0700][gc,phases   ] GC(0)   Evacuate Collection Set: 5.0ms
[2022-04-12T00:10:00.974-0700][gc,phases   ] GC(0)   Post Evacuate Collection Set: 0.6ms
[2022-04-12T00:10:00.975-0700][gc,phases   ] GC(0)   Other: 0.6ms
[2022-04-12T00:10:00.975-0700][gc,heap     ] GC(0) Eden regions: 51->0(44)
[2022-04-12T00:10:00.975-0700][gc,heap     ] GC(0) Survivor regions: 0->7(7)
[2022-04-12T00:10:00.975-0700][gc,heap     ] GC(0) Old regions: 0->1
[2022-04-12T00:10:00.975-0700][gc,heap     ] GC(0) Archive regions: 2->2
[2022-04-12T00:10:00.975-0700][gc,heap     ] GC(0) Humongous regions: 0->0
[2022-04-12T00:10:00.975-0700][gc,metaspace] GC(0) Metaspace: 19100K(19264K)->19100K(19264K) NonClass: 16792K(16896K)->16792K(16896K) Class: 2307K(2368K)->2307K(2368K)
[2022-04-12T00:10:00.975-0700][gc          ] GC(0) Pause Young (Normal) (G1 Evacuation Pause) 51M->8M(1024M) 6.546ms
[2022-04-12T00:10:00.975-0700][gc,cpu      ] GC(0) User=0.03s Sys=0.01s Real=0.01s
[2022-04-12T00:10:01.186-0700][gc,start    ] GC(1) Pause Young (Concurrent Start) (Metadata GC Threshold)
[2022-04-12T00:10:01.186-0700][gc,task     ] GC(1) Using 8 workers of 8 for evacuation
[2022-04-12T00:10:01.193-0700][gc,phases   ] GC(1)   Pre Evacuate Collection Set: 0.1ms
[2022-04-12T00:10:01.193-0700][gc,phases   ] GC(1)   Merge Heap Roots: 0.1ms
[2022-04-12T00:10:01.193-0700][gc,phases   ] GC(1)   Evacuate Collection Set: 4.5ms
[2022-04-12T00:10:01.193-0700][gc,phases   ] GC(1)   Post Evacuate Collection Set: 0.4ms
[2022-04-12T00:10:01.193-0700][gc,phases   ] GC(1)   Other: 1.2ms
[2022-04-12T00:10:01.193-0700][gc,heap     ] GC(1) Eden regions: 10->0(50)
[2022-04-12T00:10:01.193-0700][gc,heap     ] GC(1) Survivor regions: 7->1(7)
[2022-04-12T00:10:01.193-0700][gc,heap     ] GC(1) Old regions: 1->8
[2022-04-12T00:10:01.193-0700][gc,heap     ] GC(1) Archive regions: 2->2
[2022-04-12T00:10:01.193-0700][gc,heap     ] GC(1) Humongous regions: 0->0
[2022-04-12T00:10:01.193-0700][gc,metaspace] GC(1) Metaspace: 21285K(21504K)->21285K(21504K) NonClass: 18701K(18816K)->18701K(18816K) Class: 2583K(2688K)->2583K(2688K)
[2022-04-12T00:10:01.193-0700][gc          ] GC(1) Pause Young (Concurrent Start) (Metadata GC Threshold) 17M->8M(1024M) 6.392ms
[2022-04-12T00:10:01.193-0700][gc,cpu      ] GC(1) User=0.02s Sys=0.01s Real=0.01s
[2022-04-12T00:10:01.193-0700][gc          ] GC(2) Concurrent Mark Cycle
[2022-04-12T00:10:01.193-0700][gc,marking  ] GC(2) Concurrent Clear Claimed Marks
[2022-04-12T00:10:01.193-0700][gc,marking  ] GC(2) Concurrent Clear Claimed Marks 0.015ms
[2022-04-12T00:10:01.193-0700][gc,marking  ] GC(2) Concurrent Scan Root Regions
[2022-04-12T00:10:01.195-0700][gc,marking  ] GC(2) Concurrent Scan Root Regions 2.194ms
[2022-04-12T00:10:01.195-0700][gc,marking  ] GC(2) Concurrent Mark
[2022-04-12T00:10:01.195-0700][gc,marking  ] GC(2) Concurrent Mark From Roots
[2022-04-12T00:10:01.195-0700][gc,task     ] GC(2) Using 2 workers of 2 for marking
[2022-04-12T00:10:01.197-0700][gc,marking  ] GC(2) Concurrent Mark From Roots 2.091ms
[2022-04-12T00:10:01.197-0700][gc,marking  ] GC(2) Concurrent Preclean
[2022-04-12T00:10:01.197-0700][gc,marking  ] GC(2) Concurrent Preclean 0.034ms
[2022-04-12T00:10:01.197-0700][gc,start    ] GC(2) Pause Remark
[2022-04-12T00:10:01.199-0700][gc          ] GC(2) Pause Remark 9M->9M(1024M) 1.786ms
[2022-04-12T00:10:01.199-0700][gc,cpu      ] GC(2) User=0.00s Sys=0.00s Real=0.00s
[2022-04-12T00:10:01.199-0700][gc,marking  ] GC(2) Concurrent Mark 4.233ms
[2022-04-12T00:10:01.199-0700][gc,marking  ] GC(2) Concurrent Rebuild Remembered Sets
[2022-04-12T00:10:01.202-0700][gc,marking  ] GC(2) Concurrent Rebuild Remembered Sets 2.521ms
[2022-04-12T00:10:01.202-0700][gc,start    ] GC(2) Pause Cleanup
[2022-04-12T00:10:01.202-0700][gc          ] GC(2) Pause Cleanup 9M->9M(1024M) 0.126ms
[2022-04-12T00:10:01.202-0700][gc,cpu      ] GC(2) User=0.00s Sys=0.00s Real=0.00s
[2022-04-12T00:10:01.202-0700][gc,marking  ] GC(2) Concurrent Cleanup for Next Mark
[2022-04-12T00:10:01.209-0700][gc,marking  ] GC(2) Concurrent Cleanup for Next Mark 6.445ms
[2022-04-12T00:10:01.209-0700][gc          ] GC(2) Concurrent Mark Cycle 16.257ms
[2022-04-12T00:10:02.312-0700][gc,start    ] GC(3) Pause Young (Normal) (G1 Evacuation Pause)
[2022-04-12T00:10:02.312-0700][gc,task     ] GC(3) Using 8 workers of 8 for evacuation
[2022-04-12T00:10:02.318-0700][gc,phases   ] GC(3)   Pre Evacuate Collection Set: 0.1ms
[2022-04-12T00:10:02.318-0700][gc,phases   ] GC(3)   Merge Heap Roots: 0.1ms
[2022-04-12T00:10:02.318-0700][gc,phases   ] GC(3)   Evacuate Collection Set: 4.9ms
[2022-04-12T00:10:02.318-0700][gc,phases   ] GC(3)   Post Evacuate Collection Set: 0.5ms
[2022-04-12T00:10:02.318-0700][gc,phases   ] GC(3)   Other: 0.2ms
[2022-04-12T00:10:02.318-0700][gc,heap     ] GC(3) Eden regions: 50->0(45)
[2022-04-12T00:10:02.318-0700][gc,heap     ] GC(3) Survivor regions: 1->6(7)
[2022-04-12T00:10:02.318-0700][gc,heap     ] GC(3) Old regions: 8->8
[2022-04-12T00:10:02.318-0700][gc,heap     ] GC(3) Archive regions: 2->2
[2022-04-12T00:10:02.318-0700][gc,heap     ] GC(3) Humongous regions: 129->129
[2022-04-12T00:10:02.318-0700][gc,metaspace] GC(3) Metaspace: 32937K(33216K)->32937K(33216K) NonClass: 29178K(29312K)->29178K(29312K) Class: 3759K(3904K)->3759K(3904K)
[2022-04-12T00:10:02.318-0700][gc          ] GC(3) Pause Young (Normal) (G1 Evacuation Pause) 187M->142M(1024M) 5.953ms
[2022-04-12T00:10:02.318-0700][gc,cpu      ] GC(3) User=0.03s Sys=0.00s Real=0.00s
[2022-04-12T00:10:02.456-0700][gc,start    ] GC(4) Pause Young (Concurrent Start) (Metadata GC Threshold)
[2022-04-12T00:10:02.456-0700][gc,task     ] GC(4) Using 8 workers of 8 for evacuation
[2022-04-12T00:10:02.461-0700][gc,phases   ] GC(4)   Pre Evacuate Collection Set: 0.1ms
[2022-04-12T00:10:02.461-0700][gc,phases   ] GC(4)   Merge Heap Roots: 0.1ms
[2022-04-12T00:10:02.461-0700][gc,phases   ] GC(4)   Evacuate Collection Set: 4.1ms
[2022-04-12T00:10:02.461-0700][gc,phases   ] GC(4)   Post Evacuate Collection Set: 0.4ms
[2022-04-12T00:10:02.461-0700][gc,phases   ] GC(4)   Other: 0.2ms
[2022-04-12T00:10:02.461-0700][gc,heap     ] GC(4) Eden regions: 13->0(49)
[2022-04-12T00:10:02.461-0700][gc,heap     ] GC(4) Survivor regions: 6->2(7)
[2022-04-12T00:10:02.461-0700][gc,heap     ] GC(4) Old regions: 8->13
[2022-04-12T00:10:02.461-0700][gc,heap     ] GC(4) Archive regions: 2->2
[2022-04-12T00:10:02.461-0700][gc,heap     ] GC(4) Humongous regions: 129->129
[2022-04-12T00:10:02.461-0700][gc,metaspace] GC(4) Metaspace: 35631K(35968K)->35631K(35968K) NonClass: 31484K(31680K)->31484K(31680K) Class: 4147K(4288K)->4147K(4288K)
[2022-04-12T00:10:02.461-0700][gc          ] GC(4) Pause Young (Concurrent Start) (Metadata GC Threshold) 154M->143M(1024M) 5.073ms
[2022-04-12T00:10:02.461-0700][gc,cpu      ] GC(4) User=0.02s Sys=0.00s Real=0.01s
[2022-04-12T00:10:02.461-0700][gc          ] GC(5) Concurrent Mark Cycle
[2022-04-12T00:10:02.461-0700][gc,marking  ] GC(5) Concurrent Clear Claimed Marks
[2022-04-12T00:10:02.461-0700][gc,marking  ] GC(5) Concurrent Clear Claimed Marks 0.025ms
[2022-04-12T00:10:02.461-0700][gc,marking  ] GC(5) Concurrent Scan Root Regions
[2022-04-12T00:10:02.464-0700][gc,marking  ] GC(5) Concurrent Scan Root Regions 3.111ms
[2022-04-12T00:10:02.464-0700][gc,marking  ] GC(5) Concurrent Mark
[2022-04-12T00:10:02.464-0700][gc,marking  ] GC(5) Concurrent Mark From Roots
[2022-04-12T00:10:02.464-0700][gc,task     ] GC(5) Using 2 workers of 2 for marking
[2022-04-12T00:10:02.471-0700][gc,marking  ] GC(5) Concurrent Mark From Roots 6.825ms
[2022-04-12T00:10:02.471-0700][gc,marking  ] GC(5) Concurrent Preclean
[2022-04-12T00:10:02.471-0700][gc,marking  ] GC(5) Concurrent Preclean 0.110ms
[2022-04-12T00:10:02.472-0700][gc,start    ] GC(5) Pause Remark
[2022-04-12T00:10:02.473-0700][gc          ] GC(5) Pause Remark 144M->144M(1024M) 1.288ms
[2022-04-12T00:10:02.473-0700][gc,cpu      ] GC(5) User=0.01s Sys=0.00s Real=0.00s
[2022-04-12T00:10:02.473-0700][gc,marking  ] GC(5) Concurrent Mark 8.547ms
[2022-04-12T00:10:02.473-0700][gc,marking  ] GC(5) Concurrent Rebuild Remembered Sets
[2022-04-12T00:10:02.478-0700][gc,marking  ] GC(5) Concurrent Rebuild Remembered Sets 4.801ms
[2022-04-12T00:10:02.478-0700][gc,start    ] GC(5) Pause Cleanup
[2022-04-12T00:10:02.478-0700][gc          ] GC(5) Pause Cleanup 144M->144M(1024M) 0.144ms
[2022-04-12T00:10:02.478-0700][gc,cpu      ] GC(5) User=0.00s Sys=0.01s Real=0.00s
[2022-04-12T00:10:02.478-0700][gc,marking  ] GC(5) Concurrent Cleanup for Next Mark
[2022-04-12T00:10:02.487-0700][gc,marking  ] GC(5) Concurrent Cleanup for Next Mark 8.360ms
[2022-04-12T00:10:02.487-0700][gc          ] GC(5) Concurrent Mark Cycle 25.625ms
[2022-04-12T08:38:55.360-0700][gc,start    ] GC(6) Pause Young (Normal) (G1 Evacuation Pause)
[2022-04-12T08:38:55.360-0700][gc,task     ] GC(6) Using 8 workers of 8 for evacuation
[2022-04-12T08:38:55.382-0700][gc,mmu      ] GC(6) MMU target violated: 21.0ms (20.0ms/21.0ms)
[2022-04-12T08:38:55.382-0700][gc,phases   ] GC(6)   Pre Evacuate Collection Set: 1.6ms
[2022-04-12T08:38:55.382-0700][gc,phases   ] GC(6)   Merge Heap Roots: 0.1ms
[2022-04-12T08:38:55.382-0700][gc,phases   ] GC(6)   Evacuate Collection Set: 19.1ms
[2022-04-12T08:38:55.382-0700][gc,phases   ] GC(6)   Post Evacuate Collection Set: 0.7ms
[2022-04-12T08:38:55.382-0700][gc,phases   ] GC(6)   Other: 1.0ms
[2022-04-12T08:38:55.382-0700][gc,heap     ] GC(6) Eden regions: 49->0(49)
[2022-04-12T08:38:55.382-0700][gc,heap     ] GC(6) Survivor regions: 2->2(7)
[2022-04-12T08:38:55.382-0700][gc,heap     ] GC(6) Old regions: 13->13
[2022-04-12T08:38:55.382-0700][gc,heap     ] GC(6) Archive regions: 2->2
[2022-04-12T08:38:55.382-0700][gc,heap     ] GC(6) Humongous regions: 129->129
[2022-04-12T08:38:55.382-0700][gc,metaspace] GC(6) Metaspace: 37506K(38016K)->37506K(38016K) NonClass: 33041K(33344K)->33041K(33344K) Class: 4464K(4672K)->4464K(4672K)
[2022-04-12T08:38:55.382-0700][gc          ] GC(6) Pause Young (Normal) (G1 Evacuation Pause) 192M->143M(1024M) 22.532ms
[2022-04-12T08:38:55.382-0700][gc,cpu      ] GC(6) User=0.02s Sys=0.05s Real=0.02s
[2022-04-12T08:38:57.389-0700][gc,heap,exit] Heap
[2022-04-12T08:38:57.389-0700][gc,heap,exit]  garbage-first heap   total 1048576K, used 150577K [0x00000007c0000000, 0x0000000800000000)
[2022-04-12T08:38:57.389-0700][gc,heap,exit]   region size 1024K, 6 young (6144K), 2 survivors (2048K)
[2022-04-12T08:38:57.389-0700][gc,heap,exit]  Metaspace       used 37563K, committed 38016K, reserved 1089536K
[2022-04-12T08:38:57.389-0700][gc,heap,exit]   class space    used 4477K, committed 4672K, reserved 1048576K
