[2022-04-10T15:25:04.784-0700][gc] Using G1
[2022-04-10T15:25:04.791-0700][gc,init] Version: 17.0.2+8 (release)
[2022-04-10T15:25:04.791-0700][gc,init] CPUs: 8 total, 8 available
[2022-04-10T15:25:04.791-0700][gc,init] Memory: 16384M
[2022-04-10T15:25:04.791-0700][gc,init] Large Page Support: Disabled
[2022-04-10T15:25:04.791-0700][gc,init] NUMA Support: Disabled
[2022-04-10T15:25:04.791-0700][gc,init] Compressed Oops: Enabled (Zero based)
[2022-04-10T15:25:04.791-0700][gc,init] Heap Region Size: 1M
[2022-04-10T15:25:04.791-0700][gc,init] Heap Min Capacity: 1G
[2022-04-10T15:25:04.791-0700][gc,init] Heap Initial Capacity: 1G
[2022-04-10T15:25:04.791-0700][gc,init] Heap Max Capacity: 1G
[2022-04-10T15:25:04.791-0700][gc,init] Pre-touch: Disabled
[2022-04-10T15:25:04.791-0700][gc,init] Parallel Workers: 8
[2022-04-10T15:25:04.791-0700][gc,init] Concurrent Workers: 2
[2022-04-10T15:25:04.791-0700][gc,init] Concurrent Refinement Workers: 8
[2022-04-10T15:25:04.791-0700][gc,init] Periodic GC: Disabled
[2022-04-10T15:25:04.792-0700][gc,metaspace] CDS archive(s) mapped at: [0x0000000800000000-0x0000000800bd2000-0x0000000800bd2000), size 12394496, SharedBaseAddress: 0x0000000800000000, ArchiveRelocationMode: 0.
[2022-04-10T15:25:04.792-0700][gc,metaspace] Compressed class space mapped at: 0x0000000800c00000-0x0000000840c00000, reserved size: 1073741824
[2022-04-10T15:25:04.792-0700][gc,metaspace] Narrow klass base: 0x0000000800000000, Narrow klass shift: 0, Narrow klass range: 0x100000000
[2022-04-10T15:25:21.671-0700][gc,heap,exit] Heap
[2022-04-10T15:25:21.671-0700][gc,heap,exit]  garbage-first heap   total 1048576K, used 41940K [0x00000007c0000000, 0x0000000800000000)
[2022-04-10T15:25:21.671-0700][gc,heap,exit]   region size 1024K, 40 young (40960K), 0 survivors (0K)
[2022-04-10T15:25:21.671-0700][gc,heap,exit]  Metaspace       used 14426K, committed 14592K, reserved 1064960K
[2022-04-10T15:25:21.671-0700][gc,heap,exit]   class space    used 1765K, committed 1856K, reserved 1048576K
