[2022-04-10T15:26:03.239-0700][gc] Using G1
[2022-04-10T15:26:03.246-0700][gc,init] Version: 17.0.2+8 (release)
[2022-04-10T15:26:03.246-0700][gc,init] CPUs: 8 total, 8 available
[2022-04-10T15:26:03.246-0700][gc,init] Memory: 16384M
[2022-04-10T15:26:03.246-0700][gc,init] Large Page Support: Disabled
[2022-04-10T15:26:03.246-0700][gc,init] NUMA Support: Disabled
[2022-04-10T15:26:03.246-0700][gc,init] Compressed Oops: Enabled (Zero based)
[2022-04-10T15:26:03.246-0700][gc,init] Heap Region Size: 1M
[2022-04-10T15:26:03.246-0700][gc,init] Heap Min Capacity: 1G
[2022-04-10T15:26:03.246-0700][gc,init] Heap Initial Capacity: 1G
[2022-04-10T15:26:03.246-0700][gc,init] Heap Max Capacity: 1G
[2022-04-10T15:26:03.246-0700][gc,init] Pre-touch: Disabled
[2022-04-10T15:26:03.246-0700][gc,init] Parallel Workers: 8
[2022-04-10T15:26:03.246-0700][gc,init] Concurrent Workers: 2
[2022-04-10T15:26:03.246-0700][gc,init] Concurrent Refinement Workers: 8
[2022-04-10T15:26:03.246-0700][gc,init] Periodic GC: Disabled
[2022-04-10T15:26:03.247-0700][gc,metaspace] CDS archive(s) mapped at: [0x0000000800000000-0x0000000800bd2000-0x0000000800bd2000), size 12394496, SharedBaseAddress: 0x0000000800000000, ArchiveRelocationMode: 0.
[2022-04-10T15:26:03.247-0700][gc,metaspace] Compressed class space mapped at: 0x0000000800c00000-0x0000000840c00000, reserved size: 1073741824
[2022-04-10T15:26:03.247-0700][gc,metaspace] Narrow klass base: 0x0000000800000000, Narrow klass shift: 0, Narrow klass range: 0x100000000
[2022-04-10T15:26:09.524-0700][gc,start    ] GC(0) Pause Young (Normal) (G1 Evacuation Pause)
[2022-04-10T15:26:09.525-0700][gc,task     ] GC(0) Using 8 workers of 8 for evacuation
[2022-04-10T15:26:09.530-0700][gc,phases   ] GC(0)   Pre Evacuate Collection Set: 0.1ms
[2022-04-10T15:26:09.530-0700][gc,phases   ] GC(0)   Merge Heap Roots: 0.1ms
[2022-04-10T15:26:09.530-0700][gc,phases   ] GC(0)   Evacuate Collection Set: 4.3ms
[2022-04-10T15:26:09.530-0700][gc,phases   ] GC(0)   Post Evacuate Collection Set: 0.5ms
[2022-04-10T15:26:09.530-0700][gc,phases   ] GC(0)   Other: 0.7ms
[2022-04-10T15:26:09.530-0700][gc,heap     ] GC(0) Eden regions: 51->0(44)
[2022-04-10T15:26:09.530-0700][gc,heap     ] GC(0) Survivor regions: 0->7(7)
[2022-04-10T15:26:09.530-0700][gc,heap     ] GC(0) Old regions: 0->1
[2022-04-10T15:26:09.530-0700][gc,heap     ] GC(0) Archive regions: 2->2
[2022-04-10T15:26:09.530-0700][gc,heap     ] GC(0) Humongous regions: 0->0
[2022-04-10T15:26:09.530-0700][gc,metaspace] GC(0) Metaspace: 18806K(19008K)->18806K(19008K) NonClass: 16531K(16640K)->16531K(16640K) Class: 2274K(2368K)->2274K(2368K)
[2022-04-10T15:26:09.530-0700][gc          ] GC(0) Pause Young (Normal) (G1 Evacuation Pause) 51M->8M(1024M) 5.897ms
[2022-04-10T15:26:09.530-0700][gc,cpu      ] GC(0) User=0.02s Sys=0.01s Real=0.01s
[2022-04-10T15:26:09.704-0700][gc,start    ] GC(1) Pause Young (Concurrent Start) (Metadata GC Threshold)
[2022-04-10T15:26:09.704-0700][gc,task     ] GC(1) Using 8 workers of 8 for evacuation
[2022-04-10T15:26:09.710-0700][gc,phases   ] GC(1)   Pre Evacuate Collection Set: 0.1ms
[2022-04-10T15:26:09.710-0700][gc,phases   ] GC(1)   Merge Heap Roots: 0.1ms
[2022-04-10T15:26:09.710-0700][gc,phases   ] GC(1)   Evacuate Collection Set: 4.9ms
[2022-04-10T15:26:09.710-0700][gc,phases   ] GC(1)   Post Evacuate Collection Set: 0.5ms
[2022-04-10T15:26:09.710-0700][gc,phases   ] GC(1)   Other: 0.2ms
[2022-04-10T15:26:09.710-0700][gc,heap     ] GC(1) Eden regions: 10->0(50)
[2022-04-10T15:26:09.710-0700][gc,heap     ] GC(1) Survivor regions: 7->1(7)
[2022-04-10T15:26:09.710-0700][gc,heap     ] GC(1) Old regions: 1->8
[2022-04-10T15:26:09.710-0700][gc,heap     ] GC(1) Archive regions: 2->2
[2022-04-10T15:26:09.710-0700][gc,heap     ] GC(1) Humongous regions: 0->0
[2022-04-10T15:26:09.710-0700][gc,metaspace] GC(1) Metaspace: 21290K(21504K)->21290K(21504K) NonClass: 18701K(18816K)->18701K(18816K) Class: 2588K(2688K)->2588K(2688K)
[2022-04-10T15:26:09.710-0700][gc          ] GC(1) Pause Young (Concurrent Start) (Metadata GC Threshold) 17M->9M(1024M) 6.042ms
[2022-04-10T15:26:09.710-0700][gc,cpu      ] GC(1) User=0.03s Sys=0.01s Real=0.01s
[2022-04-10T15:26:09.710-0700][gc          ] GC(2) Concurrent Mark Cycle
[2022-04-10T15:26:09.710-0700][gc,marking  ] GC(2) Concurrent Clear Claimed Marks
[2022-04-10T15:26:09.710-0700][gc,marking  ] GC(2) Concurrent Clear Claimed Marks 0.019ms
[2022-04-10T15:26:09.710-0700][gc,marking  ] GC(2) Concurrent Scan Root Regions
[2022-04-10T15:26:09.713-0700][gc,marking  ] GC(2) Concurrent Scan Root Regions 2.628ms
[2022-04-10T15:26:09.713-0700][gc,marking  ] GC(2) Concurrent Mark
[2022-04-10T15:26:09.713-0700][gc,marking  ] GC(2) Concurrent Mark From Roots
[2022-04-10T15:26:09.713-0700][gc,task     ] GC(2) Using 2 workers of 2 for marking
[2022-04-10T15:26:09.714-0700][gc,marking  ] GC(2) Concurrent Mark From Roots 1.265ms
[2022-04-10T15:26:09.714-0700][gc,marking  ] GC(2) Concurrent Preclean
[2022-04-10T15:26:09.714-0700][gc,marking  ] GC(2) Concurrent Preclean 0.034ms
[2022-04-10T15:26:09.714-0700][gc,start    ] GC(2) Pause Remark
[2022-04-10T15:26:09.716-0700][gc          ] GC(2) Pause Remark 9M->9M(1024M) 1.399ms
[2022-04-10T15:26:09.716-0700][gc,cpu      ] GC(2) User=0.00s Sys=0.00s Real=0.00s
[2022-04-10T15:26:09.716-0700][gc,marking  ] GC(2) Concurrent Mark 3.014ms
[2022-04-10T15:26:09.716-0700][gc,marking  ] GC(2) Concurrent Rebuild Remembered Sets
[2022-04-10T15:26:09.719-0700][gc,marking  ] GC(2) Concurrent Rebuild Remembered Sets 2.830ms
[2022-04-10T15:26:09.719-0700][gc,start    ] GC(2) Pause Cleanup
[2022-04-10T15:26:09.719-0700][gc          ] GC(2) Pause Cleanup 9M->9M(1024M) 0.174ms
[2022-04-10T15:26:09.719-0700][gc,cpu      ] GC(2) User=0.00s Sys=0.00s Real=0.00s
[2022-04-10T15:26:09.719-0700][gc,marking  ] GC(2) Concurrent Cleanup for Next Mark
[2022-04-10T15:26:09.724-0700][gc,marking  ] GC(2) Concurrent Cleanup for Next Mark 5.071ms
[2022-04-10T15:26:09.724-0700][gc          ] GC(2) Concurrent Mark Cycle 14.200ms
[2022-04-10T15:26:10.541-0700][gc,start    ] GC(3) Pause Young (Normal) (G1 Evacuation Pause)
[2022-04-10T15:26:10.541-0700][gc,task     ] GC(3) Using 8 workers of 8 for evacuation
[2022-04-10T15:26:10.547-0700][gc,phases   ] GC(3)   Pre Evacuate Collection Set: 0.1ms
[2022-04-10T15:26:10.547-0700][gc,phases   ] GC(3)   Merge Heap Roots: 0.1ms
[2022-04-10T15:26:10.547-0700][gc,phases   ] GC(3)   Evacuate Collection Set: 4.7ms
[2022-04-10T15:26:10.547-0700][gc,phases   ] GC(3)   Post Evacuate Collection Set: 0.9ms
[2022-04-10T15:26:10.547-0700][gc,phases   ] GC(3)   Other: 0.2ms
[2022-04-10T15:26:10.547-0700][gc,heap     ] GC(3) Eden regions: 50->0(45)
[2022-04-10T15:26:10.547-0700][gc,heap     ] GC(3) Survivor regions: 1->6(7)
[2022-04-10T15:26:10.547-0700][gc,heap     ] GC(3) Old regions: 8->8
[2022-04-10T15:26:10.547-0700][gc,heap     ] GC(3) Archive regions: 2->2
[2022-04-10T15:26:10.547-0700][gc,heap     ] GC(3) Humongous regions: 129->129
[2022-04-10T15:26:10.547-0700][gc,metaspace] GC(3) Metaspace: 33298K(33600K)->33298K(33600K) NonClass: 29535K(29696K)->29535K(29696K) Class: 3762K(3904K)->3762K(3904K)
[2022-04-10T15:26:10.547-0700][gc          ] GC(3) Pause Young (Normal) (G1 Evacuation Pause) 188M->142M(1024M) 6.171ms
[2022-04-10T15:26:10.547-0700][gc,cpu      ] GC(3) User=0.04s Sys=0.00s Real=0.00s
[2022-04-10T15:26:10.700-0700][gc,start    ] GC(4) Pause Young (Concurrent Start) (Metadata GC Threshold)
[2022-04-10T15:26:10.700-0700][gc,task     ] GC(4) Using 8 workers of 8 for evacuation
[2022-04-10T15:26:10.707-0700][gc,phases   ] GC(4)   Pre Evacuate Collection Set: 0.1ms
[2022-04-10T15:26:10.707-0700][gc,phases   ] GC(4)   Merge Heap Roots: 0.1ms
[2022-04-10T15:26:10.707-0700][gc,phases   ] GC(4)   Evacuate Collection Set: 6.1ms
[2022-04-10T15:26:10.707-0700][gc,phases   ] GC(4)   Post Evacuate Collection Set: 0.5ms
[2022-04-10T15:26:10.707-0700][gc,phases   ] GC(4)   Other: 0.2ms
[2022-04-10T15:26:10.707-0700][gc,heap     ] GC(4) Eden regions: 13->0(49)
[2022-04-10T15:26:10.707-0700][gc,heap     ] GC(4) Survivor regions: 6->2(7)
[2022-04-10T15:26:10.707-0700][gc,heap     ] GC(4) Old regions: 8->13
[2022-04-10T15:26:10.707-0700][gc,heap     ] GC(4) Archive regions: 2->2
[2022-04-10T15:26:10.707-0700][gc,heap     ] GC(4) Humongous regions: 129->129
[2022-04-10T15:26:10.707-0700][gc,metaspace] GC(4) Metaspace: 35762K(36096K)->35762K(36096K) NonClass: 31573K(31744K)->31573K(31744K) Class: 4188K(4352K)->4188K(4352K)
[2022-04-10T15:26:10.707-0700][gc          ] GC(4) Pause Young (Concurrent Start) (Metadata GC Threshold) 154M->143M(1024M) 7.084ms
[2022-04-10T15:26:10.707-0700][gc,cpu      ] GC(4) User=0.05s Sys=0.01s Real=0.00s
[2022-04-10T15:26:10.707-0700][gc          ] GC(5) Concurrent Mark Cycle
[2022-04-10T15:26:10.707-0700][gc,marking  ] GC(5) Concurrent Clear Claimed Marks
[2022-04-10T15:26:10.707-0700][gc,marking  ] GC(5) Concurrent Clear Claimed Marks 0.036ms
[2022-04-10T15:26:10.707-0700][gc,marking  ] GC(5) Concurrent Scan Root Regions
[2022-04-10T15:26:10.711-0700][gc,marking  ] GC(5) Concurrent Scan Root Regions 4.068ms
[2022-04-10T15:26:10.711-0700][gc,marking  ] GC(5) Concurrent Mark
[2022-04-10T15:26:10.711-0700][gc,marking  ] GC(5) Concurrent Mark From Roots
[2022-04-10T15:26:10.711-0700][gc,task     ] GC(5) Using 2 workers of 2 for marking
[2022-04-10T15:26:10.721-0700][gc,marking  ] GC(5) Concurrent Mark From Roots 9.246ms
[2022-04-10T15:26:10.721-0700][gc,marking  ] GC(5) Concurrent Preclean
[2022-04-10T15:26:10.721-0700][gc,marking  ] GC(5) Concurrent Preclean 0.092ms
[2022-04-10T15:26:10.721-0700][gc,start    ] GC(5) Pause Remark
[2022-04-10T15:26:10.722-0700][gc          ] GC(5) Pause Remark 144M->144M(1024M) 1.531ms
[2022-04-10T15:26:10.723-0700][gc,cpu      ] GC(5) User=0.00s Sys=0.00s Real=0.00s
[2022-04-10T15:26:10.723-0700][gc,marking  ] GC(5) Concurrent Mark 11.227ms
[2022-04-10T15:26:10.723-0700][gc,marking  ] GC(5) Concurrent Rebuild Remembered Sets
[2022-04-10T15:26:10.730-0700][gc,marking  ] GC(5) Concurrent Rebuild Remembered Sets 7.673ms
[2022-04-10T15:26:10.731-0700][gc,start    ] GC(5) Pause Cleanup
[2022-04-10T15:26:10.731-0700][gc          ] GC(5) Pause Cleanup 144M->144M(1024M) 0.216ms
[2022-04-10T15:26:10.731-0700][gc,cpu      ] GC(5) User=0.01s Sys=0.00s Real=0.00s
[2022-04-10T15:26:10.731-0700][gc,marking  ] GC(5) Concurrent Cleanup for Next Mark
[2022-04-10T15:26:10.738-0700][gc,marking  ] GC(5) Concurrent Cleanup for Next Mark 7.623ms
[2022-04-10T15:26:10.739-0700][gc          ] GC(5) Concurrent Mark Cycle 31.641ms
[2022-04-10T15:47:16.639-0700][gc,start    ] GC(6) Pause Young (Normal) (G1 Evacuation Pause)
[2022-04-10T15:47:16.639-0700][gc,task     ] GC(6) Using 8 workers of 8 for evacuation
[2022-04-10T15:47:16.645-0700][gc,phases   ] GC(6)   Pre Evacuate Collection Set: 1.5ms
[2022-04-10T15:47:16.645-0700][gc,phases   ] GC(6)   Merge Heap Roots: 0.3ms
[2022-04-10T15:47:16.645-0700][gc,phases   ] GC(6)   Evacuate Collection Set: 3.7ms
[2022-04-10T15:47:16.645-0700][gc,phases   ] GC(6)   Post Evacuate Collection Set: 0.6ms
[2022-04-10T15:47:16.645-0700][gc,phases   ] GC(6)   Other: 0.3ms
[2022-04-10T15:47:16.645-0700][gc,heap     ] GC(6) Eden regions: 49->0(47)
[2022-04-10T15:47:16.645-0700][gc,heap     ] GC(6) Survivor regions: 2->4(7)
[2022-04-10T15:47:16.645-0700][gc,heap     ] GC(6) Old regions: 13->13
[2022-04-10T15:47:16.645-0700][gc,heap     ] GC(6) Archive regions: 2->2
[2022-04-10T15:47:16.645-0700][gc,heap     ] GC(6) Humongous regions: 129->129
[2022-04-10T15:47:16.645-0700][gc,metaspace] GC(6) Metaspace: 39323K(39936K)->39323K(39936K) NonClass: 34556K(34880K)->34556K(34880K) Class: 4766K(5056K)->4766K(5056K)
[2022-04-10T15:47:16.645-0700][gc          ] GC(6) Pause Young (Normal) (G1 Evacuation Pause) 192M->145M(1024M) 6.565ms
[2022-04-10T15:47:16.645-0700][gc,cpu      ] GC(6) User=0.02s Sys=0.00s Real=0.01s
[2022-04-10T15:48:29.614-0700][gc,start    ] GC(7) Pause Young (Normal) (G1 Evacuation Pause)
[2022-04-10T15:48:29.614-0700][gc,task     ] GC(7) Using 8 workers of 8 for evacuation
[2022-04-10T15:48:29.619-0700][gc,phases   ] GC(7)   Pre Evacuate Collection Set: 0.2ms
[2022-04-10T15:48:29.619-0700][gc,phases   ] GC(7)   Merge Heap Roots: 0.1ms
[2022-04-10T15:48:29.619-0700][gc,phases   ] GC(7)   Evacuate Collection Set: 4.0ms
[2022-04-10T15:48:29.620-0700][gc,phases   ] GC(7)   Post Evacuate Collection Set: 0.8ms
[2022-04-10T15:48:29.620-0700][gc,phases   ] GC(7)   Other: 0.3ms
[2022-04-10T15:48:29.620-0700][gc,heap     ] GC(7) Eden regions: 47->0(46)
[2022-04-10T15:48:29.620-0700][gc,heap     ] GC(7) Survivor regions: 4->5(7)
[2022-04-10T15:48:29.620-0700][gc,heap     ] GC(7) Old regions: 13->13
[2022-04-10T15:48:29.620-0700][gc,heap     ] GC(7) Archive regions: 2->2
[2022-04-10T15:48:29.620-0700][gc,heap     ] GC(7) Humongous regions: 129->129
[2022-04-10T15:48:29.620-0700][gc,metaspace] GC(7) Metaspace: 39960K(40576K)->39960K(40576K) NonClass: 35102K(35456K)->35102K(35456K) Class: 4857K(5120K)->4857K(5120K)
[2022-04-10T15:48:29.620-0700][gc          ] GC(7) Pause Young (Normal) (G1 Evacuation Pause) 192M->146M(1024M) 5.625ms
[2022-04-10T15:48:29.620-0700][gc,cpu      ] GC(7) User=0.03s Sys=0.01s Real=0.01s
[2022-04-10T15:49:50.982-0700][gc,start    ] GC(8) Pause Young (Normal) (G1 Evacuation Pause)
[2022-04-10T15:49:50.982-0700][gc,task     ] GC(8) Using 8 workers of 8 for evacuation
[2022-04-10T15:49:50.987-0700][gc,phases   ] GC(8)   Pre Evacuate Collection Set: 0.1ms
[2022-04-10T15:49:50.987-0700][gc,phases   ] GC(8)   Merge Heap Roots: 0.1ms
[2022-04-10T15:49:50.987-0700][gc,phases   ] GC(8)   Evacuate Collection Set: 4.1ms
[2022-04-10T15:49:50.987-0700][gc,phases   ] GC(8)   Post Evacuate Collection Set: 0.6ms
[2022-04-10T15:49:50.987-0700][gc,phases   ] GC(8)   Other: 0.2ms
[2022-04-10T15:49:50.987-0700][gc,heap     ] GC(8) Eden regions: 46->0(47)
[2022-04-10T15:49:50.987-0700][gc,heap     ] GC(8) Survivor regions: 5->4(7)
[2022-04-10T15:49:50.987-0700][gc,heap     ] GC(8) Old regions: 13->13
[2022-04-10T15:49:50.987-0700][gc,heap     ] GC(8) Archive regions: 2->2
[2022-04-10T15:49:50.987-0700][gc,heap     ] GC(8) Humongous regions: 129->129
[2022-04-10T15:49:50.987-0700][gc,metaspace] GC(8) Metaspace: 39981K(40576K)->39981K(40576K) NonClass: 35123K(35456K)->35123K(35456K) Class: 4857K(5120K)->4857K(5120K)
[2022-04-10T15:49:50.987-0700][gc          ] GC(8) Pause Young (Normal) (G1 Evacuation Pause) 192M->146M(1024M) 5.297ms
[2022-04-10T15:49:50.987-0700][gc,cpu      ] GC(8) User=0.02s Sys=0.00s Real=0.00s
[2022-04-10T15:51:19.228-0700][gc,start    ] GC(9) Pause Young (Normal) (G1 Evacuation Pause)
[2022-04-10T15:51:19.228-0700][gc,task     ] GC(9) Using 8 workers of 8 for evacuation
[2022-04-10T15:51:19.231-0700][gc,phases   ] GC(9)   Pre Evacuate Collection Set: 0.1ms
[2022-04-10T15:51:19.231-0700][gc,phases   ] GC(9)   Merge Heap Roots: 0.1ms
[2022-04-10T15:51:19.231-0700][gc,phases   ] GC(9)   Evacuate Collection Set: 2.5ms
[2022-04-10T15:51:19.231-0700][gc,phases   ] GC(9)   Post Evacuate Collection Set: 0.4ms
[2022-04-10T15:51:19.231-0700][gc,phases   ] GC(9)   Other: 0.2ms
[2022-04-10T15:51:19.231-0700][gc,heap     ] GC(9) Eden regions: 47->0(77)
[2022-04-10T15:51:19.231-0700][gc,heap     ] GC(9) Survivor regions: 4->3(7)
[2022-04-10T15:51:19.231-0700][gc,heap     ] GC(9) Old regions: 13->14
[2022-04-10T15:51:19.231-0700][gc,heap     ] GC(9) Archive regions: 2->2
[2022-04-10T15:51:19.231-0700][gc,heap     ] GC(9) Humongous regions: 129->129
[2022-04-10T15:51:19.231-0700][gc,metaspace] GC(9) Metaspace: 40020K(40640K)->40020K(40640K) NonClass: 35162K(35520K)->35162K(35520K) Class: 4857K(5120K)->4857K(5120K)
[2022-04-10T15:51:19.231-0700][gc          ] GC(9) Pause Young (Normal) (G1 Evacuation Pause) 193M->146M(1024M) 3.445ms
[2022-04-10T15:51:19.231-0700][gc,cpu      ] GC(9) User=0.02s Sys=0.00s Real=0.01s
[2022-04-10T15:53:44.910-0700][gc,start    ] GC(10) Pause Young (Normal) (G1 Evacuation Pause)
[2022-04-10T15:53:44.910-0700][gc,task     ] GC(10) Using 8 workers of 8 for evacuation
[2022-04-10T15:53:44.916-0700][gc,phases   ] GC(10)   Pre Evacuate Collection Set: 0.1ms
[2022-04-10T15:53:44.916-0700][gc,phases   ] GC(10)   Merge Heap Roots: 0.1ms
[2022-04-10T15:53:44.916-0700][gc,phases   ] GC(10)   Evacuate Collection Set: 5.3ms
[2022-04-10T15:53:44.916-0700][gc,phases   ] GC(10)   Post Evacuate Collection Set: 0.3ms
[2022-04-10T15:53:44.916-0700][gc,phases   ] GC(10)   Other: 0.2ms
[2022-04-10T15:53:44.916-0700][gc,heap     ] GC(10) Eden regions: 77->0(55)
[2022-04-10T15:53:44.916-0700][gc,heap     ] GC(10) Survivor regions: 3->7(10)
[2022-04-10T15:53:44.916-0700][gc,heap     ] GC(10) Old regions: 14->14
[2022-04-10T15:53:44.916-0700][gc,heap     ] GC(10) Archive regions: 2->2
[2022-04-10T15:53:44.916-0700][gc,heap     ] GC(10) Humongous regions: 129->129
[2022-04-10T15:53:44.916-0700][gc,metaspace] GC(10) Metaspace: 40121K(40768K)->40121K(40768K) NonClass: 35263K(35648K)->35263K(35648K) Class: 4857K(5120K)->4857K(5120K)
[2022-04-10T15:53:44.917-0700][gc          ] GC(10) Pause Young (Normal) (G1 Evacuation Pause) 223M->150M(1024M) 6.245ms
[2022-04-10T15:53:44.917-0700][gc,cpu      ] GC(10) User=0.03s Sys=0.00s Real=0.00s
[2022-04-10T15:55:28.456-0700][gc,start    ] GC(11) Pause Young (Normal) (G1 Evacuation Pause)
[2022-04-10T15:55:28.456-0700][gc,task     ] GC(11) Using 8 workers of 8 for evacuation
[2022-04-10T15:55:28.463-0700][gc,phases   ] GC(11)   Pre Evacuate Collection Set: 0.2ms
[2022-04-10T15:55:28.463-0700][gc,phases   ] GC(11)   Merge Heap Roots: 0.1ms
[2022-04-10T15:55:28.463-0700][gc,phases   ] GC(11)   Evacuate Collection Set: 6.1ms
[2022-04-10T15:55:28.463-0700][gc,phases   ] GC(11)   Post Evacuate Collection Set: 0.4ms
[2022-04-10T15:55:28.463-0700][gc,phases   ] GC(11)   Other: 0.2ms
[2022-04-10T15:55:28.463-0700][gc,heap     ] GC(11) Eden regions: 55->0(132)
[2022-04-10T15:55:28.463-0700][gc,heap     ] GC(11) Survivor regions: 7->3(8)
[2022-04-10T15:55:28.463-0700][gc,heap     ] GC(11) Old regions: 14->19
[2022-04-10T15:55:28.463-0700][gc,heap     ] GC(11) Archive regions: 2->2
[2022-04-10T15:55:28.463-0700][gc,heap     ] GC(11) Humongous regions: 129->129
[2022-04-10T15:55:28.463-0700][gc,metaspace] GC(11) Metaspace: 40157K(40768K)->40157K(40768K) NonClass: 35299K(35648K)->35299K(35648K) Class: 4857K(5120K)->4857K(5120K)
[2022-04-10T15:55:28.463-0700][gc          ] GC(11) Pause Young (Normal) (G1 Evacuation Pause) 205M->150M(1024M) 7.090ms
[2022-04-10T15:55:28.463-0700][gc,cpu      ] GC(11) User=0.04s Sys=0.01s Real=0.01s
[2022-04-10T16:01:45.497-0700][gc,start    ] GC(12) Pause Young (Normal) (G1 Evacuation Pause)
[2022-04-10T16:01:45.498-0700][gc,task     ] GC(12) Using 8 workers of 8 for evacuation
[2022-04-10T16:01:45.509-0700][gc,phases   ] GC(12)   Pre Evacuate Collection Set: 0.2ms
[2022-04-10T16:01:45.509-0700][gc,phases   ] GC(12)   Merge Heap Roots: 0.1ms
[2022-04-10T16:01:45.509-0700][gc,phases   ] GC(12)   Evacuate Collection Set: 10.9ms
[2022-04-10T16:01:45.509-0700][gc,phases   ] GC(12)   Post Evacuate Collection Set: 0.4ms
[2022-04-10T16:01:45.509-0700][gc,phases   ] GC(12)   Other: 0.2ms
[2022-04-10T16:01:45.509-0700][gc,heap     ] GC(12) Eden regions: 132->0(78)
[2022-04-10T16:01:45.509-0700][gc,heap     ] GC(12) Survivor regions: 3->12(17)
[2022-04-10T16:01:45.509-0700][gc,heap     ] GC(12) Old regions: 19->19
[2022-04-10T16:01:45.509-0700][gc,heap     ] GC(12) Archive regions: 2->2
[2022-04-10T16:01:45.509-0700][gc,heap     ] GC(12) Humongous regions: 129->129
[2022-04-10T16:01:45.509-0700][gc,metaspace] GC(12) Metaspace: 40209K(40832K)->40209K(40832K) NonClass: 35348K(35712K)->35348K(35712K) Class: 4860K(5120K)->4860K(5120K)
[2022-04-10T16:01:45.509-0700][gc          ] GC(12) Pause Young (Normal) (G1 Evacuation Pause) 282M->159M(1024M) 12.005ms
[2022-04-10T16:01:45.510-0700][gc,cpu      ] GC(12) User=0.07s Sys=0.01s Real=0.01s
[2022-04-10T16:04:12.949-0700][gc,start    ] GC(13) Pause Young (Normal) (G1 Evacuation Pause)
[2022-04-10T16:04:12.950-0700][gc,task     ] GC(13) Using 8 workers of 8 for evacuation
[2022-04-10T16:04:12.969-0700][gc,phases   ] GC(13)   Pre Evacuate Collection Set: 0.2ms
[2022-04-10T16:04:12.972-0700][gc,phases   ] GC(13)   Merge Heap Roots: 0.1ms
[2022-04-10T16:04:12.972-0700][gc,phases   ] GC(13)   Evacuate Collection Set: 12.9ms
[2022-04-10T16:04:12.972-0700][gc,phases   ] GC(13)   Post Evacuate Collection Set: 1.0ms
[2022-04-10T16:04:12.972-0700][gc,phases   ] GC(13)   Other: 6.3ms
[2022-04-10T16:04:12.972-0700][gc,heap     ] GC(13) Eden regions: 78->0(93)
[2022-04-10T16:04:12.973-0700][gc,heap     ] GC(13) Survivor regions: 12->6(12)
[2022-04-10T16:04:12.973-0700][gc,heap     ] GC(13) Old regions: 19->30
[2022-04-10T16:04:12.973-0700][gc,heap     ] GC(13) Archive regions: 2->2
[2022-04-10T16:04:12.973-0700][gc,heap     ] GC(13) Humongous regions: 129->129
[2022-04-10T16:04:12.973-0700][gc,metaspace] GC(13) Metaspace: 40229K(40832K)->40229K(40832K) NonClass: 35368K(35712K)->35368K(35712K) Class: 4860K(5120K)->4860K(5120K)
[2022-04-10T16:04:12.973-0700][gc          ] GC(13) Pause Young (Normal) (G1 Evacuation Pause) 237M->164M(1024M) 23.815ms
[2022-04-10T16:04:12.973-0700][gc,cpu      ] GC(13) User=0.08s Sys=0.01s Real=0.03s
[2022-04-10T16:10:01.034-0700][gc,start    ] GC(14) Pause Young (Normal) (G1 Evacuation Pause)
[2022-04-10T16:10:01.034-0700][gc,task     ] GC(14) Using 8 workers of 8 for evacuation
[2022-04-10T16:10:01.044-0700][gc,phases   ] GC(14)   Pre Evacuate Collection Set: 0.1ms
[2022-04-10T16:10:01.044-0700][gc,phases   ] GC(14)   Merge Heap Roots: 0.1ms
[2022-04-10T16:10:01.044-0700][gc,phases   ] GC(14)   Evacuate Collection Set: 9.6ms
[2022-04-10T16:10:01.044-0700][gc,phases   ] GC(14)   Post Evacuate Collection Set: 0.3ms
[2022-04-10T16:10:01.044-0700][gc,phases   ] GC(14)   Other: 0.2ms
[2022-04-10T16:10:01.044-0700][gc,heap     ] GC(14) Eden regions: 93->0(68)
[2022-04-10T16:10:01.044-0700][gc,heap     ] GC(14) Survivor regions: 6->11(13)
[2022-04-10T16:10:01.044-0700][gc,heap     ] GC(14) Old regions: 30->30
[2022-04-10T16:10:01.044-0700][gc,heap     ] GC(14) Archive regions: 2->2
[2022-04-10T16:10:01.044-0700][gc,heap     ] GC(14) Humongous regions: 129->129
[2022-04-10T16:10:01.044-0700][gc,metaspace] GC(14) Metaspace: 40272K(40832K)->40272K(40832K) NonClass: 35411K(35712K)->35411K(35712K) Class: 4860K(5120K)->4860K(5120K)
[2022-04-10T16:10:01.044-0700][gc          ] GC(14) Pause Young (Normal) (G1 Evacuation Pause) 257M->169M(1024M) 10.687ms
[2022-04-10T16:10:01.044-0700][gc,cpu      ] GC(14) User=0.05s Sys=0.00s Real=0.01s
[2022-04-10T16:12:08.915-0700][gc,start    ] GC(15) Pause Young (Normal) (G1 Evacuation Pause)
[2022-04-10T16:12:08.915-0700][gc,task     ] GC(15) Using 8 workers of 8 for evacuation
[2022-04-10T16:12:08.927-0700][gc,phases   ] GC(15)   Pre Evacuate Collection Set: 0.2ms
[2022-04-10T16:12:08.927-0700][gc,phases   ] GC(15)   Merge Heap Roots: 0.1ms
[2022-04-10T16:12:08.927-0700][gc,phases   ] GC(15)   Evacuate Collection Set: 11.7ms
[2022-04-10T16:12:08.927-0700][gc,phases   ] GC(15)   Post Evacuate Collection Set: 0.5ms
[2022-04-10T16:12:08.927-0700][gc,phases   ] GC(15)   Other: 0.3ms
[2022-04-10T16:12:08.927-0700][gc,heap     ] GC(15) Eden regions: 68->0(150)
[2022-04-10T16:12:08.927-0700][gc,heap     ] GC(15) Survivor regions: 11->5(10)
[2022-04-10T16:12:08.927-0700][gc,heap     ] GC(15) Old regions: 30->39
[2022-04-10T16:12:08.927-0700][gc,heap     ] GC(15) Archive regions: 2->2
[2022-04-10T16:12:08.927-0700][gc,heap     ] GC(15) Humongous regions: 129->129
[2022-04-10T16:12:08.927-0700][gc,metaspace] GC(15) Metaspace: 40273K(40896K)->40273K(40896K) NonClass: 35412K(35776K)->35412K(35776K) Class: 4860K(5120K)->4860K(5120K)
[2022-04-10T16:12:08.927-0700][gc          ] GC(15) Pause Young (Normal) (G1 Evacuation Pause) 237M->173M(1024M) 12.970ms
[2022-04-10T16:12:08.928-0700][gc,cpu      ] GC(15) User=0.07s Sys=0.01s Real=0.01s
[2022-04-10T16:18:09.477-0700][gc,start    ] GC(16) Pause Young (Normal) (G1 Evacuation Pause)
[2022-04-10T16:18:09.477-0700][gc,task     ] GC(16) Using 8 workers of 8 for evacuation
[2022-04-10T16:18:09.495-0700][gc,phases   ] GC(16)   Pre Evacuate Collection Set: 0.1ms
[2022-04-10T16:18:09.495-0700][gc,phases   ] GC(16)   Merge Heap Roots: 0.1ms
[2022-04-10T16:18:09.495-0700][gc,phases   ] GC(16)   Evacuate Collection Set: 17.0ms
[2022-04-10T16:18:09.495-0700][gc,phases   ] GC(16)   Post Evacuate Collection Set: 0.5ms
[2022-04-10T16:18:09.495-0700][gc,phases   ] GC(16)   Other: 0.2ms
[2022-04-10T16:18:09.495-0700][gc,heap     ] GC(16) Eden regions: 150->0(46)
[2022-04-10T16:18:09.495-0700][gc,heap     ] GC(16) Survivor regions: 5->13(20)
[2022-04-10T16:18:09.495-0700][gc,heap     ] GC(16) Old regions: 39->39
[2022-04-10T16:18:09.495-0700][gc,heap     ] GC(16) Archive regions: 2->2
[2022-04-10T16:18:09.495-0700][gc,heap     ] GC(16) Humongous regions: 129->129
[2022-04-10T16:18:09.495-0700][gc,metaspace] GC(16) Metaspace: 40392K(41024K)->40392K(41024K) NonClass: 35528K(35904K)->35528K(35904K) Class: 4864K(5120K)->4864K(5120K)
[2022-04-10T16:18:09.495-0700][gc          ] GC(16) Pause Young (Normal) (G1 Evacuation Pause) 323M->180M(1024M) 18.027ms
[2022-04-10T16:18:09.495-0700][gc,cpu      ] GC(16) User=0.07s Sys=0.01s Real=0.02s
[2022-04-10T16:19:22.139-0700][gc,start    ] GC(17) Pause Young (Normal) (G1 Evacuation Pause)
[2022-04-10T16:19:22.139-0700][gc,task     ] GC(17) Using 8 workers of 8 for evacuation
[2022-04-10T16:19:22.156-0700][gc,phases   ] GC(17)   Pre Evacuate Collection Set: 0.1ms
[2022-04-10T16:19:22.156-0700][gc,phases   ] GC(17)   Merge Heap Roots: 0.1ms
[2022-04-10T16:19:22.156-0700][gc,phases   ] GC(17)   Evacuate Collection Set: 16.9ms
[2022-04-10T16:19:22.156-0700][gc,phases   ] GC(17)   Post Evacuate Collection Set: 0.4ms
[2022-04-10T16:19:22.156-0700][gc,phases   ] GC(17)   Other: 0.2ms
[2022-04-10T16:19:22.156-0700][gc,heap     ] GC(17) Eden regions: 46->0(149)
[2022-04-10T16:19:22.156-0700][gc,heap     ] GC(17) Survivor regions: 13->5(8)
[2022-04-10T16:19:22.156-0700][gc,heap     ] GC(17) Old regions: 39->50
[2022-04-10T16:19:22.156-0700][gc,heap     ] GC(17) Archive regions: 2->2
[2022-04-10T16:19:22.156-0700][gc,heap     ] GC(17) Humongous regions: 129->129
[2022-04-10T16:19:22.157-0700][gc,metaspace] GC(17) Metaspace: 40407K(41024K)->40407K(41024K) NonClass: 35542K(35904K)->35542K(35904K) Class: 4864K(5120K)->4864K(5120K)
[2022-04-10T16:19:22.157-0700][gc          ] GC(17) Pause Young (Normal) (G1 Evacuation Pause) 226M->184M(1024M) 17.971ms
[2022-04-10T16:19:22.157-0700][gc,cpu      ] GC(17) User=0.08s Sys=0.01s Real=0.02s
[2022-04-10T16:23:32.651-0700][gc,start    ] GC(18) Pause Young (Normal) (G1 Evacuation Pause)
[2022-04-10T16:23:32.652-0700][gc,task     ] GC(18) Using 8 workers of 8 for evacuation
[2022-04-10T16:23:32.663-0700][gc,phases   ] GC(18)   Pre Evacuate Collection Set: 0.2ms
[2022-04-10T16:23:32.663-0700][gc,phases   ] GC(18)   Merge Heap Roots: 0.1ms
[2022-04-10T16:23:32.663-0700][gc,phases   ] GC(18)   Evacuate Collection Set: 10.9ms
[2022-04-10T16:23:32.663-0700][gc,phases   ] GC(18)   Post Evacuate Collection Set: 0.4ms
[2022-04-10T16:23:32.663-0700][gc,phases   ] GC(18)   Other: 0.2ms
[2022-04-10T16:23:32.663-0700][gc,heap     ] GC(18) Eden regions: 149->0(107)
[2022-04-10T16:23:32.663-0700][gc,heap     ] GC(18) Survivor regions: 5->10(20)
[2022-04-10T16:23:32.663-0700][gc,heap     ] GC(18) Old regions: 50->50
[2022-04-10T16:23:32.663-0700][gc,heap     ] GC(18) Archive regions: 2->2
[2022-04-10T16:23:32.663-0700][gc,heap     ] GC(18) Humongous regions: 129->129
[2022-04-10T16:23:32.663-0700][gc,metaspace] GC(18) Metaspace: 40473K(41152K)->40473K(41152K) NonClass: 35605K(35968K)->35605K(35968K) Class: 4867K(5184K)->4867K(5184K)
[2022-04-10T16:23:32.664-0700][gc          ] GC(18) Pause Young (Normal) (G1 Evacuation Pause) 333M->189M(1024M) 12.096ms
[2022-04-10T16:23:32.664-0700][gc,cpu      ] GC(18) User=0.06s Sys=0.01s Real=0.01s
[2022-04-10T16:26:17.856-0700][gc,start    ] GC(19) Pause Young (Normal) (G1 Evacuation Pause)
[2022-04-10T16:26:17.856-0700][gc,task     ] GC(19) Using 8 workers of 8 for evacuation
[2022-04-10T16:26:17.872-0700][gc,phases   ] GC(19)   Pre Evacuate Collection Set: 0.2ms
[2022-04-10T16:26:17.879-0700][gc,phases   ] GC(19)   Merge Heap Roots: 0.1ms
[2022-04-10T16:26:17.879-0700][gc,phases   ] GC(19)   Evacuate Collection Set: 14.8ms
[2022-04-10T16:26:17.879-0700][gc,phases   ] GC(19)   Post Evacuate Collection Set: 0.4ms
[2022-04-10T16:26:17.879-0700][gc,phases   ] GC(19)   Other: 0.2ms
[2022-04-10T16:26:17.879-0700][gc,heap     ] GC(19) Eden regions: 107->0(76)
[2022-04-10T16:26:17.879-0700][gc,heap     ] GC(19) Survivor regions: 10->15(15)
[2022-04-10T16:26:17.879-0700][gc,heap     ] GC(19) Old regions: 50->53
[2022-04-10T16:26:17.879-0700][gc,heap     ] GC(19) Archive regions: 2->2
[2022-04-10T16:26:17.879-0700][gc,heap     ] GC(19) Humongous regions: 129->129
[2022-04-10T16:26:17.879-0700][gc,metaspace] GC(19) Metaspace: 40536K(41152K)->40536K(41152K) NonClass: 35665K(35968K)->35665K(35968K) Class: 4871K(5184K)->4871K(5184K)
[2022-04-10T16:26:17.879-0700][gc          ] GC(19) Pause Young (Normal) (G1 Evacuation Pause) 296M->196M(1024M) 22.604ms
[2022-04-10T16:26:17.879-0700][gc,cpu      ] GC(19) User=0.08s Sys=0.00s Real=0.02s
[2022-04-10T17:47:00.661-0700][gc,start    ] GC(20) Pause Young (Normal) (G1 Evacuation Pause)
[2022-04-10T17:47:00.661-0700][gc,task     ] GC(20) Using 8 workers of 8 for evacuation
[2022-04-10T17:47:00.673-0700][gc,phases   ] GC(20)   Pre Evacuate Collection Set: 0.2ms
[2022-04-10T17:47:00.674-0700][gc,phases   ] GC(20)   Merge Heap Roots: 0.1ms
[2022-04-10T17:47:00.674-0700][gc,phases   ] GC(20)   Evacuate Collection Set: 11.9ms
[2022-04-10T17:47:00.674-0700][gc,phases   ] GC(20)   Post Evacuate Collection Set: 0.3ms
[2022-04-10T17:47:00.674-0700][gc,phases   ] GC(20)   Other: 0.2ms
[2022-04-10T17:47:00.674-0700][gc,heap     ] GC(20) Eden regions: 73->0(240)
[2022-04-10T17:47:00.674-0700][gc,heap     ] GC(20) Survivor regions: 15->2(11)
[2022-04-10T17:47:00.674-0700][gc,heap     ] GC(20) Old regions: 53->65
[2022-04-10T17:47:00.674-0700][gc,heap     ] GC(20) Archive regions: 2->2
[2022-04-10T17:47:00.674-0700][gc,heap     ] GC(20) Humongous regions: 129->129
[2022-04-10T17:47:00.674-0700][gc,metaspace] GC(20) Metaspace: 40651K(41344K)->40651K(41344K) NonClass: 35780K(36160K)->35780K(36160K) Class: 4871K(5184K)->4871K(5184K)
[2022-04-10T17:47:00.674-0700][gc          ] GC(20) Pause Young (Normal) (G1 Evacuation Pause) 269M->196M(1024M) 12.923ms
[2022-04-10T17:47:00.674-0700][gc,cpu      ] GC(20) User=0.07s Sys=0.01s Real=0.01s
[2022-04-10T23:01:50.147-0700][gc,start    ] GC(21) Pause Young (Normal) (G1 Evacuation Pause)
[2022-04-10T23:01:50.153-0700][gc,task     ] GC(21) Using 8 workers of 8 for evacuation
[2022-04-10T23:01:50.177-0700][gc,mmu      ] GC(21) MMU target violated: 21.0ms (20.0ms/21.0ms)
[2022-04-10T23:01:50.177-0700][gc,phases   ] GC(21)   Pre Evacuate Collection Set: 1.9ms
[2022-04-10T23:01:50.177-0700][gc,phases   ] GC(21)   Merge Heap Roots: 0.3ms
[2022-04-10T23:01:50.177-0700][gc,phases   ] GC(21)   Evacuate Collection Set: 20.4ms
[2022-04-10T23:01:50.177-0700][gc,phases   ] GC(21)   Post Evacuate Collection Set: 1.0ms
[2022-04-10T23:01:50.177-0700][gc,phases   ] GC(21)   Other: 6.2ms
[2022-04-10T23:01:50.177-0700][gc,heap     ] GC(21) Eden regions: 240->0(110)
[2022-04-10T23:01:50.177-0700][gc,heap     ] GC(21) Survivor regions: 2->1(31)
[2022-04-10T23:01:50.177-0700][gc,heap     ] GC(21) Old regions: 65->65
[2022-04-10T23:01:50.177-0700][gc,heap     ] GC(21) Archive regions: 2->2
[2022-04-10T23:01:50.177-0700][gc,heap     ] GC(21) Humongous regions: 129->129
[2022-04-10T23:01:50.177-0700][gc,metaspace] GC(21) Metaspace: 40748K(41408K)->40748K(41408K) NonClass: 35877K(36224K)->35877K(36224K) Class: 4871K(5184K)->4871K(5184K)
[2022-04-10T23:01:50.177-0700][gc          ] GC(21) Pause Young (Normal) (G1 Evacuation Pause) 436M->195M(1024M) 29.779ms
[2022-04-10T23:01:50.177-0700][gc,cpu      ] GC(21) User=0.03s Sys=0.05s Real=0.03s
[2022-04-10T23:24:21.282-0700][gc,start    ] GC(22) Pause Young (Normal) (G1 Evacuation Pause)
[2022-04-10T23:24:21.282-0700][gc,task     ] GC(22) Using 8 workers of 8 for evacuation
[2022-04-10T23:24:21.288-0700][gc,phases   ] GC(22)   Pre Evacuate Collection Set: 0.2ms
[2022-04-10T23:24:21.288-0700][gc,phases   ] GC(22)   Merge Heap Roots: 0.1ms
[2022-04-10T23:24:21.288-0700][gc,phases   ] GC(22)   Evacuate Collection Set: 4.6ms
[2022-04-10T23:24:21.288-0700][gc,phases   ] GC(22)   Post Evacuate Collection Set: 0.4ms
[2022-04-10T23:24:21.288-0700][gc,phases   ] GC(22)   Other: 0.2ms
[2022-04-10T23:24:21.288-0700][gc,heap     ] GC(22) Eden regions: 110->0(89)
[2022-04-10T23:24:21.288-0700][gc,heap     ] GC(22) Survivor regions: 1->5(14)
[2022-04-10T23:24:21.288-0700][gc,heap     ] GC(22) Old regions: 65->65
[2022-04-10T23:24:21.288-0700][gc,heap     ] GC(22) Archive regions: 2->2
[2022-04-10T23:24:21.288-0700][gc,heap     ] GC(22) Humongous regions: 129->129
[2022-04-10T23:24:21.288-0700][gc,metaspace] GC(22) Metaspace: 40779K(41408K)->40779K(41408K) NonClass: 35907K(36224K)->35907K(36224K) Class: 4871K(5184K)->4871K(5184K)
[2022-04-10T23:24:21.288-0700][gc          ] GC(22) Pause Young (Normal) (G1 Evacuation Pause) 305M->198M(1024M) 5.759ms
[2022-04-10T23:24:21.288-0700][gc,cpu      ] GC(22) User=0.03s Sys=0.00s Real=0.00s
[2022-04-10T23:27:10.362-0700][gc,start    ] GC(23) Pause Young (Normal) (G1 Evacuation Pause)
[2022-04-10T23:27:10.362-0700][gc,task     ] GC(23) Using 8 workers of 8 for evacuation
[2022-04-10T23:27:10.368-0700][gc,phases   ] GC(23)   Pre Evacuate Collection Set: 0.3ms
[2022-04-10T23:27:10.368-0700][gc,phases   ] GC(23)   Merge Heap Roots: 0.1ms
[2022-04-10T23:27:10.368-0700][gc,phases   ] GC(23)   Evacuate Collection Set: 4.4ms
[2022-04-10T23:27:10.368-0700][gc,phases   ] GC(23)   Post Evacuate Collection Set: 0.4ms
[2022-04-10T23:27:10.368-0700][gc,phases   ] GC(23)   Other: 0.2ms
[2022-04-10T23:27:10.368-0700][gc,heap     ] GC(23) Eden regions: 89->0(352)
[2022-04-10T23:27:10.368-0700][gc,heap     ] GC(23) Survivor regions: 5->4(12)
[2022-04-10T23:27:10.368-0700][gc,heap     ] GC(23) Old regions: 65->65
[2022-04-10T23:27:10.368-0700][gc,heap     ] GC(23) Archive regions: 2->2
[2022-04-10T23:27:10.368-0700][gc,heap     ] GC(23) Humongous regions: 129->129
[2022-04-10T23:27:10.368-0700][gc,metaspace] GC(23) Metaspace: 40779K(41408K)->40779K(41408K) NonClass: 35907K(36224K)->35907K(36224K) Class: 4871K(5184K)->4871K(5184K)
[2022-04-10T23:27:10.368-0700][gc          ] GC(23) Pause Young (Normal) (G1 Evacuation Pause) 287M->198M(1024M) 5.644ms
[2022-04-10T23:27:10.368-0700][gc,cpu      ] GC(23) User=0.02s Sys=0.00s Real=0.00s
[2022-04-10T23:38:28.930-0700][gc,start    ] GC(24) Pause Young (Normal) (G1 Evacuation Pause)
[2022-04-10T23:38:28.931-0700][gc,task     ] GC(24) Using 8 workers of 8 for evacuation
[2022-04-10T23:38:28.936-0700][gc,phases   ] GC(24)   Pre Evacuate Collection Set: 0.2ms
[2022-04-10T23:38:28.936-0700][gc,phases   ] GC(24)   Merge Heap Roots: 0.1ms
[2022-04-10T23:38:28.936-0700][gc,phases   ] GC(24)   Evacuate Collection Set: 3.9ms
[2022-04-10T23:38:28.936-0700][gc,phases   ] GC(24)   Post Evacuate Collection Set: 0.6ms
[2022-04-10T23:38:28.936-0700][gc,phases   ] GC(24)   Other: 0.3ms
[2022-04-10T23:38:28.936-0700][gc,heap     ] GC(24) Eden regions: 352->0(609)
[2022-04-10T23:38:28.936-0700][gc,heap     ] GC(24) Survivor regions: 4->5(45)
[2022-04-10T23:38:28.936-0700][gc,heap     ] GC(24) Old regions: 65->65
[2022-04-10T23:38:28.936-0700][gc,heap     ] GC(24) Archive regions: 2->2
[2022-04-10T23:38:28.936-0700][gc,heap     ] GC(24) Humongous regions: 129->129
[2022-04-10T23:38:28.936-0700][gc,metaspace] GC(24) Metaspace: 40781K(41408K)->40781K(41408K) NonClass: 35909K(36224K)->35909K(36224K) Class: 4871K(5184K)->4871K(5184K)
[2022-04-10T23:38:28.936-0700][gc          ] GC(24) Pause Young (Normal) (G1 Evacuation Pause) 550M->198M(1024M) 5.313ms
[2022-04-10T23:38:28.936-0700][gc,cpu      ] GC(24) User=0.02s Sys=0.00s Real=0.00s
[2022-04-10T23:58:04.720-0700][gc,start    ] GC(25) Pause Young (Normal) (G1 Evacuation Pause)
[2022-04-10T23:58:04.720-0700][gc,task     ] GC(25) Using 8 workers of 8 for evacuation
[2022-04-10T23:58:04.726-0700][gc,phases   ] GC(25)   Pre Evacuate Collection Set: 0.3ms
[2022-04-10T23:58:04.726-0700][gc,phases   ] GC(25)   Merge Heap Roots: 0.1ms
[2022-04-10T23:58:04.726-0700][gc,phases   ] GC(25)   Evacuate Collection Set: 4.8ms
[2022-04-10T23:58:04.726-0700][gc,phases   ] GC(25)   Post Evacuate Collection Set: 0.7ms
[2022-04-10T23:58:04.726-0700][gc,phases   ] GC(25)   Other: 0.9ms
[2022-04-10T23:58:04.726-0700][gc,heap     ] GC(25) Eden regions: 609->0(610)
[2022-04-10T23:58:04.727-0700][gc,heap     ] GC(25) Survivor regions: 5->4(77)
[2022-04-10T23:58:04.727-0700][gc,heap     ] GC(25) Old regions: 65->65
[2022-04-10T23:58:04.727-0700][gc,heap     ] GC(25) Archive regions: 2->2
[2022-04-10T23:58:04.727-0700][gc,heap     ] GC(25) Humongous regions: 129->129
[2022-04-10T23:58:04.727-0700][gc,metaspace] GC(25) Metaspace: 40790K(41408K)->40790K(41408K) NonClass: 35919K(36224K)->35919K(36224K) Class: 4871K(5184K)->4871K(5184K)
[2022-04-10T23:58:04.727-0700][gc          ] GC(25) Pause Young (Normal) (G1 Evacuation Pause) 807M->198M(1024M) 7.030ms
[2022-04-10T23:58:04.727-0700][gc,cpu      ] GC(25) User=0.03s Sys=0.00s Real=0.00s
[2022-04-11T00:15:47.667-0700][gc,start    ] GC(26) Pause Young (Normal) (G1 Evacuation Pause)
[2022-04-11T00:15:47.667-0700][gc,task     ] GC(26) Using 8 workers of 8 for evacuation
[2022-04-11T00:15:47.673-0700][gc,phases   ] GC(26)   Pre Evacuate Collection Set: 0.2ms
[2022-04-11T00:15:47.673-0700][gc,phases   ] GC(26)   Merge Heap Roots: 0.2ms
[2022-04-11T00:15:47.673-0700][gc,phases   ] GC(26)   Evacuate Collection Set: 5.3ms
[2022-04-11T00:15:47.673-0700][gc,phases   ] GC(26)   Post Evacuate Collection Set: 0.5ms
[2022-04-11T00:15:47.673-0700][gc,phases   ] GC(26)   Other: 0.3ms
[2022-04-11T00:15:47.673-0700][gc,heap     ] GC(26) Eden regions: 610->0(610)
[2022-04-11T00:15:47.673-0700][gc,heap     ] GC(26) Survivor regions: 4->4(77)
[2022-04-11T00:15:47.673-0700][gc,heap     ] GC(26) Old regions: 65->65
[2022-04-11T00:15:47.673-0700][gc,heap     ] GC(26) Archive regions: 2->2
[2022-04-11T00:15:47.673-0700][gc,heap     ] GC(26) Humongous regions: 129->129
[2022-04-11T00:15:47.673-0700][gc,metaspace] GC(26) Metaspace: 40849K(41536K)->40849K(41536K) NonClass: 35977K(36352K)->35977K(36352K) Class: 4872K(5184K)->4872K(5184K)
[2022-04-11T00:15:47.673-0700][gc          ] GC(26) Pause Young (Normal) (G1 Evacuation Pause) 808M->198M(1024M) 6.661ms
[2022-04-11T00:15:47.673-0700][gc,cpu      ] GC(26) User=0.03s Sys=0.01s Real=0.01s
[2022-04-11T09:58:45.823-0700][gc,start    ] GC(27) Pause Young (Normal) (G1 Evacuation Pause)
[2022-04-11T09:58:45.825-0700][gc,task     ] GC(27) Using 8 workers of 8 for evacuation
[2022-04-11T09:58:45.936-0700][gc,mmu      ] GC(27) MMU target violated: 21.0ms (20.0ms/21.0ms)
[2022-04-11T09:58:45.936-0700][gc,phases   ] GC(27)   Pre Evacuate Collection Set: 2.9ms
[2022-04-11T09:58:45.936-0700][gc,phases   ] GC(27)   Merge Heap Roots: 1.4ms
[2022-04-11T09:58:45.936-0700][gc,phases   ] GC(27)   Evacuate Collection Set: 98.3ms
[2022-04-11T09:58:45.936-0700][gc,phases   ] GC(27)   Post Evacuate Collection Set: 4.5ms
[2022-04-11T09:58:45.937-0700][gc,phases   ] GC(27)   Other: 10.5ms
[2022-04-11T09:58:45.937-0700][gc,heap     ] GC(27) Eden regions: 610->0(46)
[2022-04-11T09:58:45.937-0700][gc,heap     ] GC(27) Survivor regions: 4->5(77)
[2022-04-11T09:58:45.937-0700][gc,heap     ] GC(27) Old regions: 65->65
[2022-04-11T09:58:45.937-0700][gc,heap     ] GC(27) Archive regions: 2->2
[2022-04-11T09:58:45.937-0700][gc,heap     ] GC(27) Humongous regions: 129->129
[2022-04-11T09:58:45.937-0700][gc,metaspace] GC(27) Metaspace: 41122K(41792K)->41122K(41792K) NonClass: 36221K(36608K)->36221K(36608K) Class: 4900K(5184K)->4900K(5184K)
[2022-04-11T09:58:45.938-0700][gc          ] GC(27) Pause Young (Normal) (G1 Evacuation Pause) 808M->198M(1024M) 115.977ms
[2022-04-11T09:58:45.938-0700][gc,cpu      ] GC(27) User=0.05s Sys=0.40s Real=0.11s
[2022-04-11T10:55:56.415-0700][gc,start    ] GC(28) Pause Young (Normal) (G1 Evacuation Pause)
[2022-04-11T10:55:56.420-0700][gc,task     ] GC(28) Using 8 workers of 8 for evacuation
[2022-04-11T10:55:56.433-0700][gc,phases   ] GC(28)   Pre Evacuate Collection Set: 0.2ms
[2022-04-11T10:55:56.433-0700][gc,phases   ] GC(28)   Merge Heap Roots: 0.1ms
[2022-04-11T10:55:56.433-0700][gc,phases   ] GC(28)   Evacuate Collection Set: 11.5ms
[2022-04-11T10:55:56.433-0700][gc,phases   ] GC(28)   Post Evacuate Collection Set: 0.5ms
[2022-04-11T10:55:56.433-0700][gc,phases   ] GC(28)   Other: 5.7ms
[2022-04-11T10:55:56.433-0700][gc,heap     ] GC(28) Eden regions: 46->0(47)
[2022-04-11T10:55:56.433-0700][gc,heap     ] GC(28) Survivor regions: 5->4(7)
[2022-04-11T10:55:56.433-0700][gc,heap     ] GC(28) Old regions: 65->66
[2022-04-11T10:55:56.433-0700][gc,heap     ] GC(28) Archive regions: 2->2
[2022-04-11T10:55:56.433-0700][gc,heap     ] GC(28) Humongous regions: 129->129
[2022-04-11T10:55:56.433-0700][gc,metaspace] GC(28) Metaspace: 41128K(41792K)->41128K(41792K) NonClass: 36227K(36608K)->36227K(36608K) Class: 4900K(5184K)->4900K(5184K)
[2022-04-11T10:55:56.433-0700][gc          ] GC(28) Pause Young (Normal) (G1 Evacuation Pause) 244M->199M(1024M) 18.209ms
[2022-04-11T10:55:56.433-0700][gc,cpu      ] GC(28) User=0.03s Sys=0.03s Real=0.02s
[2022-04-11T11:55:36.326-0700][gc,start    ] GC(29) Pause Young (Normal) (G1 Evacuation Pause)
[2022-04-11T11:55:36.331-0700][gc,task     ] GC(29) Using 8 workers of 8 for evacuation
[2022-04-11T11:55:36.344-0700][gc,phases   ] GC(29)   Pre Evacuate Collection Set: 0.3ms
[2022-04-11T11:55:36.344-0700][gc,phases   ] GC(29)   Merge Heap Roots: 0.1ms
[2022-04-11T11:55:36.344-0700][gc,phases   ] GC(29)   Evacuate Collection Set: 11.7ms
[2022-04-11T11:55:36.344-0700][gc,phases   ] GC(29)   Post Evacuate Collection Set: 0.5ms
[2022-04-11T11:55:36.344-0700][gc,phases   ] GC(29)   Other: 5.7ms
[2022-04-11T11:55:36.344-0700][gc,heap     ] GC(29) Eden regions: 47->0(47)
[2022-04-11T11:55:36.344-0700][gc,heap     ] GC(29) Survivor regions: 4->4(7)
[2022-04-11T11:55:36.344-0700][gc,heap     ] GC(29) Old regions: 66->66
[2022-04-11T11:55:36.344-0700][gc,heap     ] GC(29) Archive regions: 2->2
[2022-04-11T11:55:36.344-0700][gc,heap     ] GC(29) Humongous regions: 129->129
[2022-04-11T11:55:36.344-0700][gc,metaspace] GC(29) Metaspace: 41128K(41792K)->41128K(41792K) NonClass: 36228K(36608K)->36228K(36608K) Class: 4900K(5184K)->4900K(5184K)
[2022-04-11T11:55:36.344-0700][gc          ] GC(29) Pause Young (Normal) (G1 Evacuation Pause) 246M->198M(1024M) 18.567ms
[2022-04-11T11:55:36.344-0700][gc,cpu      ] GC(29) User=0.02s Sys=0.03s Real=0.02s
[2022-04-11T12:55:31.408-0700][gc,start    ] GC(30) Pause Young (Normal) (G1 Evacuation Pause)
[2022-04-11T12:55:31.413-0700][gc,task     ] GC(30) Using 8 workers of 8 for evacuation
[2022-04-11T12:55:31.420-0700][gc,phases   ] GC(30)   Pre Evacuate Collection Set: 0.2ms
[2022-04-11T12:55:31.420-0700][gc,phases   ] GC(30)   Merge Heap Roots: 0.2ms
[2022-04-11T12:55:31.420-0700][gc,phases   ] GC(30)   Evacuate Collection Set: 5.6ms
[2022-04-11T12:55:31.420-0700][gc,phases   ] GC(30)   Post Evacuate Collection Set: 0.6ms
[2022-04-11T12:55:31.420-0700][gc,phases   ] GC(30)   Other: 5.7ms
[2022-04-11T12:55:31.420-0700][gc,heap     ] GC(30) Eden regions: 47->0(47)
[2022-04-11T12:55:31.420-0700][gc,heap     ] GC(30) Survivor regions: 4->4(7)
[2022-04-11T12:55:31.420-0700][gc,heap     ] GC(30) Old regions: 66->66
[2022-04-11T12:55:31.420-0700][gc,heap     ] GC(30) Archive regions: 2->2
[2022-04-11T12:55:31.420-0700][gc,heap     ] GC(30) Humongous regions: 129->129
[2022-04-11T12:55:31.420-0700][gc,metaspace] GC(30) Metaspace: 41128K(41792K)->41128K(41792K) NonClass: 36228K(36608K)->36228K(36608K) Class: 4900K(5184K)->4900K(5184K)
[2022-04-11T12:55:31.420-0700][gc          ] GC(30) Pause Young (Normal) (G1 Evacuation Pause) 245M->198M(1024M) 12.562ms
[2022-04-11T12:55:31.420-0700][gc,cpu      ] GC(30) User=0.02s Sys=0.01s Real=0.02s
[2022-04-11T13:55:07.961-0700][gc,start    ] GC(31) Pause Young (Normal) (G1 Evacuation Pause)
[2022-04-11T13:55:07.961-0700][gc,task     ] GC(31) Using 8 workers of 8 for evacuation
[2022-04-11T13:55:07.965-0700][gc,phases   ] GC(31)   Pre Evacuate Collection Set: 0.3ms
[2022-04-11T13:55:07.965-0700][gc,phases   ] GC(31)   Merge Heap Roots: 0.1ms
[2022-04-11T13:55:07.965-0700][gc,phases   ] GC(31)   Evacuate Collection Set: 3.0ms
[2022-04-11T13:55:07.965-0700][gc,phases   ] GC(31)   Post Evacuate Collection Set: 0.5ms
[2022-04-11T13:55:07.965-0700][gc,phases   ] GC(31)   Other: 0.3ms
[2022-04-11T13:55:07.965-0700][gc,heap     ] GC(31) Eden regions: 47->0(47)
[2022-04-11T13:55:07.965-0700][gc,heap     ] GC(31) Survivor regions: 4->4(7)
[2022-04-11T13:55:07.965-0700][gc,heap     ] GC(31) Old regions: 66->66
[2022-04-11T13:55:07.965-0700][gc,heap     ] GC(31) Archive regions: 2->2
[2022-04-11T13:55:07.965-0700][gc,heap     ] GC(31) Humongous regions: 129->129
[2022-04-11T13:55:07.965-0700][gc,metaspace] GC(31) Metaspace: 41145K(41792K)->41145K(41792K) NonClass: 36244K(36608K)->36244K(36608K) Class: 4900K(5184K)->4900K(5184K)
[2022-04-11T13:55:07.965-0700][gc          ] GC(31) Pause Young (Normal) (G1 Evacuation Pause) 245M->198M(1024M) 4.400ms
[2022-04-11T13:55:07.965-0700][gc,cpu      ] GC(31) User=0.03s Sys=0.00s Real=0.00s
[2022-04-11T15:16:11.119-0700][gc,start    ] GC(32) Pause Young (Normal) (G1 Evacuation Pause)
[2022-04-11T15:16:11.119-0700][gc,task     ] GC(32) Using 8 workers of 8 for evacuation
[2022-04-11T15:16:11.122-0700][gc,phases   ] GC(32)   Pre Evacuate Collection Set: 0.1ms
[2022-04-11T15:16:11.122-0700][gc,phases   ] GC(32)   Merge Heap Roots: 0.1ms
[2022-04-11T15:16:11.122-0700][gc,phases   ] GC(32)   Evacuate Collection Set: 1.9ms
[2022-04-11T15:16:11.122-0700][gc,phases   ] GC(32)   Post Evacuate Collection Set: 0.3ms
[2022-04-11T15:16:11.122-0700][gc,phases   ] GC(32)   Other: 0.4ms
[2022-04-11T15:16:11.122-0700][gc,heap     ] GC(32) Eden regions: 47->0(100)
[2022-04-11T15:16:11.122-0700][gc,heap     ] GC(32) Survivor regions: 4->4(7)
[2022-04-11T15:16:11.122-0700][gc,heap     ] GC(32) Old regions: 66->66
[2022-04-11T15:16:11.122-0700][gc,heap     ] GC(32) Archive regions: 2->2
[2022-04-11T15:16:11.122-0700][gc,heap     ] GC(32) Humongous regions: 129->129
[2022-04-11T15:16:11.122-0700][gc,metaspace] GC(32) Metaspace: 41158K(41792K)->41158K(41792K) NonClass: 36258K(36608K)->36258K(36608K) Class: 4900K(5184K)->4900K(5184K)
[2022-04-11T15:16:11.122-0700][gc          ] GC(32) Pause Young (Normal) (G1 Evacuation Pause) 245M->198M(1024M) 2.955ms
[2022-04-11T15:16:11.122-0700][gc,cpu      ] GC(32) User=0.01s Sys=0.00s Real=0.01s
[2022-04-11T17:53:37.581-0700][gc,start    ] GC(33) Pause Young (Normal) (G1 Evacuation Pause)
[2022-04-11T17:53:37.582-0700][gc,task     ] GC(33) Using 8 workers of 8 for evacuation
[2022-04-11T17:53:37.594-0700][gc,phases   ] GC(33)   Pre Evacuate Collection Set: 0.2ms
[2022-04-11T17:53:37.594-0700][gc,phases   ] GC(33)   Merge Heap Roots: 0.1ms
[2022-04-11T17:53:37.594-0700][gc,phases   ] GC(33)   Evacuate Collection Set: 10.3ms
[2022-04-11T17:53:37.594-0700][gc,phases   ] GC(33)   Post Evacuate Collection Set: 0.6ms
[2022-04-11T17:53:37.594-0700][gc,phases   ] GC(33)   Other: 1.3ms
[2022-04-11T17:53:37.594-0700][gc,heap     ] GC(33) Eden regions: 100->0(327)
[2022-04-11T17:53:37.594-0700][gc,heap     ] GC(33) Survivor regions: 4->4(13)
[2022-04-11T17:53:37.594-0700][gc,heap     ] GC(33) Old regions: 66->66
[2022-04-11T17:53:37.594-0700][gc,heap     ] GC(33) Archive regions: 2->2
[2022-04-11T17:53:37.594-0700][gc,heap     ] GC(33) Humongous regions: 129->129
[2022-04-11T17:53:37.594-0700][gc,metaspace] GC(33) Metaspace: 41174K(41792K)->41174K(41792K) NonClass: 36274K(36608K)->36274K(36608K) Class: 4900K(5184K)->4900K(5184K)
[2022-04-11T17:53:37.594-0700][gc          ] GC(33) Pause Young (Normal) (G1 Evacuation Pause) 298M->198M(1024M) 12.699ms
[2022-04-11T17:53:37.594-0700][gc,cpu      ] GC(33) User=0.02s Sys=0.03s Real=0.01s
[2022-04-11T22:21:08.732-0700][gc,start    ] GC(34) Pause Young (Normal) (G1 Evacuation Pause)
[2022-04-11T22:21:08.738-0700][gc,task     ] GC(34) Using 8 workers of 8 for evacuation
[2022-04-11T22:21:08.749-0700][gc,phases   ] GC(34)   Pre Evacuate Collection Set: 1.6ms
[2022-04-11T22:21:08.750-0700][gc,phases   ] GC(34)   Merge Heap Roots: 0.3ms
[2022-04-11T22:21:08.750-0700][gc,phases   ] GC(34)   Evacuate Collection Set: 8.1ms
[2022-04-11T22:21:08.750-0700][gc,phases   ] GC(34)   Post Evacuate Collection Set: 1.2ms
[2022-04-11T22:21:08.750-0700][gc,phases   ] GC(34)   Other: 6.1ms
[2022-04-11T22:21:08.750-0700][gc,heap     ] GC(34) Eden regions: 327->0(611)
[2022-04-11T22:21:08.750-0700][gc,heap     ] GC(34) Survivor regions: 4->3(42)
[2022-04-11T22:21:08.750-0700][gc,heap     ] GC(34) Old regions: 66->66
[2022-04-11T22:21:08.750-0700][gc,heap     ] GC(34) Archive regions: 2->2
[2022-04-11T22:21:08.750-0700][gc,heap     ] GC(34) Humongous regions: 129->129
[2022-04-11T22:21:08.750-0700][gc,metaspace] GC(34) Metaspace: 41242K(41856K)->41242K(41856K) NonClass: 36342K(36672K)->36342K(36672K) Class: 4900K(5184K)->4900K(5184K)
[2022-04-11T22:21:08.750-0700][gc          ] GC(34) Pause Young (Normal) (G1 Evacuation Pause) 525M->198M(1024M) 17.473ms
[2022-04-11T22:21:08.750-0700][gc,cpu      ] GC(34) User=0.02s Sys=0.04s Real=0.02s
[2022-04-11T22:37:06.039-0700][gc,start    ] GC(35) Pause Young (Normal) (G1 Evacuation Pause)
[2022-04-11T22:37:06.045-0700][gc,task     ] GC(35) Using 8 workers of 8 for evacuation
[2022-04-11T22:37:06.055-0700][gc,phases   ] GC(35)   Pre Evacuate Collection Set: 0.4ms
[2022-04-11T22:37:06.055-0700][gc,phases   ] GC(35)   Merge Heap Roots: 0.2ms
[2022-04-11T22:37:06.055-0700][gc,phases   ] GC(35)   Evacuate Collection Set: 8.5ms
[2022-04-11T22:37:06.055-0700][gc,phases   ] GC(35)   Post Evacuate Collection Set: 0.8ms
[2022-04-11T22:37:06.055-0700][gc,phases   ] GC(35)   Other: 6.1ms
[2022-04-11T22:37:06.055-0700][gc,heap     ] GC(35) Eden regions: 611->0(546)
[2022-04-11T22:37:06.055-0700][gc,heap     ] GC(35) Survivor regions: 3->4(77)
[2022-04-11T22:37:06.055-0700][gc,heap     ] GC(35) Old regions: 66->66
[2022-04-11T22:37:06.055-0700][gc,heap     ] GC(35) Archive regions: 2->2
[2022-04-11T22:37:06.055-0700][gc,heap     ] GC(35) Humongous regions: 129->129
[2022-04-11T22:37:06.055-0700][gc,metaspace] GC(35) Metaspace: 41242K(41856K)->41242K(41856K) NonClass: 36342K(36672K)->36342K(36672K) Class: 4900K(5184K)->4900K(5184K)
[2022-04-11T22:37:06.055-0700][gc          ] GC(35) Pause Young (Normal) (G1 Evacuation Pause) 809M->198M(1024M) 16.129ms
[2022-04-11T22:37:06.055-0700][gc,cpu      ] GC(35) User=0.02s Sys=0.03s Real=0.02s
[2022-04-11T22:51:21.934-0700][gc,start    ] GC(36) Pause Young (Normal) (G1 Evacuation Pause)
[2022-04-11T22:51:21.939-0700][gc,task     ] GC(36) Using 8 workers of 8 for evacuation
[2022-04-11T22:51:21.944-0700][gc,phases   ] GC(36)   Pre Evacuate Collection Set: 0.2ms
[2022-04-11T22:51:21.944-0700][gc,phases   ] GC(36)   Merge Heap Roots: 0.2ms
[2022-04-11T22:51:21.944-0700][gc,phases   ] GC(36)   Evacuate Collection Set: 2.9ms
[2022-04-11T22:51:21.944-0700][gc,phases   ] GC(36)   Post Evacuate Collection Set: 0.8ms
[2022-04-11T22:51:21.944-0700][gc,phases   ] GC(36)   Other: 5.9ms
[2022-04-11T22:51:21.944-0700][gc,heap     ] GC(36) Eden regions: 546->0(611)
[2022-04-11T22:51:21.944-0700][gc,heap     ] GC(36) Survivor regions: 4->3(69)
[2022-04-11T22:51:21.944-0700][gc,heap     ] GC(36) Old regions: 66->66
[2022-04-11T22:51:21.944-0700][gc,heap     ] GC(36) Archive regions: 2->2
[2022-04-11T22:51:21.944-0700][gc,heap     ] GC(36) Humongous regions: 129->129
[2022-04-11T22:51:21.944-0700][gc,metaspace] GC(36) Metaspace: 41242K(41856K)->41242K(41856K) NonClass: 36342K(36672K)->36342K(36672K) Class: 4900K(5184K)->4900K(5184K)
[2022-04-11T22:51:21.944-0700][gc          ] GC(36) Pause Young (Normal) (G1 Evacuation Pause) 744M->197M(1024M) 10.216ms
[2022-04-11T22:51:21.944-0700][gc,cpu      ] GC(36) User=0.02s Sys=0.01s Real=0.01s
[2022-04-11T23:07:21.095-0700][gc,start    ] GC(37) Pause Young (Normal) (G1 Evacuation Pause)
[2022-04-11T23:07:21.095-0700][gc,task     ] GC(37) Using 8 workers of 8 for evacuation
[2022-04-11T23:07:21.100-0700][gc,phases   ] GC(37)   Pre Evacuate Collection Set: 0.3ms
[2022-04-11T23:07:21.100-0700][gc,phases   ] GC(37)   Merge Heap Roots: 0.2ms
[2022-04-11T23:07:21.100-0700][gc,phases   ] GC(37)   Evacuate Collection Set: 3.2ms
[2022-04-11T23:07:21.100-0700][gc,phases   ] GC(37)   Post Evacuate Collection Set: 0.8ms
[2022-04-11T23:07:21.100-0700][gc,phases   ] GC(37)   Other: 0.7ms
[2022-04-11T23:07:21.100-0700][gc,heap     ] GC(37) Eden regions: 611->0(611)
[2022-04-11T23:07:21.100-0700][gc,heap     ] GC(37) Survivor regions: 3->3(77)
[2022-04-11T23:07:21.100-0700][gc,heap     ] GC(37) Old regions: 66->66
[2022-04-11T23:07:21.100-0700][gc,heap     ] GC(37) Archive regions: 2->2
[2022-04-11T23:07:21.100-0700][gc,heap     ] GC(37) Humongous regions: 129->129
[2022-04-11T23:07:21.100-0700][gc,metaspace] GC(37) Metaspace: 41242K(41856K)->41242K(41856K) NonClass: 36342K(36672K)->36342K(36672K) Class: 4900K(5184K)->4900K(5184K)
[2022-04-11T23:07:21.100-0700][gc          ] GC(37) Pause Young (Normal) (G1 Evacuation Pause) 808M->198M(1024M) 5.778ms
[2022-04-11T23:07:21.100-0700][gc,cpu      ] GC(37) User=0.02s Sys=0.00s Real=0.01s
[2022-04-11T23:23:16.780-0700][gc,start    ] GC(38) Pause Young (Normal) (G1 Evacuation Pause)
[2022-04-11T23:23:16.786-0700][gc,task     ] GC(38) Using 8 workers of 8 for evacuation
[2022-04-11T23:23:16.793-0700][gc,phases   ] GC(38)   Pre Evacuate Collection Set: 0.2ms
[2022-04-11T23:23:16.793-0700][gc,phases   ] GC(38)   Merge Heap Roots: 0.2ms
[2022-04-11T23:23:16.793-0700][gc,phases   ] GC(38)   Evacuate Collection Set: 6.0ms
[2022-04-11T23:23:16.793-0700][gc,phases   ] GC(38)   Post Evacuate Collection Set: 0.6ms
[2022-04-11T23:23:16.793-0700][gc,phases   ] GC(38)   Other: 5.6ms
[2022-04-11T23:23:16.793-0700][gc,heap     ] GC(38) Eden regions: 611->0(610)
[2022-04-11T23:23:16.793-0700][gc,heap     ] GC(38) Survivor regions: 3->4(77)
[2022-04-11T23:23:16.793-0700][gc,heap     ] GC(38) Old regions: 66->66
[2022-04-11T23:23:16.793-0700][gc,heap     ] GC(38) Archive regions: 2->2
[2022-04-11T23:23:16.793-0700][gc,heap     ] GC(38) Humongous regions: 129->129
[2022-04-11T23:23:16.793-0700][gc,metaspace] GC(38) Metaspace: 41242K(41856K)->41242K(41856K) NonClass: 36342K(36672K)->36342K(36672K) Class: 4900K(5184K)->4900K(5184K)
[2022-04-11T23:23:16.793-0700][gc          ] GC(38) Pause Young (Normal) (G1 Evacuation Pause) 809M->199M(1024M) 12.866ms
[2022-04-11T23:23:16.793-0700][gc,cpu      ] GC(38) User=0.02s Sys=0.01s Real=0.01s
[2022-04-11T23:39:15.914-0700][gc,start    ] GC(39) Pause Young (Normal) (G1 Evacuation Pause)
[2022-04-11T23:39:15.920-0700][gc,task     ] GC(39) Using 8 workers of 8 for evacuation
[2022-04-11T23:39:15.924-0700][gc,phases   ] GC(39)   Pre Evacuate Collection Set: 0.3ms
[2022-04-11T23:39:15.925-0700][gc,phases   ] GC(39)   Merge Heap Roots: 0.2ms
[2022-04-11T23:39:15.925-0700][gc,phases   ] GC(39)   Evacuate Collection Set: 3.0ms
[2022-04-11T23:39:15.925-0700][gc,phases   ] GC(39)   Post Evacuate Collection Set: 0.7ms
[2022-04-11T23:39:15.925-0700][gc,phases   ] GC(39)   Other: 6.2ms
[2022-04-11T23:39:15.925-0700][gc,heap     ] GC(39) Eden regions: 610->0(611)
[2022-04-11T23:39:15.925-0700][gc,heap     ] GC(39) Survivor regions: 4->3(77)
[2022-04-11T23:39:15.925-0700][gc,heap     ] GC(39) Old regions: 66->66
[2022-04-11T23:39:15.925-0700][gc,heap     ] GC(39) Archive regions: 2->2
[2022-04-11T23:39:15.925-0700][gc,heap     ] GC(39) Humongous regions: 129->129
[2022-04-11T23:39:15.925-0700][gc,metaspace] GC(39) Metaspace: 41242K(41856K)->41242K(41856K) NonClass: 36342K(36672K)->36342K(36672K) Class: 4900K(5184K)->4900K(5184K)
[2022-04-11T23:39:15.925-0700][gc          ] GC(39) Pause Young (Normal) (G1 Evacuation Pause) 809M->198M(1024M) 10.526ms
[2022-04-11T23:39:15.925-0700][gc,cpu      ] GC(39) User=0.02s Sys=0.00s Real=0.01s
[2022-04-11T23:55:17.083-0700][gc,start    ] GC(40) Pause Young (Normal) (G1 Evacuation Pause)
[2022-04-11T23:55:17.089-0700][gc,task     ] GC(40) Using 8 workers of 8 for evacuation
[2022-04-11T23:55:17.095-0700][gc,phases   ] GC(40)   Pre Evacuate Collection Set: 0.3ms
[2022-04-11T23:55:17.095-0700][gc,phases   ] GC(40)   Merge Heap Roots: 0.2ms
[2022-04-11T23:55:17.095-0700][gc,phases   ] GC(40)   Evacuate Collection Set: 4.3ms
[2022-04-11T23:55:17.095-0700][gc,phases   ] GC(40)   Post Evacuate Collection Set: 0.8ms
[2022-04-11T23:55:17.095-0700][gc,phases   ] GC(40)   Other: 5.9ms
[2022-04-11T23:55:17.095-0700][gc,heap     ] GC(40) Eden regions: 611->0(610)
[2022-04-11T23:55:17.095-0700][gc,heap     ] GC(40) Survivor regions: 3->4(77)
[2022-04-11T23:55:17.095-0700][gc,heap     ] GC(40) Old regions: 66->66
[2022-04-11T23:55:17.095-0700][gc,heap     ] GC(40) Archive regions: 2->2
[2022-04-11T23:55:17.095-0700][gc,heap     ] GC(40) Humongous regions: 129->129
[2022-04-11T23:55:17.095-0700][gc,metaspace] GC(40) Metaspace: 41242K(41856K)->41242K(41856K) NonClass: 36342K(36672K)->36342K(36672K) Class: 4900K(5184K)->4900K(5184K)
[2022-04-11T23:55:17.095-0700][gc          ] GC(40) Pause Young (Normal) (G1 Evacuation Pause) 809M->199M(1024M) 11.572ms
[2022-04-11T23:55:17.095-0700][gc,cpu      ] GC(40) User=0.03s Sys=0.00s Real=0.01s
[2022-04-12T00:09:13.262-0700][gc,heap,exit] Heap
[2022-04-12T00:09:13.263-0700][gc,heap,exit]  garbage-first heap   total 1048576K, used 755400K [0x00000007c0000000, 0x0000000800000000)
[2022-04-12T00:09:13.263-0700][gc,heap,exit]   region size 1024K, 543 young (556032K), 4 survivors (4096K)
[2022-04-12T00:09:13.263-0700][gc,heap,exit]  Metaspace       used 41815K, committed 42432K, reserved 1089536K
[2022-04-12T00:09:13.263-0700][gc,heap,exit]   class space    used 5046K, committed 5312K, reserved 1048576K
