[2022-04-10T15:25:29.745-0700][gc] Using G1
[2022-04-10T15:25:29.749-0700][gc,init] Version: 17.0.2+8 (release)
[2022-04-10T15:25:29.749-0700][gc,init] CPUs: 8 total, 8 available
[2022-04-10T15:25:29.749-0700][gc,init] Memory: 16384M
[2022-04-10T15:25:29.749-0700][gc,init] Large Page Support: Disabled
[2022-04-10T15:25:29.749-0700][gc,init] NUMA Support: Disabled
[2022-04-10T15:25:29.749-0700][gc,init] Compressed Oops: Enabled (Zero based)
[2022-04-10T15:25:29.749-0700][gc,init] Heap Region Size: 1M
[2022-04-10T15:25:29.749-0700][gc,init] Heap Min Capacity: 512M
[2022-04-10T15:25:29.749-0700][gc,init] Heap Initial Capacity: 512M
[2022-04-10T15:25:29.750-0700][gc,init] Heap Max Capacity: 512M
[2022-04-10T15:25:29.750-0700][gc,init] Pre-touch: Disabled
[2022-04-10T15:25:29.750-0700][gc,init] Parallel Workers: 8
[2022-04-10T15:25:29.750-0700][gc,init] Concurrent Workers: 2
[2022-04-10T15:25:29.750-0700][gc,init] Concurrent Refinement Workers: 8
[2022-04-10T15:25:29.750-0700][gc,init] Periodic GC: Disabled
[2022-04-10T15:25:29.750-0700][gc,metaspace] CDS archive(s) mapped at: [0x0000000800000000-0x0000000800bd2000-0x0000000800bd2000), size 12394496, SharedBaseAddress: 0x0000000800000000, ArchiveRelocationMode: 0.
[2022-04-10T15:25:29.750-0700][gc,metaspace] Compressed class space mapped at: 0x0000000800c00000-0x0000000840c00000, reserved size: 1073741824
[2022-04-10T15:25:29.750-0700][gc,metaspace] Narrow klass base: 0x0000000800000000, Narrow klass shift: 0, Narrow klass range: 0x100000000
[2022-04-10T15:25:45.432-0700][gc,start    ] GC(0) Pause Young (Normal) (G1 Evacuation Pause)
[2022-04-10T15:25:45.433-0700][gc,task     ] GC(0) Using 8 workers of 8 for evacuation
[2022-04-10T15:25:45.437-0700][gc,phases   ] GC(0)   Pre Evacuate Collection Set: 0.1ms
[2022-04-10T15:25:45.437-0700][gc,phases   ] GC(0)   Merge Heap Roots: 0.1ms
[2022-04-10T15:25:45.438-0700][gc,phases   ] GC(0)   Evacuate Collection Set: 3.9ms
[2022-04-10T15:25:45.438-0700][gc,phases   ] GC(0)   Post Evacuate Collection Set: 0.4ms
[2022-04-10T15:25:45.438-0700][gc,phases   ] GC(0)   Other: 0.8ms
[2022-04-10T15:25:45.438-0700][gc,heap     ] GC(0) Eden regions: 25->0(21)
[2022-04-10T15:25:45.438-0700][gc,heap     ] GC(0) Survivor regions: 0->4(4)
[2022-04-10T15:25:45.438-0700][gc,heap     ] GC(0) Old regions: 0->4
[2022-04-10T15:25:45.438-0700][gc,heap     ] GC(0) Archive regions: 2->2
[2022-04-10T15:25:45.438-0700][gc,heap     ] GC(0) Humongous regions: 0->0
[2022-04-10T15:25:45.438-0700][gc,metaspace] GC(0) Metaspace: 7907K(8064K)->7907K(8064K) NonClass: 7013K(7104K)->7013K(7104K) Class: 894K(960K)->894K(960K)
[2022-04-10T15:25:45.438-0700][gc          ] GC(0) Pause Young (Normal) (G1 Evacuation Pause) 25M->7M(512M) 5.510ms
[2022-04-10T15:25:45.438-0700][gc,cpu      ] GC(0) User=0.02s Sys=0.01s Real=0.00s
[2022-04-10T16:13:43.396-0700][gc,start    ] GC(1) Pause Young (Normal) (G1 Evacuation Pause)
[2022-04-10T16:13:43.397-0700][gc,task     ] GC(1) Using 8 workers of 8 for evacuation
[2022-04-10T16:13:43.403-0700][gc,phases   ] GC(1)   Pre Evacuate Collection Set: 0.1ms
[2022-04-10T16:13:43.406-0700][gc,phases   ] GC(1)   Merge Heap Roots: 0.1ms
[2022-04-10T16:13:43.407-0700][gc,phases   ] GC(1)   Evacuate Collection Set: 5.8ms
[2022-04-10T16:13:43.407-0700][gc,phases   ] GC(1)   Post Evacuate Collection Set: 0.4ms
[2022-04-10T16:13:43.407-0700][gc,phases   ] GC(1)   Other: 0.6ms
[2022-04-10T16:13:43.407-0700][gc,heap     ] GC(1) Eden regions: 21->0(24)
[2022-04-10T16:13:43.407-0700][gc,heap     ] GC(1) Survivor regions: 4->1(4)
[2022-04-10T16:13:43.407-0700][gc,heap     ] GC(1) Old regions: 4->8
[2022-04-10T16:13:43.407-0700][gc,heap     ] GC(1) Archive regions: 2->2
[2022-04-10T16:13:43.407-0700][gc,heap     ] GC(1) Humongous regions: 0->0
[2022-04-10T16:13:43.407-0700][gc,metaspace] GC(1) Metaspace: 8738K(8896K)->8738K(8896K) NonClass: 7822K(7872K)->7822K(7872K) Class: 916K(1024K)->916K(1024K)
[2022-04-10T16:13:43.407-0700][gc          ] GC(1) Pause Young (Normal) (G1 Evacuation Pause) 28M->9M(512M) 10.638ms
[2022-04-10T16:13:43.407-0700][gc,cpu      ] GC(1) User=0.02s Sys=0.00s Real=0.01s
[2022-04-10T20:48:49.371-0700][gc,start    ] GC(2) Pause Young (Normal) (G1 Evacuation Pause)
[2022-04-10T20:48:49.372-0700][gc,task     ] GC(2) Using 8 workers of 8 for evacuation
[2022-04-10T20:48:49.374-0700][gc,phases   ] GC(2)   Pre Evacuate Collection Set: 0.2ms
[2022-04-10T20:48:49.374-0700][gc,phases   ] GC(2)   Merge Heap Roots: 0.1ms
[2022-04-10T20:48:49.374-0700][gc,phases   ] GC(2)   Evacuate Collection Set: 1.3ms
[2022-04-10T20:48:49.374-0700][gc,phases   ] GC(2)   Post Evacuate Collection Set: 0.4ms
[2022-04-10T20:48:49.374-0700][gc,phases   ] GC(2)   Other: 0.7ms
[2022-04-10T20:48:49.374-0700][gc,heap     ] GC(2) Eden regions: 24->0(24)
[2022-04-10T20:48:49.374-0700][gc,heap     ] GC(2) Survivor regions: 1->1(4)
[2022-04-10T20:48:49.374-0700][gc,heap     ] GC(2) Old regions: 8->8
[2022-04-10T20:48:49.374-0700][gc,heap     ] GC(2) Archive regions: 2->2
[2022-04-10T20:48:49.374-0700][gc,heap     ] GC(2) Humongous regions: 0->0
[2022-04-10T20:48:49.374-0700][gc,metaspace] GC(2) Metaspace: 8745K(8896K)->8745K(8896K) NonClass: 7828K(7872K)->7828K(7872K) Class: 916K(1024K)->916K(1024K)
[2022-04-10T20:48:49.374-0700][gc          ] GC(2) Pause Young (Normal) (G1 Evacuation Pause) 33M->8M(512M) 3.006ms
[2022-04-10T20:48:49.374-0700][gc,cpu      ] GC(2) User=0.00s Sys=0.00s Real=0.00s
[2022-04-10T23:43:34.003-0700][gc,start    ] GC(3) Pause Young (Normal) (G1 Evacuation Pause)
[2022-04-10T23:43:34.008-0700][gc,task     ] GC(3) Using 8 workers of 8 for evacuation
[2022-04-10T23:43:34.010-0700][gc,phases   ] GC(3)   Pre Evacuate Collection Set: 0.2ms
[2022-04-10T23:43:34.010-0700][gc,phases   ] GC(3)   Merge Heap Roots: 0.1ms
[2022-04-10T23:43:34.010-0700][gc,phases   ] GC(3)   Evacuate Collection Set: 1.4ms
[2022-04-10T23:43:34.010-0700][gc,phases   ] GC(3)   Post Evacuate Collection Set: 0.3ms
[2022-04-10T23:43:34.010-0700][gc,phases   ] GC(3)   Other: 5.5ms
[2022-04-10T23:43:34.010-0700][gc,heap     ] GC(3) Eden regions: 24->0(24)
[2022-04-10T23:43:34.010-0700][gc,heap     ] GC(3) Survivor regions: 1->1(4)
[2022-04-10T23:43:34.010-0700][gc,heap     ] GC(3) Old regions: 8->8
[2022-04-10T23:43:34.010-0700][gc,heap     ] GC(3) Archive regions: 2->2
[2022-04-10T23:43:34.010-0700][gc,heap     ] GC(3) Humongous regions: 0->0
[2022-04-10T23:43:34.010-0700][gc,metaspace] GC(3) Metaspace: 8753K(8960K)->8753K(8960K) NonClass: 7836K(7936K)->7836K(7936K) Class: 916K(1024K)->916K(1024K)
[2022-04-10T23:43:34.010-0700][gc          ] GC(3) Pause Young (Normal) (G1 Evacuation Pause) 32M->8M(512M) 7.691ms
[2022-04-10T23:43:34.010-0700][gc,cpu      ] GC(3) User=0.00s Sys=0.00s Real=0.01s
[2022-04-11T00:15:44.308-0700][gc,start    ] GC(4) Pause Young (Normal) (G1 Evacuation Pause)
[2022-04-11T00:15:44.309-0700][gc,task     ] GC(4) Using 8 workers of 8 for evacuation
[2022-04-11T00:15:44.310-0700][gc,phases   ] GC(4)   Pre Evacuate Collection Set: 0.1ms
[2022-04-11T00:15:44.310-0700][gc,phases   ] GC(4)   Merge Heap Roots: 0.1ms
[2022-04-11T00:15:44.310-0700][gc,phases   ] GC(4)   Evacuate Collection Set: 0.7ms
[2022-04-11T00:15:44.310-0700][gc,phases   ] GC(4)   Post Evacuate Collection Set: 0.3ms
[2022-04-11T00:15:44.310-0700][gc,phases   ] GC(4)   Other: 1.1ms
[2022-04-11T00:15:44.310-0700][gc,heap     ] GC(4) Eden regions: 24->0(29)
[2022-04-11T00:15:44.310-0700][gc,heap     ] GC(4) Survivor regions: 1->1(4)
[2022-04-11T00:15:44.310-0700][gc,heap     ] GC(4) Old regions: 8->8
[2022-04-11T00:15:44.310-0700][gc,heap     ] GC(4) Archive regions: 2->2
[2022-04-11T00:15:44.310-0700][gc,heap     ] GC(4) Humongous regions: 0->0
[2022-04-11T00:15:44.310-0700][gc,metaspace] GC(4) Metaspace: 8753K(8960K)->8753K(8960K) NonClass: 7836K(7936K)->7836K(7936K) Class: 916K(1024K)->916K(1024K)
[2022-04-11T00:15:44.310-0700][gc          ] GC(4) Pause Young (Normal) (G1 Evacuation Pause) 32M->8M(512M) 2.452ms
[2022-04-11T00:15:44.310-0700][gc,cpu      ] GC(4) User=0.00s Sys=0.00s Real=0.01s
[2022-04-11T13:26:43.573-0700][gc,start    ] GC(5) Pause Young (Normal) (G1 Evacuation Pause)
[2022-04-11T13:26:43.575-0700][gc,task     ] GC(5) Using 8 workers of 8 for evacuation
[2022-04-11T13:26:43.591-0700][gc,phases   ] GC(5)   Pre Evacuate Collection Set: 0.6ms
[2022-04-11T13:26:43.591-0700][gc,phases   ] GC(5)   Merge Heap Roots: 0.1ms
[2022-04-11T13:26:43.591-0700][gc,phases   ] GC(5)   Evacuate Collection Set: 13.7ms
[2022-04-11T13:26:43.591-0700][gc,phases   ] GC(5)   Post Evacuate Collection Set: 0.5ms
[2022-04-11T13:26:43.591-0700][gc,phases   ] GC(5)   Other: 2.8ms
[2022-04-11T13:26:43.591-0700][gc,heap     ] GC(5) Eden regions: 29->0(24)
[2022-04-11T13:26:43.591-0700][gc,heap     ] GC(5) Survivor regions: 1->1(4)
[2022-04-11T13:26:43.591-0700][gc,heap     ] GC(5) Old regions: 8->8
[2022-04-11T13:26:43.591-0700][gc,heap     ] GC(5) Archive regions: 2->2
[2022-04-11T13:26:43.591-0700][gc,heap     ] GC(5) Humongous regions: 0->0
[2022-04-11T13:26:43.591-0700][gc,metaspace] GC(5) Metaspace: 8821K(9024K)->8821K(9024K) NonClass: 7899K(8000K)->7899K(8000K) Class: 921K(1024K)->921K(1024K)
[2022-04-11T13:26:43.591-0700][gc          ] GC(5) Pause Young (Normal) (G1 Evacuation Pause) 37M->8M(512M) 17.848ms
[2022-04-11T13:26:43.591-0700][gc,cpu      ] GC(5) User=0.01s Sys=0.04s Real=0.02s
[2022-04-11T22:12:24.036-0700][gc,start    ] GC(6) Pause Young (Normal) (G1 Evacuation Pause)
[2022-04-11T22:12:24.036-0700][gc,task     ] GC(6) Using 8 workers of 8 for evacuation
[2022-04-11T22:12:24.043-0700][gc,phases   ] GC(6)   Pre Evacuate Collection Set: 0.6ms
[2022-04-11T22:12:24.043-0700][gc,phases   ] GC(6)   Merge Heap Roots: 0.1ms
[2022-04-11T22:12:24.043-0700][gc,phases   ] GC(6)   Evacuate Collection Set: 4.7ms
[2022-04-11T22:12:24.043-0700][gc,phases   ] GC(6)   Post Evacuate Collection Set: 0.5ms
[2022-04-11T22:12:24.043-0700][gc,phases   ] GC(6)   Other: 0.9ms
[2022-04-11T22:12:24.043-0700][gc,heap     ] GC(6) Eden regions: 24->0(24)
[2022-04-11T22:12:24.043-0700][gc,heap     ] GC(6) Survivor regions: 1->1(4)
[2022-04-11T22:12:24.043-0700][gc,heap     ] GC(6) Old regions: 8->8
[2022-04-11T22:12:24.043-0700][gc,heap     ] GC(6) Archive regions: 2->2
[2022-04-11T22:12:24.043-0700][gc,heap     ] GC(6) Humongous regions: 0->0
[2022-04-11T22:12:24.043-0700][gc,metaspace] GC(6) Metaspace: 8821K(9024K)->8821K(9024K) NonClass: 7899K(8000K)->7899K(8000K) Class: 921K(1024K)->921K(1024K)
[2022-04-11T22:12:24.043-0700][gc          ] GC(6) Pause Young (Normal) (G1 Evacuation Pause) 32M->8M(512M) 6.921ms
[2022-04-11T22:12:24.043-0700][gc,cpu      ] GC(6) User=0.01s Sys=0.02s Real=0.01s
[2022-04-11T22:44:34.470-0700][gc,start    ] GC(7) Pause Young (Normal) (G1 Evacuation Pause)
[2022-04-11T22:44:34.475-0700][gc,task     ] GC(7) Using 8 workers of 8 for evacuation
[2022-04-11T22:44:34.485-0700][gc,phases   ] GC(7)   Pre Evacuate Collection Set: 0.2ms
[2022-04-11T22:44:34.485-0700][gc,phases   ] GC(7)   Merge Heap Roots: 0.1ms
[2022-04-11T22:44:34.485-0700][gc,phases   ] GC(7)   Evacuate Collection Set: 9.2ms
[2022-04-11T22:44:34.485-0700][gc,phases   ] GC(7)   Post Evacuate Collection Set: 0.3ms
[2022-04-11T22:44:34.485-0700][gc,phases   ] GC(7)   Other: 5.8ms
[2022-04-11T22:44:34.485-0700][gc,heap     ] GC(7) Eden regions: 24->0(24)
[2022-04-11T22:44:34.485-0700][gc,heap     ] GC(7) Survivor regions: 1->1(4)
[2022-04-11T22:44:34.485-0700][gc,heap     ] GC(7) Old regions: 8->8
[2022-04-11T22:44:34.485-0700][gc,heap     ] GC(7) Archive regions: 2->2
[2022-04-11T22:44:34.485-0700][gc,heap     ] GC(7) Humongous regions: 0->0
[2022-04-11T22:44:34.485-0700][gc,metaspace] GC(7) Metaspace: 8821K(9024K)->8821K(9024K) NonClass: 7899K(8000K)->7899K(8000K) Class: 921K(1024K)->921K(1024K)
[2022-04-11T22:44:34.485-0700][gc          ] GC(7) Pause Young (Normal) (G1 Evacuation Pause) 32M->8M(512M) 15.700ms
[2022-04-11T22:44:34.485-0700][gc,cpu      ] GC(7) User=0.01s Sys=0.00s Real=0.01s
[2022-04-11T23:12:01.293-0700][gc,start    ] GC(8) Pause Young (Normal) (G1 Evacuation Pause)
[2022-04-11T23:12:01.294-0700][gc,task     ] GC(8) Using 8 workers of 8 for evacuation
[2022-04-11T23:12:01.296-0700][gc,phases   ] GC(8)   Pre Evacuate Collection Set: 0.2ms
[2022-04-11T23:12:01.296-0700][gc,phases   ] GC(8)   Merge Heap Roots: 0.1ms
[2022-04-11T23:12:01.296-0700][gc,phases   ] GC(8)   Evacuate Collection Set: 1.5ms
[2022-04-11T23:12:01.296-0700][gc,phases   ] GC(8)   Post Evacuate Collection Set: 0.3ms
[2022-04-11T23:12:01.296-0700][gc,phases   ] GC(8)   Other: 0.7ms
[2022-04-11T23:12:01.296-0700][gc,heap     ] GC(8) Eden regions: 24->0(24)
[2022-04-11T23:12:01.296-0700][gc,heap     ] GC(8) Survivor regions: 1->1(4)
[2022-04-11T23:12:01.296-0700][gc,heap     ] GC(8) Old regions: 8->8
[2022-04-11T23:12:01.296-0700][gc,heap     ] GC(8) Archive regions: 2->2
[2022-04-11T23:12:01.296-0700][gc,heap     ] GC(8) Humongous regions: 0->0
[2022-04-11T23:12:01.296-0700][gc,metaspace] GC(8) Metaspace: 8821K(9024K)->8821K(9024K) NonClass: 7899K(8000K)->7899K(8000K) Class: 921K(1024K)->921K(1024K)
[2022-04-11T23:12:01.296-0700][gc          ] GC(8) Pause Young (Normal) (G1 Evacuation Pause) 32M->8M(512M) 3.000ms
[2022-04-11T23:12:01.296-0700][gc,cpu      ] GC(8) User=0.00s Sys=0.01s Real=0.00s
[2022-04-11T23:39:32.406-0700][gc,start    ] GC(9) Pause Young (Normal) (G1 Evacuation Pause)
[2022-04-11T23:39:32.407-0700][gc,task     ] GC(9) Using 8 workers of 8 for evacuation
[2022-04-11T23:39:32.414-0700][gc,phases   ] GC(9)   Pre Evacuate Collection Set: 1.0ms
[2022-04-11T23:39:32.414-0700][gc,phases   ] GC(9)   Merge Heap Roots: 0.2ms
[2022-04-11T23:39:32.414-0700][gc,phases   ] GC(9)   Evacuate Collection Set: 5.2ms
[2022-04-11T23:39:32.414-0700][gc,phases   ] GC(9)   Post Evacuate Collection Set: 0.5ms
[2022-04-11T23:39:32.414-0700][gc,phases   ] GC(9)   Other: 1.0ms
[2022-04-11T23:39:32.414-0700][gc,heap     ] GC(9) Eden regions: 24->0(126)
[2022-04-11T23:39:32.414-0700][gc,heap     ] GC(9) Survivor regions: 1->1(4)
[2022-04-11T23:39:32.414-0700][gc,heap     ] GC(9) Old regions: 8->8
[2022-04-11T23:39:32.414-0700][gc,heap     ] GC(9) Archive regions: 2->2
[2022-04-11T23:39:32.414-0700][gc,heap     ] GC(9) Humongous regions: 0->0
[2022-04-11T23:39:32.414-0700][gc,metaspace] GC(9) Metaspace: 8821K(9024K)->8821K(9024K) NonClass: 7899K(8000K)->7899K(8000K) Class: 921K(1024K)->921K(1024K)
[2022-04-11T23:39:32.414-0700][gc          ] GC(9) Pause Young (Normal) (G1 Evacuation Pause) 32M->8M(512M) 7.813ms
[2022-04-11T23:39:32.414-0700][gc,cpu      ] GC(9) User=0.01s Sys=0.02s Real=0.01s
[2022-04-12T00:08:48.992-0700][gc,heap,exit] Heap
[2022-04-12T00:08:48.992-0700][gc,heap,exit]  garbage-first heap   total 524288K, used 35775K [0x00000007e0000000, 0x0000000800000000)
[2022-04-12T00:08:48.992-0700][gc,heap,exit]   region size 1024K, 28 young (28672K), 1 survivors (1024K)
[2022-04-12T00:08:48.992-0700][gc,heap,exit]  Metaspace       used 8824K, committed 9024K, reserved 1064960K
[2022-04-12T00:08:48.992-0700][gc,heap,exit]   class space    used 922K, committed 1024K, reserved 1048576K
