[2022-04-08T23:33:35.373-0700][gc] Using G1
[2022-04-08T23:33:35.377-0700][gc,init] Version: 17.0.2+8 (release)
[2022-04-08T23:33:35.377-0700][gc,init] CPUs: 8 total, 8 available
[2022-04-08T23:33:35.377-0700][gc,init] Memory: 16384M
[2022-04-08T23:33:35.377-0700][gc,init] Large Page Support: Disabled
[2022-04-08T23:33:35.377-0700][gc,init] NUMA Support: Disabled
[2022-04-08T23:33:35.377-0700][gc,init] Compressed Oops: Enabled (Zero based)
[2022-04-08T23:33:35.377-0700][gc,init] Heap Region Size: 1M
[2022-04-08T23:33:35.377-0700][gc,init] Heap Min Capacity: 512M
[2022-04-08T23:33:35.377-0700][gc,init] Heap Initial Capacity: 512M
[2022-04-08T23:33:35.377-0700][gc,init] Heap Max Capacity: 512M
[2022-04-08T23:33:35.377-0700][gc,init] Pre-touch: Disabled
[2022-04-08T23:33:35.377-0700][gc,init] Parallel Workers: 8
[2022-04-08T23:33:35.377-0700][gc,init] Concurrent Workers: 2
[2022-04-08T23:33:35.377-0700][gc,init] Concurrent Refinement Workers: 8
[2022-04-08T23:33:35.377-0700][gc,init] Periodic GC: Disabled
[2022-04-08T23:33:35.378-0700][gc,metaspace] CDS archive(s) mapped at: [0x0000000800000000-0x0000000800bd2000-0x0000000800bd2000), size 12394496, SharedBaseAddress: 0x0000000800000000, ArchiveRelocationMode: 0.
[2022-04-08T23:33:35.378-0700][gc,metaspace] Compressed class space mapped at: 0x0000000800c00000-0x0000000840c00000, reserved size: 1073741824
[2022-04-08T23:33:35.378-0700][gc,metaspace] Narrow klass base: 0x0000000800000000, Narrow klass shift: 0, Narrow klass range: 0x100000000
[2022-04-08T23:34:59.589-0700][gc,start    ] GC(0) Pause Young (Normal) (G1 Evacuation Pause)
[2022-04-08T23:34:59.590-0700][gc,task     ] GC(0) Using 8 workers of 8 for evacuation
[2022-04-08T23:34:59.604-0700][gc,phases   ] GC(0)   Pre Evacuate Collection Set: 0.2ms
[2022-04-08T23:34:59.604-0700][gc,phases   ] GC(0)   Merge Heap Roots: 0.5ms
[2022-04-08T23:34:59.604-0700][gc,phases   ] GC(0)   Evacuate Collection Set: 10.3ms
[2022-04-08T23:34:59.604-0700][gc,phases   ] GC(0)   Post Evacuate Collection Set: 1.4ms
[2022-04-08T23:34:59.605-0700][gc,phases   ] GC(0)   Other: 3.6ms
[2022-04-08T23:34:59.605-0700][gc,heap     ] GC(0) Eden regions: 25->0(21)
[2022-04-08T23:34:59.605-0700][gc,heap     ] GC(0) Survivor regions: 0->4(4)
[2022-04-08T23:34:59.605-0700][gc,heap     ] GC(0) Old regions: 0->4
[2022-04-08T23:34:59.605-0700][gc,heap     ] GC(0) Archive regions: 2->2
[2022-04-08T23:34:59.605-0700][gc,heap     ] GC(0) Humongous regions: 0->0
[2022-04-08T23:34:59.605-0700][gc,metaspace] GC(0) Metaspace: 7862K(8000K)->7862K(8000K) NonClass: 6969K(7040K)->6969K(7040K) Class: 893K(960K)->893K(960K)
[2022-04-08T23:34:59.606-0700][gc          ] GC(0) Pause Young (Normal) (G1 Evacuation Pause) 25M->8M(512M) 16.955ms
[2022-04-08T23:34:59.606-0700][gc,cpu      ] GC(0) User=0.02s Sys=0.02s Real=0.02s
[2022-04-09T09:39:50.131-0700][gc,start    ] GC(1) Pause Young (Normal) (G1 Evacuation Pause)
[2022-04-09T09:39:50.133-0700][gc,task     ] GC(1) Using 8 workers of 8 for evacuation
[2022-04-09T09:39:50.178-0700][gc,mmu      ] GC(1) MMU target violated: 21.0ms (20.0ms/21.0ms)
[2022-04-09T09:39:50.178-0700][gc,phases   ] GC(1)   Pre Evacuate Collection Set: 1.7ms
[2022-04-09T09:39:50.178-0700][gc,phases   ] GC(1)   Merge Heap Roots: 0.9ms
[2022-04-09T09:39:50.178-0700][gc,phases   ] GC(1)   Evacuate Collection Set: 36.6ms
[2022-04-09T09:39:50.178-0700][gc,phases   ] GC(1)   Post Evacuate Collection Set: 2.4ms
[2022-04-09T09:39:50.179-0700][gc,phases   ] GC(1)   Other: 11.7ms
[2022-04-09T09:39:50.179-0700][gc,heap     ] GC(1) Eden regions: 21->0(24)
[2022-04-09T09:39:50.179-0700][gc,heap     ] GC(1) Survivor regions: 4->1(4)
[2022-04-09T09:39:50.179-0700][gc,heap     ] GC(1) Old regions: 4->8
[2022-04-09T09:39:50.179-0700][gc,heap     ] GC(1) Archive regions: 2->2
[2022-04-09T09:39:50.179-0700][gc,heap     ] GC(1) Humongous regions: 0->0
[2022-04-09T09:39:50.179-0700][gc,metaspace] GC(1) Metaspace: 8795K(8960K)->8795K(8960K) NonClass: 7874K(7936K)->7874K(7936K) Class: 921K(1024K)->921K(1024K)
[2022-04-09T09:39:50.179-0700][gc          ] GC(1) Pause Young (Normal) (G1 Evacuation Pause) 29M->8M(512M) 49.101ms
[2022-04-09T09:39:50.179-0700][gc,cpu      ] GC(1) User=0.03s Sys=0.11s Real=0.04s
[2022-04-09T13:42:14.598-0700][gc,start    ] GC(2) Pause Young (Normal) (G1 Evacuation Pause)
[2022-04-09T13:42:14.603-0700][gc,task     ] GC(2) Using 8 workers of 8 for evacuation
[2022-04-09T13:42:14.608-0700][gc,phases   ] GC(2)   Pre Evacuate Collection Set: 0.6ms
[2022-04-09T13:42:14.608-0700][gc,phases   ] GC(2)   Merge Heap Roots: 0.1ms
[2022-04-09T13:42:14.608-0700][gc,phases   ] GC(2)   Evacuate Collection Set: 3.1ms
[2022-04-09T13:42:14.608-0700][gc,phases   ] GC(2)   Post Evacuate Collection Set: 0.4ms
[2022-04-09T13:42:14.608-0700][gc,phases   ] GC(2)   Other: 5.7ms
[2022-04-09T13:42:14.608-0700][gc,heap     ] GC(2) Eden regions: 24->0(24)
[2022-04-09T13:42:14.608-0700][gc,heap     ] GC(2) Survivor regions: 1->1(4)
[2022-04-09T13:42:14.608-0700][gc,heap     ] GC(2) Old regions: 8->8
[2022-04-09T13:42:14.608-0700][gc,heap     ] GC(2) Archive regions: 2->2
[2022-04-09T13:42:14.608-0700][gc,heap     ] GC(2) Humongous regions: 0->0
[2022-04-09T13:42:14.608-0700][gc,metaspace] GC(2) Metaspace: 8799K(8960K)->8799K(8960K) NonClass: 7878K(7936K)->7878K(7936K) Class: 921K(1024K)->921K(1024K)
[2022-04-09T13:42:14.608-0700][gc          ] GC(2) Pause Young (Normal) (G1 Evacuation Pause) 32M->8M(512M) 10.062ms
[2022-04-09T13:42:14.608-0700][gc,cpu      ] GC(2) User=0.01s Sys=0.02s Real=0.01s
[2022-04-09T14:53:07.059-0700][gc,start    ] GC(3) Pause Young (Normal) (G1 Evacuation Pause)
[2022-04-09T14:53:07.064-0700][gc,task     ] GC(3) Using 8 workers of 8 for evacuation
[2022-04-09T14:53:07.067-0700][gc,phases   ] GC(3)   Pre Evacuate Collection Set: 0.2ms
[2022-04-09T14:53:07.067-0700][gc,phases   ] GC(3)   Merge Heap Roots: 0.1ms
[2022-04-09T14:53:07.067-0700][gc,phases   ] GC(3)   Evacuate Collection Set: 1.7ms
[2022-04-09T14:53:07.067-0700][gc,phases   ] GC(3)   Post Evacuate Collection Set: 0.4ms
[2022-04-09T14:53:07.067-0700][gc,phases   ] GC(3)   Other: 5.6ms
[2022-04-09T14:53:07.067-0700][gc,heap     ] GC(3) Eden regions: 24->0(24)
[2022-04-09T14:53:07.067-0700][gc,heap     ] GC(3) Survivor regions: 1->1(4)
[2022-04-09T14:53:07.067-0700][gc,heap     ] GC(3) Old regions: 8->8
[2022-04-09T14:53:07.067-0700][gc,heap     ] GC(3) Archive regions: 2->2
[2022-04-09T14:53:07.067-0700][gc,heap     ] GC(3) Humongous regions: 0->0
[2022-04-09T14:53:07.067-0700][gc,metaspace] GC(3) Metaspace: 8801K(8960K)->8801K(8960K) NonClass: 7880K(7936K)->7880K(7936K) Class: 921K(1024K)->921K(1024K)
[2022-04-09T14:53:07.067-0700][gc          ] GC(3) Pause Young (Normal) (G1 Evacuation Pause) 32M->8M(512M) 8.267ms
[2022-04-09T14:53:07.067-0700][gc,cpu      ] GC(3) User=0.00s Sys=0.01s Real=0.01s
[2022-04-09T16:06:15.920-0700][gc,start    ] GC(4) Pause Young (Normal) (G1 Evacuation Pause)
[2022-04-09T16:06:15.921-0700][gc,task     ] GC(4) Using 8 workers of 8 for evacuation
[2022-04-09T16:06:15.935-0700][gc,phases   ] GC(4)   Pre Evacuate Collection Set: 0.6ms
[2022-04-09T16:06:15.935-0700][gc,phases   ] GC(4)   Merge Heap Roots: 0.1ms
[2022-04-09T16:06:15.936-0700][gc,phases   ] GC(4)   Evacuate Collection Set: 12.5ms
[2022-04-09T16:06:15.936-0700][gc,phases   ] GC(4)   Post Evacuate Collection Set: 0.7ms
[2022-04-09T16:06:15.936-0700][gc,phases   ] GC(4)   Other: 1.1ms
[2022-04-09T16:06:15.936-0700][gc,heap     ] GC(4) Eden regions: 24->0(24)
[2022-04-09T16:06:15.936-0700][gc,heap     ] GC(4) Survivor regions: 1->1(4)
[2022-04-09T16:06:15.936-0700][gc,heap     ] GC(4) Old regions: 8->8
[2022-04-09T16:06:15.936-0700][gc,heap     ] GC(4) Archive regions: 2->2
[2022-04-09T16:06:15.936-0700][gc,heap     ] GC(4) Humongous regions: 0->0
[2022-04-09T16:06:15.936-0700][gc,metaspace] GC(4) Metaspace: 8801K(8960K)->8801K(8960K) NonClass: 7880K(7936K)->7880K(7936K) Class: 921K(1024K)->921K(1024K)
[2022-04-09T16:06:15.936-0700][gc          ] GC(4) Pause Young (Normal) (G1 Evacuation Pause) 32M->8M(512M) 15.163ms
[2022-04-09T16:06:15.936-0700][gc,cpu      ] GC(4) User=0.01s Sys=0.06s Real=0.01s
[2022-04-09T16:15:30.386-0700][gc,heap,exit] Heap
[2022-04-09T16:15:30.387-0700][gc,heap,exit]  garbage-first heap   total 524288K, used 14860K [0x00000007e0000000, 0x0000000800000000)
[2022-04-09T16:15:30.387-0700][gc,heap,exit]   region size 1024K, 7 young (7168K), 1 survivors (1024K)
[2022-04-09T16:15:30.387-0700][gc,heap,exit]  Metaspace       used 8804K, committed 8960K, reserved 1064960K
[2022-04-09T16:15:30.387-0700][gc,heap,exit]   class space    used 922K, committed 1024K, reserved 1048576K
