[2022-04-09T16:15:34.995-0700][gc] Using G1
[2022-04-09T16:15:34.999-0700][gc,init] Version: 17.0.2+8 (release)
[2022-04-09T16:15:34.999-0700][gc,init] CPUs: 8 total, 8 available
[2022-04-09T16:15:34.999-0700][gc,init] Memory: 16384M
[2022-04-09T16:15:34.999-0700][gc,init] Large Page Support: Disabled
[2022-04-09T16:15:34.999-0700][gc,init] NUMA Support: Disabled
[2022-04-09T16:15:34.999-0700][gc,init] Compressed Oops: Enabled (Zero based)
[2022-04-09T16:15:34.999-0700][gc,init] Heap Region Size: 1M
[2022-04-09T16:15:34.999-0700][gc,init] Heap Min Capacity: 512M
[2022-04-09T16:15:34.999-0700][gc,init] Heap Initial Capacity: 512M
[2022-04-09T16:15:34.999-0700][gc,init] Heap Max Capacity: 512M
[2022-04-09T16:15:34.999-0700][gc,init] Pre-touch: Disabled
[2022-04-09T16:15:34.999-0700][gc,init] Parallel Workers: 8
[2022-04-09T16:15:34.999-0700][gc,init] Concurrent Workers: 2
[2022-04-09T16:15:34.999-0700][gc,init] Concurrent Refinement Workers: 8
[2022-04-09T16:15:34.999-0700][gc,init] Periodic GC: Disabled
[2022-04-09T16:15:35.000-0700][gc,metaspace] CDS archive(s) mapped at: [0x0000000800000000-0x0000000800bd2000-0x0000000800bd2000), size 12394496, SharedBaseAddress: 0x0000000800000000, ArchiveRelocationMode: 0.
[2022-04-09T16:15:35.000-0700][gc,metaspace] Compressed class space mapped at: 0x0000000800c00000-0x0000000840c00000, reserved size: 1073741824
[2022-04-09T16:15:35.000-0700][gc,metaspace] Narrow klass base: 0x0000000800000000, Narrow klass shift: 0, Narrow klass range: 0x100000000
[2022-04-09T16:15:40.794-0700][gc,start    ] GC(0) Pause Young (Normal) (G1 Evacuation Pause)
[2022-04-09T16:15:40.794-0700][gc,task     ] GC(0) Using 8 workers of 8 for evacuation
[2022-04-09T16:15:40.799-0700][gc,phases   ] GC(0)   Pre Evacuate Collection Set: 0.1ms
[2022-04-09T16:15:40.799-0700][gc,phases   ] GC(0)   Merge Heap Roots: 0.0ms
[2022-04-09T16:15:40.799-0700][gc,phases   ] GC(0)   Evacuate Collection Set: 4.0ms
[2022-04-09T16:15:40.799-0700][gc,phases   ] GC(0)   Post Evacuate Collection Set: 0.5ms
[2022-04-09T16:15:40.799-0700][gc,phases   ] GC(0)   Other: 0.6ms
[2022-04-09T16:15:40.799-0700][gc,heap     ] GC(0) Eden regions: 25->0(21)
[2022-04-09T16:15:40.799-0700][gc,heap     ] GC(0) Survivor regions: 0->4(4)
[2022-04-09T16:15:40.799-0700][gc,heap     ] GC(0) Old regions: 0->4
[2022-04-09T16:15:40.799-0700][gc,heap     ] GC(0) Archive regions: 2->2
[2022-04-09T16:15:40.799-0700][gc,heap     ] GC(0) Humongous regions: 0->0
[2022-04-09T16:15:40.799-0700][gc,metaspace] GC(0) Metaspace: 7498K(7680K)->7498K(7680K) NonClass: 6681K(6784K)->6681K(6784K) Class: 817K(896K)->817K(896K)
[2022-04-09T16:15:40.799-0700][gc          ] GC(0) Pause Young (Normal) (G1 Evacuation Pause) 25M->8M(512M) 5.298ms
[2022-04-09T16:15:40.799-0700][gc,cpu      ] GC(0) User=0.02s Sys=0.01s Real=0.00s
[2022-04-09T16:16:11.634-0700][gc,start    ] GC(1) Pause Young (Normal) (G1 Evacuation Pause)
[2022-04-09T16:16:11.634-0700][gc,task     ] GC(1) Using 8 workers of 8 for evacuation
[2022-04-09T16:16:11.637-0700][gc,phases   ] GC(1)   Pre Evacuate Collection Set: 0.1ms
[2022-04-09T16:16:11.637-0700][gc,phases   ] GC(1)   Merge Heap Roots: 0.0ms
[2022-04-09T16:16:11.637-0700][gc,phases   ] GC(1)   Evacuate Collection Set: 2.7ms
[2022-04-09T16:16:11.637-0700][gc,phases   ] GC(1)   Post Evacuate Collection Set: 0.3ms
[2022-04-09T16:16:11.637-0700][gc,phases   ] GC(1)   Other: 0.1ms
[2022-04-09T16:16:11.637-0700][gc,heap     ] GC(1) Eden regions: 21->0(24)
[2022-04-09T16:16:11.637-0700][gc,heap     ] GC(1) Survivor regions: 4->1(4)
[2022-04-09T16:16:11.637-0700][gc,heap     ] GC(1) Old regions: 4->8
[2022-04-09T16:16:11.637-0700][gc,heap     ] GC(1) Archive regions: 2->2
[2022-04-09T16:16:11.637-0700][gc,heap     ] GC(1) Humongous regions: 0->0
[2022-04-09T16:16:11.637-0700][gc,metaspace] GC(1) Metaspace: 8115K(8256K)->8115K(8256K) NonClass: 7217K(7296K)->7217K(7296K) Class: 897K(960K)->897K(960K)
[2022-04-09T16:16:11.637-0700][gc          ] GC(1) Pause Young (Normal) (G1 Evacuation Pause) 29M->8M(512M) 3.463ms
[2022-04-09T16:16:11.637-0700][gc,cpu      ] GC(1) User=0.01s Sys=0.00s Real=0.00s
[2022-04-09T17:20:29.819-0700][gc,start    ] GC(2) Pause Young (Normal) (G1 Evacuation Pause)
[2022-04-09T17:20:29.821-0700][gc,task     ] GC(2) Using 8 workers of 8 for evacuation
[2022-04-09T17:20:29.825-0700][gc,phases   ] GC(2)   Pre Evacuate Collection Set: 0.9ms
[2022-04-09T17:20:29.825-0700][gc,phases   ] GC(2)   Merge Heap Roots: 0.1ms
[2022-04-09T17:20:29.825-0700][gc,phases   ] GC(2)   Evacuate Collection Set: 3.2ms
[2022-04-09T17:20:29.825-0700][gc,phases   ] GC(2)   Post Evacuate Collection Set: 0.4ms
[2022-04-09T17:20:29.825-0700][gc,phases   ] GC(2)   Other: 1.7ms
[2022-04-09T17:20:29.825-0700][gc,heap     ] GC(2) Eden regions: 24->0(24)
[2022-04-09T17:20:29.825-0700][gc,heap     ] GC(2) Survivor regions: 1->1(4)
[2022-04-09T17:20:29.825-0700][gc,heap     ] GC(2) Old regions: 8->8
[2022-04-09T17:20:29.825-0700][gc,heap     ] GC(2) Archive regions: 2->2
[2022-04-09T17:20:29.826-0700][gc,heap     ] GC(2) Humongous regions: 0->0
[2022-04-09T17:20:29.826-0700][gc,metaspace] GC(2) Metaspace: 8750K(8896K)->8750K(8896K) NonClass: 7832K(7872K)->7832K(7872K) Class: 918K(1024K)->918K(1024K)
[2022-04-09T17:20:29.826-0700][gc          ] GC(2) Pause Young (Normal) (G1 Evacuation Pause) 32M->8M(512M) 6.391ms
[2022-04-09T17:20:29.826-0700][gc,cpu      ] GC(2) User=0.01s Sys=0.01s Real=0.01s
[2022-04-10T00:47:54.784-0700][gc,start    ] GC(3) Pause Young (Normal) (G1 Evacuation Pause)
[2022-04-10T00:47:54.785-0700][gc,task     ] GC(3) Using 8 workers of 8 for evacuation
[2022-04-10T00:47:54.789-0700][gc,phases   ] GC(3)   Pre Evacuate Collection Set: 0.1ms
[2022-04-10T00:47:54.789-0700][gc,phases   ] GC(3)   Merge Heap Roots: 0.1ms
[2022-04-10T00:47:54.789-0700][gc,phases   ] GC(3)   Evacuate Collection Set: 3.1ms
[2022-04-10T00:47:54.789-0700][gc,phases   ] GC(3)   Post Evacuate Collection Set: 0.5ms
[2022-04-10T00:47:54.789-0700][gc,phases   ] GC(3)   Other: 0.7ms
[2022-04-10T00:47:54.789-0700][gc,heap     ] GC(3) Eden regions: 24->0(24)
[2022-04-10T00:47:54.789-0700][gc,heap     ] GC(3) Survivor regions: 1->1(4)
[2022-04-10T00:47:54.789-0700][gc,heap     ] GC(3) Old regions: 8->8
[2022-04-10T00:47:54.789-0700][gc,heap     ] GC(3) Archive regions: 2->2
[2022-04-10T00:47:54.789-0700][gc,heap     ] GC(3) Humongous regions: 0->0
[2022-04-10T00:47:54.789-0700][gc,metaspace] GC(3) Metaspace: 8765K(8960K)->8765K(8960K) NonClass: 7846K(7936K)->7846K(7936K) Class: 919K(1024K)->919K(1024K)
[2022-04-10T00:47:54.789-0700][gc          ] GC(3) Pause Young (Normal) (G1 Evacuation Pause) 32M->8M(512M) 4.795ms
[2022-04-10T00:47:54.789-0700][gc,cpu      ] GC(3) User=0.00s Sys=0.02s Real=0.00s
[2022-04-10T15:21:43.413-0700][gc,heap,exit] Heap
[2022-04-10T15:21:43.415-0700][gc,heap,exit]  garbage-first heap   total 524288K, used 32442K [0x00000007e0000000, 0x0000000800000000)
[2022-04-10T15:21:43.415-0700][gc,heap,exit]   region size 1024K, 24 young (24576K), 1 survivors (1024K)
[2022-04-10T15:21:43.415-0700][gc,heap,exit]  Metaspace       used 8836K, committed 9024K, reserved 1064960K
[2022-04-10T15:21:43.415-0700][gc,heap,exit]   class space    used 924K, committed 1024K, reserved 1048576K
