[2022-04-12T00:08:51.342-0700][gc] Using G1
[2022-04-12T00:08:51.346-0700][gc,init] Version: 17.0.2+8 (release)
[2022-04-12T00:08:51.346-0700][gc,init] CPUs: 8 total, 8 available
[2022-04-12T00:08:51.346-0700][gc,init] Memory: 16384M
[2022-04-12T00:08:51.346-0700][gc,init] Large Page Support: Disabled
[2022-04-12T00:08:51.346-0700][gc,init] NUMA Support: Disabled
[2022-04-12T00:08:51.346-0700][gc,init] Compressed Oops: Enabled (Zero based)
[2022-04-12T00:08:51.346-0700][gc,init] Heap Region Size: 1M
[2022-04-12T00:08:51.346-0700][gc,init] Heap Min Capacity: 512M
[2022-04-12T00:08:51.346-0700][gc,init] Heap Initial Capacity: 512M
[2022-04-12T00:08:51.346-0700][gc,init] Heap Max Capacity: 512M
[2022-04-12T00:08:51.346-0700][gc,init] Pre-touch: Disabled
[2022-04-12T00:08:51.346-0700][gc,init] Parallel Workers: 8
[2022-04-12T00:08:51.346-0700][gc,init] Concurrent Workers: 2
[2022-04-12T00:08:51.346-0700][gc,init] Concurrent Refinement Workers: 8
[2022-04-12T00:08:51.346-0700][gc,init] Periodic GC: Disabled
[2022-04-12T00:08:51.347-0700][gc,metaspace] CDS archive(s) mapped at: [0x0000000800000000-0x0000000800bd2000-0x0000000800bd2000), size 12394496, SharedBaseAddress: 0x0000000800000000, ArchiveRelocationMode: 0.
[2022-04-12T00:08:51.347-0700][gc,metaspace] Compressed class space mapped at: 0x0000000800c00000-0x0000000840c00000, reserved size: 1073741824
[2022-04-12T00:08:51.347-0700][gc,metaspace] Narrow klass base: 0x0000000800000000, Narrow klass shift: 0, Narrow klass range: 0x100000000
[2022-04-12T00:08:57.323-0700][gc,start    ] GC(0) Pause Young (Normal) (G1 Evacuation Pause)
[2022-04-12T00:08:57.323-0700][gc,task     ] GC(0) Using 8 workers of 8 for evacuation
[2022-04-12T00:08:57.327-0700][gc,phases   ] GC(0)   Pre Evacuate Collection Set: 0.1ms
[2022-04-12T00:08:57.327-0700][gc,phases   ] GC(0)   Merge Heap Roots: 0.1ms
[2022-04-12T00:08:57.327-0700][gc,phases   ] GC(0)   Evacuate Collection Set: 3.4ms
[2022-04-12T00:08:57.327-0700][gc,phases   ] GC(0)   Post Evacuate Collection Set: 0.4ms
[2022-04-12T00:08:57.327-0700][gc,phases   ] GC(0)   Other: 0.6ms
[2022-04-12T00:08:57.327-0700][gc,heap     ] GC(0) Eden regions: 25->0(21)
[2022-04-12T00:08:57.327-0700][gc,heap     ] GC(0) Survivor regions: 0->4(4)
[2022-04-12T00:08:57.327-0700][gc,heap     ] GC(0) Old regions: 0->4
[2022-04-12T00:08:57.327-0700][gc,heap     ] GC(0) Archive regions: 2->2
[2022-04-12T00:08:57.328-0700][gc,heap     ] GC(0) Humongous regions: 0->0
[2022-04-12T00:08:57.328-0700][gc,metaspace] GC(0) Metaspace: 7496K(7680K)->7496K(7680K) NonClass: 6679K(6784K)->6679K(6784K) Class: 816K(896K)->816K(896K)
[2022-04-12T00:08:57.328-0700][gc          ] GC(0) Pause Young (Normal) (G1 Evacuation Pause) 25M->8M(512M) 4.675ms
[2022-04-12T00:08:57.328-0700][gc,cpu      ] GC(0) User=0.02s Sys=0.00s Real=0.00s
[2022-04-12T00:08:57.375-0700][gc,start    ] GC(1) Pause Young (Normal) (G1 Evacuation Pause)
[2022-04-12T00:08:57.375-0700][gc,task     ] GC(1) Using 8 workers of 8 for evacuation
[2022-04-12T00:08:57.378-0700][gc,phases   ] GC(1)   Pre Evacuate Collection Set: 0.1ms
[2022-04-12T00:08:57.378-0700][gc,phases   ] GC(1)   Merge Heap Roots: 0.1ms
[2022-04-12T00:08:57.378-0700][gc,phases   ] GC(1)   Evacuate Collection Set: 2.4ms
[2022-04-12T00:08:57.378-0700][gc,phases   ] GC(1)   Post Evacuate Collection Set: 0.3ms
[2022-04-12T00:08:57.378-0700][gc,phases   ] GC(1)   Other: 0.1ms
[2022-04-12T00:08:57.378-0700][gc,heap     ] GC(1) Eden regions: 21->0(24)
[2022-04-12T00:08:57.378-0700][gc,heap     ] GC(1) Survivor regions: 4->1(4)
[2022-04-12T00:08:57.378-0700][gc,heap     ] GC(1) Old regions: 4->8
[2022-04-12T00:08:57.378-0700][gc,heap     ] GC(1) Archive regions: 2->2
[2022-04-12T00:08:57.378-0700][gc,heap     ] GC(1) Humongous regions: 0->0
[2022-04-12T00:08:57.378-0700][gc,metaspace] GC(1) Metaspace: 7505K(7680K)->7505K(7680K) NonClass: 6688K(6784K)->6688K(6784K) Class: 816K(896K)->816K(896K)
[2022-04-12T00:08:57.378-0700][gc          ] GC(1) Pause Young (Normal) (G1 Evacuation Pause) 29M->8M(512M) 3.174ms
[2022-04-12T00:08:57.378-0700][gc,cpu      ] GC(1) User=0.01s Sys=0.00s Real=0.00s
[2022-04-12T00:08:57.437-0700][gc,start    ] GC(2) Pause Young (Normal) (G1 Evacuation Pause)
[2022-04-12T00:08:57.437-0700][gc,task     ] GC(2) Using 8 workers of 8 for evacuation
[2022-04-12T00:08:57.438-0700][gc,phases   ] GC(2)   Pre Evacuate Collection Set: 0.1ms
[2022-04-12T00:08:57.438-0700][gc,phases   ] GC(2)   Merge Heap Roots: 0.0ms
[2022-04-12T00:08:57.438-0700][gc,phases   ] GC(2)   Evacuate Collection Set: 0.3ms
[2022-04-12T00:08:57.438-0700][gc,phases   ] GC(2)   Post Evacuate Collection Set: 0.1ms
[2022-04-12T00:08:57.438-0700][gc,phases   ] GC(2)   Other: 0.1ms
[2022-04-12T00:08:57.438-0700][gc,heap     ] GC(2) Eden regions: 24->0(24)
[2022-04-12T00:08:57.438-0700][gc,heap     ] GC(2) Survivor regions: 1->1(4)
[2022-04-12T00:08:57.438-0700][gc,heap     ] GC(2) Old regions: 8->8
[2022-04-12T00:08:57.438-0700][gc,heap     ] GC(2) Archive regions: 2->2
[2022-04-12T00:08:57.438-0700][gc,heap     ] GC(2) Humongous regions: 0->0
[2022-04-12T00:08:57.438-0700][gc,metaspace] GC(2) Metaspace: 7508K(7680K)->7508K(7680K) NonClass: 6691K(6784K)->6691K(6784K) Class: 817K(896K)->817K(896K)
[2022-04-12T00:08:57.438-0700][gc          ] GC(2) Pause Young (Normal) (G1 Evacuation Pause) 32M->8M(512M) 0.773ms
[2022-04-12T00:08:57.438-0700][gc,cpu      ] GC(2) User=0.00s Sys=0.00s Real=0.00s
[2022-04-12T08:38:55.884-0700][gc,heap,exit] Heap
[2022-04-12T08:38:55.884-0700][gc,heap,exit]  garbage-first heap   total 524288K, used 21550K [0x00000007e0000000, 0x0000000800000000)
[2022-04-12T08:38:55.885-0700][gc,heap,exit]   region size 1024K, 14 young (14336K), 1 survivors (1024K)
[2022-04-12T08:38:55.885-0700][gc,heap,exit]  Metaspace       used 8700K, committed 8896K, reserved 1064960K
[2022-04-12T08:38:55.885-0700][gc,heap,exit]   class space    used 917K, committed 1024K, reserved 1048576K
