[2022-04-08T21:34:47.115-0700][gc] Using G1
[2022-04-08T21:34:47.118-0700][gc,init] Version: 17.0.2+8 (release)
[2022-04-08T21:34:47.118-0700][gc,init] CPUs: 8 total, 8 available
[2022-04-08T21:34:47.118-0700][gc,init] Memory: 16384M
[2022-04-08T21:34:47.118-0700][gc,init] Large Page Support: Disabled
[2022-04-08T21:34:47.118-0700][gc,init] NUMA Support: Disabled
[2022-04-08T21:34:47.118-0700][gc,init] Compressed Oops: Enabled (Zero based)
[2022-04-08T21:34:47.118-0700][gc,init] Heap Region Size: 1M
[2022-04-08T21:34:47.118-0700][gc,init] Heap Min Capacity: 512M
[2022-04-08T21:34:47.118-0700][gc,init] Heap Initial Capacity: 512M
[2022-04-08T21:34:47.119-0700][gc,init] Heap Max Capacity: 512M
[2022-04-08T21:34:47.119-0700][gc,init] Pre-touch: Disabled
[2022-04-08T21:34:47.119-0700][gc,init] Parallel Workers: 8
[2022-04-08T21:34:47.119-0700][gc,init] Concurrent Workers: 2
[2022-04-08T21:34:47.119-0700][gc,init] Concurrent Refinement Workers: 8
[2022-04-08T21:34:47.119-0700][gc,init] Periodic GC: Disabled
[2022-04-08T21:34:47.119-0700][gc,metaspace] CDS archive(s) mapped at: [0x0000000800000000-0x0000000800bd2000-0x0000000800bd2000), size 12394496, SharedBaseAddress: 0x0000000800000000, ArchiveRelocationMode: 0.
[2022-04-08T21:34:47.119-0700][gc,metaspace] Compressed class space mapped at: 0x0000000800c00000-0x0000000840c00000, reserved size: 1073741824
[2022-04-08T21:34:47.119-0700][gc,metaspace] Narrow klass base: 0x0000000800000000, Narrow klass shift: 0, Narrow klass range: 0x100000000
[2022-04-08T21:34:53.184-0700][gc,heap,exit] Heap
[2022-04-08T21:34:53.184-0700][gc,heap,exit]  garbage-first heap   total 524288K, used 18388K [0x00000007e0000000, 0x0000000800000000)
[2022-04-08T21:34:53.184-0700][gc,heap,exit]   region size 1024K, 17 young (17408K), 0 survivors (0K)
[2022-04-08T21:34:53.184-0700][gc,heap,exit]  Metaspace       used 6766K, committed 6912K, reserved 1056768K
[2022-04-08T21:34:53.184-0700][gc,heap,exit]   class space    used 763K, committed 832K, reserved 1048576K
